HI-TECH Software C Compiler 

Linker command line:

--edf=C:\Program Files\HI-TECH Software\PICC\9.83\dat\en_msgs.txt -cs \
  -h+Assignment3_AldnoahZero.sym -z -Q16F877A -ol.obj \
  -MAssignment3_AldnoahZero.map -E1 -ACONST=00h-0FFhx32 -ACODE=00h-07FFhx4 \
  -ASTRCODE=00h-01FFFh -AENTRY=00h-0FFhx32 -ASTRING=00h-0FFhx32 \
  -ABANK0=020h-06Fh -ABANK1=0A0h-0EFh -ABANK2=0110h-016Fh \
  -ABANK3=0190h-01EFh -ARAM=020h-06Fh,0A0h-0EFh,0110h-016Fh,0190h-01EFh \
  -AABS1=020h-07Fh,0A0h-0EFh,0110h-016Fh,0190h-01EFh -ACOMMON=070h-07Fh \
  -ASFR0=00h-01Fh -ASFR1=080h-09Fh -ASFR2=0100h-010Fh -ASFR3=0180h-018Fh \
  -preset_vec=00h,intentry=04h,init,end_init -ppowerup=CODE -pfunctab=CODE \
  -ACONFIG=02007h-02007h -pconfig=CONFIG -DCONFIG=2 -AIDLOC=02000h-02003h \
  -pidloc=IDLOC -DIDLOC=2 -AEEDATA=00h-0FFh/02100h -peeprom_data=EEDATA \
  -DEEDATA=2 -DCODE=2 -DSTRCODE=2 -DSTRING=2 -DCONST=2 -DENTRY=2 -k \
  startup.obj Assignment3_AldnoahZero.obj 

Object code version is 3.10

Machine type is 16F877A



                Name                               Link     Load   Length Selector   Space Scale
startup.obj     end_init                             12       12        3        8       0
                reset_vec                             0        0        3        0       0
Assignment3_AldnoahZero.obj
                intentry                              4        4        E        8       0
                config                             2007     2007        1     400E       0
                text601                             F1B      F1B       27     1E36       0
                text600                             4D6      4D6       7C        8       0
                text599                             772      772       4E      CC0       0
                text598                             5B8      5B8       44        8       0
                text597                             552      552       66        8       0
                text596                             FBF      FBF       41     1F7E       0
                text595                             E61      E61       13     1CC2       0
                text594                             7C0      7C0       32      CC0       0
                text593                              15       15      224        8       0
                text592                             239      239       FE        8       0
                text591                             E87      E87       14     1D0E       0
                text590                             E58      E58        9     1CB0       0
                text589                             F6A      F6A       2A     1ED4       0
                text588                             E9B      E9B       14     1D36       0
                text587                             71D      71D       55      CC0       0
                text586                             41F      41F       B7        8       0
                text585                             337      337       E8        8       0
                text584                             F42      F42       28     1E84       0
                text583                             660      660       60      CC0       0
                text582                             EAF      EAF       14     1D5E       0
                text581                             EDB      EDB       1C     1DB6       0
                text580                             F94      F94       2B     1F28       0
                text579                             EC3      EC3       18     1D86       0
                maintext                            6C0      6C0       5D      CC0       0
                cstackBANK0                          20       20       2A       20       1
                cstackCOMMON                         70       70        E       70       1
                cstackBANK1                          D0       D0        3       A0       1
                inittext                            E74      E74       13     1CE8       0
                clrtext                             E50      E50        8     1CA0       0
                bssBANK1                             A0       A0       30       A0       1
                dataBANK0                            60       60        B       20       1
                bssBANK0                             4A       4A       14       20       1
                bitbssBANK0                         2F0       5E        F       20       1     8
                cinit                               EF7      EF7       24     1DEE       0
                strings                             600      600       60      C00       0
                idataBANK0                          7F2      7F2        B      CC0       0

TOTAL           Name                               Link     Load   Length     Space
        CLASS   CONST          

        CLASS   CODE           
                end_init                             12       12        3         0
                intentry                              4        4        E         0
                reset_vec                             0        0        3         0
                text601                             F1B      F1B       27         0
                text600                             4D6      4D6       7C         0
                text599                             772      772       4E         0
                text598                             5B8      5B8       44         0
                text597                             552      552       66         0
                text596                             FBF      FBF       41         0
                text595                             E61      E61       13         0
                text594                             7C0      7C0       32         0
                text593                              15       15      224         0
                text592                             239      239       FE         0
                text591                             E87      E87       14         0
                text590                             E58      E58        9         0
                text589                             F6A      F6A       2A         0
                text588                             E9B      E9B       14         0
                text587                             71D      71D       55         0
                text586                             41F      41F       B7         0
                text585                             337      337       E8         0
                text584                             F42      F42       28         0
                text583                             660      660       60         0
                text582                             EAF      EAF       14         0
                text581                             EDB      EDB       1C         0
                text580                             F94      F94       2B         0
                text579                             EC3      EC3       18         0
                maintext                            6C0      6C0       5D         0
                inittext                            E74      E74       13         0
                clrtext                             E50      E50        8         0
                cinit                               EF7      EF7       24         0
                idataBANK0                          7F2      7F2        B         0

        CLASS   STRCODE        

        CLASS   ENTRY          

        CLASS   STRING         
                strings                             600      600       60         0

        CLASS   BANK0          
                cstackBANK0                          20       20       2A         1
                dataBANK0                            60       60        B         1
                bssBANK0                             4A       4A       14         1
                bitbssBANK0                         2F0       5E        F         1

        CLASS   BANK1          
                cstackBANK1                          D0       D0        3         1
                bssBANK1                             A0       A0       30         1

        CLASS   BANK2          

        CLASS   BANK3          

        CLASS   RAM            

        CLASS   ABS1           
                abs_s1                               7E       7E        2         1

        CLASS   COMMON         
                cstackCOMMON                         70       70        E         1

        CLASS   SFR0           

        CLASS   SFR1           

        CLASS   SFR2           

        CLASS   SFR3           

        CLASS   CONFIG         
                config                             2007     2007        1         0

        CLASS   IDLOC          

        CLASS   EEDATA         



SEGMENTS        Name                           Load    Length   Top    Selector   Space  Class     Delta

                reset_vec                      000000  000003  000003         0       0  CODE        2
                intentry                       000004  0005F8  0005FC         8       0  CODE        2
                cstackBANK0                    000020  00004B  00006B        20       1  BANK0       1
                cstackCOMMON                   000070  00000E  00007E        70       1  COMMON      1
                bssBANK1                       0000A0  000033  0000D3        A0       1  BANK1       1
                strings                        000600  000060  000660       C00       0  STRING      2
                text583                        000660  00019D  0007FD       CC0       0  CODE        2
                clrtext                        000E50  000008  000E58      1CA0       0  CODE        2
                text590                        000E58  000009  000E61      1CB0       0  CODE        2
                text595                        000E61  000013  000E74      1CC2       0  CODE        2
                inittext                       000E74  000013  000E87      1CE8       0  CODE        2
                text591                        000E87  000014  000E9B      1D0E       0  CODE        2
                text588                        000E9B  000014  000EAF      1D36       0  CODE        2
                text582                        000EAF  000014  000EC3      1D5E       0  CODE        2
                text579                        000EC3  000018  000EDB      1D86       0  CODE        2
                text581                        000EDB  00001C  000EF7      1DB6       0  CODE        2
                cinit                          000EF7  000024  000F1B      1DEE       0  CODE        2
                text601                        000F1B  000027  000F42      1E36       0  CODE        2
                text584                        000F42  000028  000F6A      1E84       0  CODE        2
                text589                        000F6A  00002A  000F94      1ED4       0  CODE        2
                text580                        000F94  00002B  000FBF      1F28       0  CODE        2
                text596                        000FBF  000041  001000      1F7E       0  CODE        2
                config                         002007  000001  002008      400E       0  CONFIG      2


UNUSED ADDRESS RANGES

        Name                Unused          Largest block    Delta
        BANK0            006B-006F              5           1
        BANK1            00D3-00EF             1D           1
        BANK2            0110-016F             60           1
        BANK3            0190-01EF             60           1
        CODE             0003-0003              1           2
                         05FC-05FF              4
                         07FD-0E4F              3
                         1000-1FFF            800
        CONST            0003-0003              1           2
                         05FC-05FF              4
                         07FD-0E4F            100
                         1000-1FFF            100
        EEDATA           2100-21FF            100           2
        ENTRY            0003-0003              1           2
                         05FC-05FF              4
                         07FD-0E4F            100
                         1000-1FFF            100
        IDLOC            2000-2003              4           2
        RAM              006B-006F              5           1
                         00D3-00EF             1D
                         0110-016F             60
                         0190-01EF             60
        SFR0             0000-001F             20           1
        SFR1             0080-009F             20           1
        SFR2             0100-010F             10           1
        SFR3             0180-018F             10           1
        STRCODE          0003-0003              1           2
                         05FC-05FF              4
                         07FD-0E4F            653
                         1000-1FFF           1000
        STRING           0003-0003              1           2
                         05FC-05FF              4
                         07FD-0E4F            100
                         1000-1FFF            100

                                  Symbol Table

??_ADCconvert                 cstackCOMMON 007E
??_Debounce                   cstackCOMMON 0070
??_Menu                       cstackBANK1  00D0
??_ReadButtons                cstackCOMMON 0071
??_UpdateDisplay              cstackBANK0  0031
??___awmod                    cstackCOMMON 0074
??___lwdiv                    cstackCOMMON 0074
??___lwmod                    cstackCOMMON 007C
??_adc_read                   cstackCOMMON 0072
??_adc_read_channel           cstackCOMMON 0076
??_init                       cstackBANK1  00D3
??_init_adc                   cstackBANK1  00D0
??_isr1                       cstackBANK0  0045
??_lcd_init                   cstackBANK1  00D3
??_lcd_set_cursor             cstackCOMMON 0073
??_lcd_write_control          cstackBANK1  00D0
??_lcd_write_data             cstackCOMMON 0070
??_lcd_write_string           cstackCOMMON 0079
??_main                       cstackBANK1  00D3
??_readAvgDistance            cstackCOMMON 007E
??_readDistance               cstackCOMMON 007A
??_ser_init                   cstackBANK1  00D0
??_sprintf                    cstackBANK0  0025
??i1_lcd_write_control        cstackCOMMON 0070
?_ADCconvert                  cstackCOMMON 0070
?_Debounce                    cstackCOMMON 0070
?_Menu                        cstackCOMMON 0070
?_ReadButtons                 cstackCOMMON 0070
?_UpdateDisplay               cstackCOMMON 0070
?___awmod                     cstackCOMMON 0070
?___lwdiv                     cstackCOMMON 0070
?___lwmod                     cstackCOMMON 0078
?_adc_read                    cstackCOMMON 0070
?_adc_read_channel            cstackCOMMON 0070
?_init                        cstackCOMMON 0070
?_init_adc                    cstackCOMMON 0070
?_isr1                        cstackCOMMON 0070
?_lcd_init                    cstackCOMMON 0070
?_lcd_set_cursor              cstackCOMMON 0070
?_lcd_write_control           cstackCOMMON 0070
?_lcd_write_data              cstackCOMMON 0070
?_lcd_write_string            cstackCOMMON 0077
?_main                        cstackCOMMON 0070
?_readAvgDistance             cstackCOMMON 0070
?_readDistance                cstackCOMMON 0078
?_ser_init                    cstackCOMMON 0070
?_sprintf                     cstackBANK0  0020
?i1_lcd_write_control         cstackCOMMON 0070
Menu@input                    cstackBANK1  00D0
UpdateDisplay@F1206           bssBANK1     00A0
UpdateDisplay@adcOutput       cstackBANK0  0035
_ADCON0                       (abs)        001F
_ADCON1                       (abs)        009F
_ADCconvert                   text593      0015
_ADRESH                       (abs)        001E
_ADRESL                       (abs)        009E
_BRGH                         (abs)        04C2
_CARRY                        (abs)        0018
_CHS0                         (abs)        00FB
_CHS1                         (abs)        00FC
_CHS2                         (abs)        00FD
_CREN                         (abs)        00C4
_CenterDebounceCount          bssBANK0     0052
_CenterPressed                bitbssBANK0  02F0
_CenterReleased               bitbssBANK0  02F1
_Debounce                     text600      04D6
_DownDebounceCount            bssBANK0     0053
_DownPressed                  bitbssBANK0  02F2
_DownReleased                 bitbssBANK0  02F3
_EEADR                        (abs)        010D
_EECON1                       (abs)        018C
_EECON2                       (abs)        018D
_EEDATA                       (abs)        010C
_GIE                          (abs)        005F
_GO                           (abs)        00FA
_LeftDebounceCount            bssBANK0     0054
_LeftPressed                  bitbssBANK0  02F4
_LeftReleased                 bitbssBANK0  02F5
_Menu                         text583      0660
_OERR                         (abs)        00C1
_OPTION_REG                   (abs)        0081
_PORTA                        (abs)        0005
_PORTC                        (abs)        0007
_PORTD                        (abs)        0008
_PORTE                        (abs)        0009
_RB0                          (abs)        0030
_RB1                          (abs)        0031
_RB2                          (abs)        0032
_RB3                          (abs)        0033
_RB4                          (abs)        0034
_RB5                          (abs)        0035
_RB6                          (abs)        0036
_RCIE                         (abs)        0465
_RCIF                         (abs)        0065
_RCREG                        (abs)        001A
_RD                           (abs)        0C60
_RE0                          (abs)        0048
_RE1                          (abs)        0049
_RE2                          (abs)        004A
_RTC_Counter                  bssBANK0     004A
_RTC_FLAG_10MS                bitbssBANK0  02F6
_RTC_FLAG_1MS                 bitbssBANK0  02F7
_RTC_FLAG_250MS               bitbssBANK0  02F8
_RTC_FLAG_500MS               bitbssBANK0  02F9
_RTC_FLAG_50MS                bitbssBANK0  02FA
_RX9                          (abs)        00C6
_ReadButtons                  text594      07C0
_RightDebounceCount           bssBANK0     0055
_RightPressed                 bitbssBANK0  02FB
_RightReleased                bitbssBANK0  02FC
_SPBRG                        (abs)        0099
_SPEN                         (abs)        00C7
_SYNC                         (abs)        04C4
_TMR0                         (abs)        0001
_TMR0IE                       (abs)        005D
_TMR0IF                       (abs)        005A
_TRISA                        (abs)        0085
_TRISB                        (abs)        0086
_TRISC                        (abs)        0087
_TRISD                        (abs)        0088
_TRISE                        (abs)        0089
_TX9                          (abs)        04C6
_TXEN                         (abs)        04C5
_TXIE                         (abs)        0464
_TXIF                         (abs)        0064
_TXREG                        (abs)        0019
_UpDebounceCount              bssBANK0     0056
_UpPressed                    bitbssBANK0  02FD
_UpReleased                   bitbssBANK0  02FE
_UpdateDisplay                text586      041F
_WR                           (abs)        0C61
_WREN                         (abs)        0C62
__Habs1                       abs1         0000
__Hbank0                      bank0        0000
__Hbank1                      bank1        0000
__Hbank2                      bank2        0000
__Hbank3                      bank3        0000
__HbitbssBANK0                bitbssBANK0  0000
__HbssBANK0                   bssBANK0     0000
__HbssBANK1                   bssBANK1     0000
__Hcinit                      cinit        0000
__Hclrtext                    clrtext      0000
__Hcode                       code         0000
__Hcommon                     common       0000
__Hconfig                     config       2008
__HcstackBANK0                cstackBANK0  0000
__HcstackBANK1                cstackBANK1  0000
__HcstackCOMMON               cstackCOMMON 0000
__HdataBANK0                  dataBANK0    0000
__Heeprom_data                eeprom_data  0000
__Hend_init                   end_init     0015
__Hfunctab                    functab      0000
__HidataBANK0                 idataBANK0   0000
__Hidloc                      idloc        0000
__Hinit                       init         0012
__Hinittext                   inittext     0000
__Hintentry                   intentry     0012
__Hmaintext                   maintext     0000
__Hpowerup                    powerup      0000
__Hram                        ram          0000
__Hreset_vec                  reset_vec    0003
__Hsfr0                       sfr0         0000
__Hsfr1                       sfr1         0000
__Hsfr2                       sfr2         0000
__Hsfr3                       sfr3         0000
__Hstrings                    strings      0000
__Htext                       text         0000
__Labs1                       abs1         0000
__Lbank0                      bank0        0000
__Lbank1                      bank1        0000
__Lbank2                      bank2        0000
__Lbank3                      bank3        0000
__LbitbssBANK0                bitbssBANK0  0000
__LbssBANK0                   bssBANK0     0000
__LbssBANK1                   bssBANK1     0000
__Lcinit                      cinit        0000
__Lclrtext                    clrtext      0000
__Lcode                       code         0000
__Lcommon                     common       0000
__Lconfig                     config       2007
__LcstackBANK0                cstackBANK0  0000
__LcstackBANK1                cstackBANK1  0000
__LcstackCOMMON               cstackCOMMON 0000
__LdataBANK0                  dataBANK0    0000
__Leeprom_data                eeprom_data  0000
__Lend_init                   end_init     0012
__Lfunctab                    functab      0000
__LidataBANK0                 idataBANK0   0000
__Lidloc                      idloc        0000
__Linit                       init         0012
__Linittext                   inittext     0000
__Lintentry                   intentry     0004
__Lmaintext                   maintext     0000
__Lpowerup                    powerup      0000
__Lram                        ram          0000
__Lreset_vec                  reset_vec    0000
__Lsfr0                       sfr0         0000
__Lsfr1                       sfr1         0000
__Lsfr2                       sfr2         0000
__Lsfr3                       sfr3         0000
__Lstrings                    strings      0000
__Ltext                       text         0000
__S0                          (abs)        2008
__S1                          (abs)        00D3
__S2                          (abs)        0000
___awmod                      text597      0552
___awmod@counter              cstackCOMMON 0075
___awmod@dividend             cstackCOMMON 0072
___awmod@divisor              cstackCOMMON 0070
___awmod@sign                 cstackCOMMON 0076
___lwdiv                      text599      0772
___lwdiv@counter              cstackCOMMON 0077
___lwdiv@dividend             cstackCOMMON 0072
___lwdiv@divisor              cstackCOMMON 0070
___lwdiv@quotient             cstackCOMMON 0075
___lwmod                      text598      05B8
___lwmod@counter              cstackCOMMON 007D
___lwmod@dividend             cstackCOMMON 007A
___lwmod@divisor              cstackCOMMON 0078
__end_of_ADCconvert           text593      0239
__end_of_Debounce             text600      0552
__end_of_Menu                 text583      06C0
__end_of_ReadButtons          text594      07F2
__end_of_UpdateDisplay        text586      04D6
__end_of___awmod              text597      05B8
__end_of___lwdiv              text599      07C0
__end_of___lwmod              text598      05FC
__end_of_adc_read             text601      0F42
__end_of_adc_read_channel     text596      1000
__end_of_init                 text579      0EDB
__end_of_init_adc             text582      0EC3
__end_of_isr1                 text585      041F
__end_of_lcd_init             text580      0FBF
__end_of_lcd_set_cursor       text590      0E61
__end_of_lcd_write_control    text581      0EF7
__end_of_lcd_write_data       text595      0E74
__end_of_lcd_write_string     text589      0F94
__end_of_main                 maintext     071D
__end_of_readAvgDistance      text587      0772
__end_of_readDistance         text588      0EAF
__end_of_ser_init             text584      0F6A
__end_of_sprintf              text592      0337
__end_ofi1_lcd_write_control  text591      0E9B
__pbitbssBANK0                bitbssBANK0  02F0
__pbssBANK0                   bssBANK0     004A
__pbssBANK1                   bssBANK1     00A0
__pcstackBANK0                cstackBANK0  0020
__pcstackBANK1                cstackBANK1  00D0
__pcstackCOMMON               cstackCOMMON 0070
__pdataBANK0                  dataBANK0    0060
__pidataBANK0                 idataBANK0   07F2
__pintentry                   intentry     0004
__pmaintext                   maintext     06C0
__pstrings                    strings      0600
__ptext579                    text579      0EC3
__ptext580                    text580      0F94
__ptext581                    text581      0EDB
__ptext582                    text582      0EAF
__ptext583                    text583      0660
__ptext584                    text584      0F42
__ptext585                    text585      0337
__ptext586                    text586      041F
__ptext587                    text587      071D
__ptext588                    text588      0E9B
__ptext589                    text589      0F6A
__ptext590                    text590      0E58
__ptext591                    text591      0E87
__ptext592                    text592      0239
__ptext593                    text593      0015
__ptext594                    text594      07C0
__ptext595                    text595      0E61
__ptext596                    text596      0FBF
__ptext597                    text597      0552
__ptext598                    text598      05B8
__ptext599                    text599      0772
__ptext600                    text600      04D6
__ptext601                    text601      0F1B
__ptext602                    text602      0000
__size_of_ADCconvert          (abs)        0000
__size_of_Debounce            (abs)        0000
__size_of_Menu                (abs)        0000
__size_of_ReadButtons         (abs)        0000
__size_of_UpdateDisplay       (abs)        0000
__size_of___awmod             (abs)        0000
__size_of___lwdiv             (abs)        0000
__size_of___lwmod             (abs)        0000
__size_of_adc_read            (abs)        0000
__size_of_adc_read_channel    (abs)        0000
__size_of_init                (abs)        0000
__size_of_init_adc            (abs)        0000
__size_of_isr1                (abs)        0000
__size_of_lcd_init            (abs)        0000
__size_of_lcd_set_cursor      (abs)        0000
__size_of_lcd_write_control   (abs)        0000
__size_of_lcd_write_data      (abs)        0000
__size_of_lcd_write_string    (abs)        0000
__size_of_main                (abs)        0000
__size_of_readAvgDistance     (abs)        0000
__size_of_readDistance        (abs)        0000
__size_of_ser_init            (abs)        0000
__size_of_sprintf             (abs)        0000
__size_ofi1_lcd_write_control (abs)        0000
_adcVal                       bssBANK0     004C
_adc_read                     text601      0F1B
_adc_read_channel             text596      0FBF
_buttonPressed                bssBANK0     0057
_current_direction            bssBANK0     0058
_current_step                 dataBANK0    006A
_distance                     bssBANK0     004E
_dpowers                      strings      0610
_exit                         init         0012
_init                         text579      0EC3
_init_adc                     text582      0EAF
_isr1                         text585      0337
_lcd_init                     text580      0F94
_lcd_set_cursor               text590      0E58
_lcd_write_control            text581      0EDB
_lcd_write_data               text595      0E61
_lcd_write_string             text589      0F6A
_main                         maintext     06C0
_menuStrings                  dataBANK0    0060
_pos                          bssBANK0     0050
_readAvgDistance              text587      071D
_readDistance                 text588      0E9B
_rxfifo                       bssBANK1     00B0
_rxiptr                       bssBANK0     0059
_rxoptr                       bssBANK0     005A
_ser_init                     text584      0F42
_ser_tmp                      bssBANK0     005B
_shortMenuStrings             dataBANK0    0065
_sprintf                      text592      0239
_txfifo                       bssBANK1     00C0
_txiptr                       bssBANK0     005C
_txoptr                       bssBANK0     005D
adc_read@adc_value            cstackCOMMON 0074
adc_read_channel@channel      cstackCOMMON 0077
btemp                         (abs)        007E
clear_ram                     clrtext      0E50
end_of_initialization         cinit        0F17
i1_lcd_write_control          text591      0E87
i1lcd_write_control@databyte  cstackCOMMON 0072
init_fetch                    inittext     0E74
init_ram                      inittext     0E78
interrupt_function            intentry     0004
intlevel0                     functab      0000
intlevel1                     functab      0000
intlevel2                     functab      0000
intlevel3                     functab      0000
intlevel4                     functab      0000
intlevel5                     functab      0000
lcd_set_cursor@address        cstackCOMMON 0073
lcd_write_control@databyte    cstackBANK1  00D2
lcd_write_data@databyte       cstackCOMMON 0072
lcd_write_string@s            cstackCOMMON 0077
readAvgDistance@fullval       cstackBANK0  0020
readAvgDistance@i             cstackBANK0  0022
readDistance@fullval          cstackCOMMON 007C
reset_vec                     reset_vec    0000
saved_w                       (abs)        007E
sprintf@_val                  cstackBANK0  002B
sprintf@ap                    cstackBANK0  0028
sprintf@c                     cstackBANK0  0030
sprintf@f                     cstackBANK0  0020
sprintf@flag                  cstackBANK0  0029
sprintf@prec                  cstackBANK0  002A
sprintf@sp                    cstackBANK0  002F
start                         init         0012
start_initialization          cinit        0EF7
wtemp0                        (abs)        007E
