HI-TECH Software C Compiler 

Linker command line:

--edf=C:\Program Files\HI-TECH Software\PICC\9.83\dat\en_msgs.txt -cs \
  -h+Assignment3_AldnoahZero.sym -z -Q16F877A -ol.obj \
  -MAssignment3_AldnoahZero.map -E1 -ACONST=00h-0FFhx32 -ACODE=00h-07FFhx4 \
  -ASTRCODE=00h-01FFFh -AENTRY=00h-0FFhx32 -ASTRING=00h-0FFhx32 \
  -ABANK0=020h-06Fh -ABANK1=0A0h-0EFh -ABANK2=0110h-016Fh \
  -ABANK3=0190h-01EFh -ARAM=020h-06Fh,0A0h-0EFh,0110h-016Fh,0190h-01EFh \
  -AABS1=020h-07Fh,0A0h-0EFh,0110h-016Fh,0190h-01EFh -ACOMMON=070h-07Fh \
  -ASFR0=00h-01Fh -ASFR1=080h-09Fh -ASFR2=0100h-010Fh -ASFR3=0180h-018Fh \
  -preset_vec=00h,intentry=04h,init,end_init -ppowerup=CODE -pfunctab=CODE \
  -ACONFIG=02007h-02007h -pconfig=CONFIG -DCONFIG=2 -AIDLOC=02000h-02003h \
  -pidloc=IDLOC -DIDLOC=2 -AEEDATA=00h-0FFh/02100h -peeprom_data=EEDATA \
  -DEEDATA=2 -DCODE=2 -DSTRCODE=2 -DSTRING=2 -DCONST=2 -DENTRY=2 -k \
  startup.obj Assignment3_AldnoahZero.obj 

Object code version is 3.10

Machine type is 16F877A



                Name                               Link     Load   Length Selector   Space Scale
startup.obj     end_init                             12       12        3        8       0
                reset_vec                             0        0        3        0       0
Assignment3_AldnoahZero.obj
                intentry                              4        4        E        8       0
                config                             2007     2007        1     400E       0
                text929                             F68      F68       98     1ED0       0
                text928                             BCE      BCE       44     179C       0
                text927                             B63      B63       30     16C6       0
                text926                             5B6      5B6       DC        8       0
                text925                             A2A      A2A       29     1454       0
                text924                             A02      A02       28     1404       0
                text923                             9BF      9BF       21     137E       0
                text922                             C9E      C9E       47     193C       0
                text921                             93B      93B       14     1276       0
                text920                             98F      98F       17     131E       0
                text919                             A7E      A7E       2C     14FC       0
                text918                             CE5      CE5       50     19CA       0
                text917                             C12      C12       46     1824       0
                text916                             692      692       68        8       0
                text915                             B93      B93       3B     1726       0
                text914                             963      963       16     12C6       0
                text913                             94F      94F       14     129E       0
                text912                             915      915       13     122A       0
                text911                             9A6      9A6       19     134C       0
                text910                             D35      D35       50     1A6A       0
                text909                             EDC      EDC       8C     1DB8       0
                text908                             E54      E54       88     1CA8       0
                text907                              15       15      223        8       0
                text906                             4B6      4B6      100        8       0
                text905                             9E0      9E0       22     13C0       0
                text904                             8FD      8FD        B     11FA       0
                text903                             AAA      AAA       2C     1554       0
                text902                             A53      A53       2B     14A6       0
                text901                             AD6      AD6       2F     15AC       0
                text900                             979      979       16     12F2       0
                text899                             B05      B05       2F     160A       0
                text898                             238      238      179        8       0
                text897                             D85      D85       55     1B0A       0
                text896                             79F      79F       5E      F3E       0
                text895                             C58      C58       46     18B0       0
                text894                             DDA      DDA       7A     1BB4       0
                maintext                            3B1      3B1      105        8       0
                cstackBANK0                          20       20       48       20       1
                cstackCOMMON                         72       72        B       70       1
                inittext                            928      928       13     1250       0
                clrtext                             8F5      8F5        8     11EA       0
                bssBANK3                            190      190       10      190       1
                dataBANK1                            DF       DF        D       A0       1
                bssBANK1                             A0       A0       3F       A0       1
                bssBANK0                             68       68        8       20       1
                bssCOMMON                            7D       7D        1       70       1
                bitbssCOMMON                        380       70        F       70       1     8
                cinit                               B34      B34       2F     1668       0
                strings                             700      700       9F      E00       0
                idataBANK1                          908      908        D     1210       0

TOTAL           Name                               Link     Load   Length     Space
        CLASS   CONST          

        CLASS   CODE           
                end_init                             12       12        3         0
                intentry                              4        4        E         0
                reset_vec                             0        0        3         0
                text929                             F68      F68       98         0
                text928                             BCE      BCE       44         0
                text927                             B63      B63       30         0
                text926                             5B6      5B6       DC         0
                text925                             A2A      A2A       29         0
                text924                             A02      A02       28         0
                text923                             9BF      9BF       21         0
                text922                             C9E      C9E       47         0
                text921                             93B      93B       14         0
                text920                             98F      98F       17         0
                text919                             A7E      A7E       2C         0
                text918                             CE5      CE5       50         0
                text917                             C12      C12       46         0
                text916                             692      692       68         0
                text915                             B93      B93       3B         0
                text914                             963      963       16         0
                text913                             94F      94F       14         0
                text912                             915      915       13         0
                text911                             9A6      9A6       19         0
                text910                             D35      D35       50         0
                text909                             EDC      EDC       8C         0
                text908                             E54      E54       88         0
                text907                              15       15      223         0
                text906                             4B6      4B6      100         0
                text905                             9E0      9E0       22         0
                text904                             8FD      8FD        B         0
                text903                             AAA      AAA       2C         0
                text902                             A53      A53       2B         0
                text901                             AD6      AD6       2F         0
                text900                             979      979       16         0
                text899                             B05      B05       2F         0
                text898                             238      238      179         0
                text897                             D85      D85       55         0
                text896                             79F      79F       5E         0
                text895                             C58      C58       46         0
                text894                             DDA      DDA       7A         0
                maintext                            3B1      3B1      105         0
                inittext                            928      928       13         0
                clrtext                             8F5      8F5        8         0
                cinit                               B34      B34       2F         0
                idataBANK1                          908      908        D         0

        CLASS   STRCODE        

        CLASS   ENTRY          

        CLASS   STRING         
                strings                             700      700       9F         0

        CLASS   BANK0          
                cstackBANK0                          20       20       48         1
                bssBANK0                             68       68        8         1

        CLASS   BANK1          
                dataBANK1                            DF       DF        D         1
                bssBANK1                             A0       A0       3F         1

        CLASS   BANK2          

        CLASS   BANK3          
                bssBANK3                            190      190       10         1

        CLASS   RAM            

        CLASS   ABS1           
                abs_s1                               7E       7E        2         1

        CLASS   COMMON         
                cstackCOMMON                         72       72        B         1
                bssCOMMON                            7D       7D        1         1
                bitbssCOMMON                        380       70        F         1

        CLASS   SFR0           

        CLASS   SFR1           

        CLASS   SFR2           

        CLASS   SFR3           

        CLASS   CONFIG         
                config                             2007     2007        1         0

        CLASS   IDLOC          

        CLASS   EEDATA         



SEGMENTS        Name                           Load    Length   Top    Selector   Space  Class     Delta

                reset_vec                      000000  000003  000003         0       0  CODE        2
                intentry                       000004  0006F6  0006FA         8       0  CODE        2
                cstackBANK0                    000020  000050  000070        20       1  BANK0       1
                bitbssCOMMON                   000070  00000E  00007E        70       1  COMMON      1
                bssBANK1                       0000A0  00004C  0000EC        A0       1  BANK1       1
                bssBANK3                       000190  000010  0001A0       190       1  BANK3       1
                strings                        000700  00009F  00079F       E00       0  STRING      2
                text896                        00079F  00005E  0007FD       F3E       0  CODE        2
                clrtext                        0008F5  000008  0008FD      11EA       0  CODE        2
                text904                        0008FD  00000B  000908      11FA       0  CODE        2
                idataBANK1                     000908  00000D  000915      1210       0  CODE        2
                text912                        000915  000013  000928      122A       0  CODE        2
                inittext                       000928  000013  00093B      1250       0  CODE        2
                text921                        00093B  000014  00094F      1276       0  CODE        2
                text913                        00094F  000014  000963      129E       0  CODE        2
                text914                        000963  000016  000979      12C6       0  CODE        2
                text900                        000979  000016  00098F      12F2       0  CODE        2
                text920                        00098F  000017  0009A6      131E       0  CODE        2
                text911                        0009A6  000019  0009BF      134C       0  CODE        2
                text923                        0009BF  000021  0009E0      137E       0  CODE        2
                text905                        0009E0  000022  000A02      13C0       0  CODE        2
                text924                        000A02  000028  000A2A      1404       0  CODE        2
                text925                        000A2A  000029  000A53      1454       0  CODE        2
                text902                        000A53  00002B  000A7E      14A6       0  CODE        2
                text919                        000A7E  00002C  000AAA      14FC       0  CODE        2
                text903                        000AAA  00002C  000AD6      1554       0  CODE        2
                text901                        000AD6  00002F  000B05      15AC       0  CODE        2
                text899                        000B05  00002F  000B34      160A       0  CODE        2
                cinit                          000B34  00002F  000B63      1668       0  CODE        2
                text927                        000B63  000030  000B93      16C6       0  CODE        2
                text915                        000B93  00003B  000BCE      1726       0  CODE        2
                text928                        000BCE  000044  000C12      179C       0  CODE        2
                text917                        000C12  000046  000C58      1824       0  CODE        2
                text895                        000C58  000046  000C9E      18B0       0  CODE        2
                text922                        000C9E  000047  000CE5      193C       0  CODE        2
                text918                        000CE5  000050  000D35      19CA       0  CODE        2
                text910                        000D35  000050  000D85      1A6A       0  CODE        2
                text897                        000D85  000055  000DDA      1B0A       0  CODE        2
                text894                        000DDA  00007A  000E54      1BB4       0  CODE        2
                text908                        000E54  000088  000EDC      1CA8       0  CODE        2
                text909                        000EDC  00008C  000F68      1DB8       0  CODE        2
                text929                        000F68  000098  001000      1ED0       0  CODE        2
                config                         002007  000001  002008      400E       0  CONFIG      2


UNUSED ADDRESS RANGES

        Name                Unused          Largest block    Delta
        BANK1            00EC-00EF              4           1
        BANK2            0110-016F             60           1
        BANK3            01A0-01EF             50           1
        CODE             0003-0003              1           2
                         06FA-06FF              6
                         07FD-08F4              3
                         1000-1FFF            800
        CONST            0003-0003              1           2
                         06FA-06FF              6
                         07FD-08F4              3
                         1000-1FFF            100
        EEDATA           2100-21FF            100           2
        ENTRY            0003-0003              1           2
                         06FA-06FF              6
                         07FD-08F4              3
                         1000-1FFF            100
        IDLOC            2000-2003              4           2
        RAM              00EC-00EF              4           1
                         0110-016F             60
                         01A0-01EF             50
        SFR0             0000-001F             20           1
        SFR1             0080-009F             20           1
        SFR2             0100-010F             10           1
        SFR3             0180-018F             10           1
        STRCODE          0003-0003              1           2
                         06FA-06FF              6
                         07FD-08F4             F8
                         1000-1FFF           1000
        STRING           0003-0003              1           2
                         06FA-06FF              6
                         07FD-08F4              3
                         1000-1FFF            100

                                  Symbol Table

??_ADCconvert               cstackBANK0  002E
??_ChargeMode               cstackBANK0  005A
??_Debounce                 cstackCOMMON 0072
??_Menu                     cstackBANK0  0020
??_ReadButtons              cstackCOMMON 0073
??_UpdateDisplay            cstackBANK0  0045
??___awmod                  cstackBANK0  0024
??___lwdiv                  cstackBANK0  002A
??___lwmod                  cstackBANK0  0032
??___wmul                   cstackBANK0  0024
??_adc_read                 cstackBANK0  0022
??_adc_read_channel         cstackBANK0  0026
??_calibrateIR              cstackBANK0  005A
??_init                     cstackBANK0  0023
??_init_adc                 cstackBANK0  0020
??_isr1                     cstackCOMMON 0078
??_lcd_init                 cstackBANK0  0023
??_lcd_set_cursor           cstackBANK0  0023
??_lcd_write_control        cstackBANK0  0020
??_lcd_write_data           cstackBANK0  0020
??_lcd_write_string         cstackBANK0  0029
??_main                     cstackBANK0  0062
??_readAvgDistance          cstackBANK0  0030
??_readDistance             cstackBANK0  002A
??_robo_init                cstackBANK0  0022
??_robotMove                cstackBANK0  0024
??_robotTurn                cstackBANK0  0024
??_robot_read               cstackBANK0  0022
??_rotate                   cstackBANK0  0026
??_scan360                  cstackBANK0  005C
??_ser_getch                cstackBANK0  0020
??_ser_init                 cstackBANK0  0020
??_ser_isrx                 cstackBANK0  0020
??_ser_putch                cstackBANK0  0020
??_spi_transfer             cstackBANK0  0020
??_sprintf                  cstackBANK0  0039
??i1___lwmod                cstackCOMMON 0076
?_ADCconvert                cstackCOMMON 0072
?_ChargeMode                cstackCOMMON 0072
?_Debounce                  cstackCOMMON 0072
?_Menu                      cstackCOMMON 0072
?_ReadButtons               cstackCOMMON 0072
?_UpdateDisplay             cstackCOMMON 0072
?___awmod                   cstackBANK0  0020
?___lwdiv                   cstackBANK0  0026
?___lwmod                   cstackBANK0  002E
?___wmul                    cstackBANK0  0020
?_adc_read                  cstackBANK0  0020
?_adc_read_channel          cstackCOMMON 0072
?_calibrateIR               cstackCOMMON 0072
?_init                      cstackCOMMON 0072
?_init_adc                  cstackCOMMON 0072
?_isr1                      cstackCOMMON 0072
?_lcd_init                  cstackCOMMON 0072
?_lcd_set_cursor            cstackCOMMON 0072
?_lcd_write_control         cstackCOMMON 0072
?_lcd_write_data            cstackCOMMON 0072
?_lcd_write_string          cstackBANK0  0027
?_main                      cstackCOMMON 0072
?_readAvgDistance           cstackCOMMON 0072
?_readDistance              cstackBANK0  0028
?_robo_init                 cstackCOMMON 0072
?_robotMove                 cstackBANK0  0022
?_robotTurn                 cstackBANK0  0022
?_robot_read                cstackCOMMON 0072
?_rotate                    cstackBANK0  0023
?_scan360                   cstackBANK0  005A
?_ser_getch                 cstackCOMMON 0072
?_ser_init                  cstackCOMMON 0072
?_ser_isrx                  cstackCOMMON 0072
?_ser_putch                 cstackCOMMON 0072
?_spi_transfer              cstackCOMMON 0072
?_sprintf                   cstackBANK0  0034
?i1___lwmod                 cstackCOMMON 0072
AT25256A@CS0                (abs)        0038
AT25256A@CS1                (abs)        0039
Menu@BTN_input              cstackBANK0  0020
UpdateDisplay@F1228         bssBANK3     0190
UpdateDisplay@adcOutput     cstackBANK0  004A
_ADCON0                     (abs)        001F
_ADCON1                     (abs)        009F
_ADCconvert                 text907      0015
_ADRESH                     (abs)        001E
_ADRESL                     (abs)        009E
_BRGH                       (abs)        04C2
_CARRY                      (abs)        0018
_CHS0                       (abs)        00FB
_CHS1                       (abs)        00FC
_CHS2                       (abs)        00FD
_CREN                       (abs)        00C4
_CenterDebounceCount        bssBANK1     00D0
_CenterPressed              bitbssCOMMON 0380
_CenterReleased             bitbssCOMMON 0381
_ChargeMode                 text895      0C58
_Debounce                   text929      0F68
_DistHighByte               bssBANK1     00D1
_DistLowByte                bssBANK1     00D2
_DownDebounceCount          bssBANK1     00D3
_DownPressed                bitbssCOMMON 0382
_DownReleased               bitbssCOMMON 0383
_EEADR                      (abs)        010D
_EECON1                     (abs)        018C
_EECON2                     (abs)        018D
_EEDATA                     (abs)        010C
_GIE                        (abs)        005F
_GO                         (abs)        00FA
_LeftDebounceCount          bssBANK1     00D4
_LeftPressed                bitbssCOMMON 0384
_LeftReleased               bitbssCOMMON 0385
_Menu                       text922      0C9E
_OERR                       (abs)        00C1
_OPTION_REG                 (abs)        0081
_PEIE                       (abs)        005E
_PORTA                      (abs)        0005
_PORTC                      (abs)        0007
_PORTD                      (abs)        0008
_PORTE                      (abs)        0009
_RB0                        (abs)        0030
_RB2                        (abs)        0032
_RB3                        (abs)        0033
_RB4                        (abs)        0034
_RB5                        (abs)        0035
_RB6                        (abs)        0036
_RC0                        (abs)        0038
_RC1                        (abs)        0039
_RC2                        (abs)        003A
_RCIE                       (abs)        0465
_RCIF                       (abs)        0065
_RCREG                      (abs)        001A
_RD                         (abs)        0C60
_RE0                        (abs)        0048
_RE1                        (abs)        0049
_RE2                        (abs)        004A
_RTC_Counter                bssBANK0     0068
_RTC_FLAG_10MS              bitbssCOMMON 0386
_RTC_FLAG_1MS               bitbssCOMMON 0387
_RTC_FLAG_250MS             bitbssCOMMON 0388
_RTC_FLAG_500MS             bitbssCOMMON 0389
_RTC_FLAG_50MS              bitbssCOMMON 038A
_RX9                        (abs)        00C6
_ReadButtons                text927      0B63
_RightDebounceCount         bssBANK1     00D5
_RightPressed               bitbssCOMMON 038B
_RightReleased              bitbssCOMMON 038C
_SPBRG                      (abs)        0099
_SPEN                       (abs)        00C7
_SSPBUF                     (abs)        0013
_SSPCON                     (abs)        0014
_SSPIF                      (abs)        0063
_SSPSTAT                    (abs)        0094
_SYNC                       (abs)        04C4
_TMR0                       (abs)        0001
_TMR0IE                     (abs)        005D
_TMR0IF                     (abs)        005A
_TRISA                      (abs)        0085
_TRISB                      (abs)        0086
_TRISC                      (abs)        0087
_TRISD                      (abs)        0088
_TRISE                      (abs)        0089
_TX9                        (abs)        04C6
_TXEN                       (abs)        04C5
_TXIE                       (abs)        0464
_TXIF                       (abs)        0064
_TXREG                      (abs)        0019
_UpDebounceCount            bssBANK1     00D6
_UpPressed                  bitbssCOMMON 038D
_UpReleased                 bitbssCOMMON 038E
_UpdateDisplay              text898      0238
_WR                         (abs)        0C61
_WREN                       (abs)        0C62
__Habs1                     abs1         0000
__Hbank0                    bank0        0000
__Hbank1                    bank1        0000
__Hbank2                    bank2        0000
__Hbank3                    bank3        0000
__HbitbssCOMMON             bitbssCOMMON 0000
__HbssBANK0                 bssBANK0     0000
__HbssBANK1                 bssBANK1     0000
__HbssBANK3                 bssBANK3     0000
__HbssCOMMON                bssCOMMON    0000
__Hcinit                    cinit        0000
__Hclrtext                  clrtext      0000
__Hcode                     code         0000
__Hcommon                   common       0000
__Hconfig                   config       2008
__HcstackBANK0              cstackBANK0  0000
__HcstackCOMMON             cstackCOMMON 0000
__HdataBANK1                dataBANK1    0000
__Heeprom_data              eeprom_data  0000
__Hend_init                 end_init     0015
__Hfunctab                  functab      0000
__HidataBANK1               idataBANK1   0000
__Hidloc                    idloc        0000
__Hinit                     init         0012
__Hinittext                 inittext     0000
__Hintentry                 intentry     0012
__Hmaintext                 maintext     0000
__Hpowerup                  powerup      0000
__Hram                      ram          0000
__Hreset_vec                reset_vec    0003
__Hsfr0                     sfr0         0000
__Hsfr1                     sfr1         0000
__Hsfr2                     sfr2         0000
__Hsfr3                     sfr3         0000
__Hstrings                  strings      0000
__Htext                     text         0000
__Labs1                     abs1         0000
__Lbank0                    bank0        0000
__Lbank1                    bank1        0000
__Lbank2                    bank2        0000
__Lbank3                    bank3        0000
__LbitbssCOMMON             bitbssCOMMON 0000
__LbssBANK0                 bssBANK0     0000
__LbssBANK1                 bssBANK1     0000
__LbssBANK3                 bssBANK3     0000
__LbssCOMMON                bssCOMMON    0000
__Lcinit                    cinit        0000
__Lclrtext                  clrtext      0000
__Lcode                     code         0000
__Lcommon                   common       0000
__Lconfig                   config       2007
__LcstackBANK0              cstackBANK0  0000
__LcstackCOMMON             cstackCOMMON 0000
__LdataBANK1                dataBANK1    0000
__Leeprom_data              eeprom_data  0000
__Lend_init                 end_init     0012
__Lfunctab                  functab      0000
__LidataBANK1               idataBANK1   0000
__Lidloc                    idloc        0000
__Linit                     init         0012
__Linittext                 inittext     0000
__Lintentry                 intentry     0004
__Lmaintext                 maintext     0000
__Lpowerup                  powerup      0000
__Lram                      ram          0000
__Lreset_vec                reset_vec    0000
__Lsfr0                     sfr0         0000
__Lsfr1                     sfr1         0000
__Lsfr2                     sfr2         0000
__Lsfr3                     sfr3         0000
__Lstrings                  strings      0000
__Ltext                     text         0000
__S0                        (abs)        2008
__S1                        (abs)        01A0
__S2                        (abs)        0000
___awmod                    text916      0692
___awmod@counter            cstackBANK0  0025
___awmod@dividend           cstackBANK0  0022
___awmod@divisor            cstackBANK0  0020
___awmod@sign               cstackBANK0  0026
___lwdiv                    text918      0CE5
___lwdiv@counter            cstackBANK0  002D
___lwdiv@dividend           cstackBANK0  0028
___lwdiv@divisor            cstackBANK0  0026
___lwdiv@quotient           cstackBANK0  002B
___lwmod                    text917      0C12
___lwmod@counter            cstackBANK0  0033
___lwmod@dividend           cstackBANK0  0030
___lwmod@divisor            cstackBANK0  002E
___wmul                     text919      0A7E
___wmul@multiplicand        cstackBANK0  0022
___wmul@multiplier          cstackBANK0  0020
___wmul@product             cstackBANK0  0024
__end_of_ADCconvert         text907      0238
__end_of_ChargeMode         text895      0C9E
__end_of_Debounce           text929      1000
__end_of_Menu               text922      0CE5
__end_of_ReadButtons        text927      0B93
__end_of_UpdateDisplay      text898      03B1
__end_of___awmod            text916      06FA
__end_of___lwdiv            text918      0D35
__end_of___lwmod            text917      0C58
__end_of___wmul             text919      0AAA
__end_of_adc_read           text925      0A53
__end_of_adc_read_channel   text915      0BCE
__end_of_calibrateIR        text896      07FD
__end_of_init               text899      0B34
__end_of_init_adc           text914      0979
__end_of_isr1               text926      0692
__end_of_lcd_init           text902      0A7E
__end_of_lcd_set_cursor     text904      0908
__end_of_lcd_write_control  text913      0963
__end_of_lcd_write_data     text912      0928
__end_of_lcd_write_string   text903      0AD6
__end_of_main               maintext     04B6
__end_of_readAvgDistance    text897      0DDA
__end_of_readDistance       text900      098F
__end_of_robo_init          text911      09BF
__end_of_robotMove          text909      0F68
__end_of_robotTurn          text908      0EDC
__end_of_robot_read         text901      0B05
__end_of_rotate             text910      0D85
__end_of_scan360            text894      0E54
__end_of_ser_getch          text905      0A02
__end_of_ser_init           text924      0A2A
__end_of_ser_isrx           text920      09A6
__end_of_ser_putch          text923      09E0
__end_of_spi_transfer       text921      094F
__end_of_sprintf            text906      05B6
__end_ofi1___lwmod          text928      0C12
__pbitbssCOMMON             bitbssCOMMON 0380
__pbssBANK0                 bssBANK0     0068
__pbssBANK1                 bssBANK1     00A0
__pbssBANK3                 bssBANK3     0190
__pbssCOMMON                bssCOMMON    007D
__pcstackBANK0              cstackBANK0  0020
__pcstackCOMMON             cstackCOMMON 0072
__pdataBANK1                dataBANK1    00DF
__pidataBANK1               idataBANK1   0908
__pintentry                 intentry     0004
__pmaintext                 maintext     03B1
__pstrings                  strings      0700
__ptext894                  text894      0DDA
__ptext895                  text895      0C58
__ptext896                  text896      079F
__ptext897                  text897      0D85
__ptext898                  text898      0238
__ptext899                  text899      0B05
__ptext900                  text900      0979
__ptext901                  text901      0AD6
__ptext902                  text902      0A53
__ptext903                  text903      0AAA
__ptext904                  text904      08FD
__ptext905                  text905      09E0
__ptext906                  text906      04B6
__ptext907                  text907      0015
__ptext908                  text908      0E54
__ptext909                  text909      0EDC
__ptext910                  text910      0D35
__ptext911                  text911      09A6
__ptext912                  text912      0915
__ptext913                  text913      094F
__ptext914                  text914      0963
__ptext915                  text915      0B93
__ptext916                  text916      0692
__ptext917                  text917      0C12
__ptext918                  text918      0CE5
__ptext919                  text919      0A7E
__ptext920                  text920      098F
__ptext921                  text921      093B
__ptext922                  text922      0C9E
__ptext923                  text923      09BF
__ptext924                  text924      0A02
__ptext925                  text925      0A2A
__ptext926                  text926      05B6
__ptext927                  text927      0B63
__ptext928                  text928      0BCE
__ptext929                  text929      0F68
__ptext930                  text930      0000
__size_of_ADCconvert        (abs)        0000
__size_of_ChargeMode        (abs)        0000
__size_of_Debounce          (abs)        0000
__size_of_Menu              (abs)        0000
__size_of_ReadButtons       (abs)        0000
__size_of_UpdateDisplay     (abs)        0000
__size_of___awmod           (abs)        0000
__size_of___lwdiv           (abs)        0000
__size_of___lwmod           (abs)        0000
__size_of___wmul            (abs)        0000
__size_of_adc_read          (abs)        0000
__size_of_adc_read_channel  (abs)        0000
__size_of_calibrateIR       (abs)        0000
__size_of_init              (abs)        0000
__size_of_init_adc          (abs)        0000
__size_of_isr1              (abs)        0000
__size_of_lcd_init          (abs)        0000
__size_of_lcd_set_cursor    (abs)        0000
__size_of_lcd_write_control (abs)        0000
__size_of_lcd_write_data    (abs)        0000
__size_of_lcd_write_string  (abs)        0000
__size_of_main              (abs)        0000
__size_of_readAvgDistance   (abs)        0000
__size_of_readDistance      (abs)        0000
__size_of_robo_init         (abs)        0000
__size_of_robotMove         (abs)        0000
__size_of_robotTurn         (abs)        0000
__size_of_robot_read        (abs)        0000
__size_of_rotate            (abs)        0000
__size_of_scan360           (abs)        0000
__size_of_ser_getch         (abs)        0000
__size_of_ser_init          (abs)        0000
__size_of_ser_isrx          (abs)        0000
__size_of_ser_putch         (abs)        0000
__size_of_spi_transfer      (abs)        0000
__size_of_sprintf           (abs)        0000
__size_ofi1___lwmod         (abs)        0000
_adcVal                     bssBANK0     006A
_adc_read                   text925      0A2A
_adc_read_channel           text915      0B93
_buttonPressed              bssCOMMON    007D
_calibrateIR                text896      079F
_currentMenu                bssBANK1     00D7
_current_direction          bssBANK1     00D8
_current_step               dataBANK1    00EB
_distTravelled              bssBANK1     00C0
_dist_high                  bssBANK1     00C2
_dist_low                   bssBANK1     00C4
_distance                   bssBANK1     00C6
_dpowers                    strings      0710
_exit                       init         0012
_highByte                   bssBANK1     00D9
_init                       text899      0B05
_init_adc                   text914      0963
_isr1                       text926      05B6
_lcd_init                   text902      0A53
_lcd_set_cursor             text904      08FD
_lcd_write_control          text913      094F
_lcd_write_data             text912      0915
_lcd_write_string           text903      0AAA
_lowByte                    bssBANK1     00DA
_main                       maintext     03B1
_menuStrings                dataBANK1    00DF
_pos                        bssBANK1     00C8
_readAvgDistance            text897      0D85
_readDistance               text900      0979
_robo_init                  text911      09A6
_robotMove                  text909      0EDC
_robotTurn                  text908      0E54
_robot_read                 text901      0AD6
_rotate                     text910      0D35
_rxfifo                     bssBANK1     00A0
_rxiptr                     bssBANK0     006C
_rxoptr                     bssBANK0     006D
_scan360                    text894      0DDA
_ser_getch                  text905      09E0
_ser_init                   text924      0A02
_ser_isrx                   text920      098F
_ser_putch                  text923      09BF
_ser_tmp                    bssBANK1     00DB
_serialInput                bssBANK1     00DC
_shortMenuStrings           dataBANK1    00E5
_spi_transfer               text921      093B
_sprintf                    text906      04B6
_test                       bssBANK1     00CA
_total                      bssBANK1     00CC
_totalSteps                 bssBANK1     00CE
_turnhighByte               bssBANK1     00DD
_turnlowByte                bssBANK1     00DE
_txfifo                     bssBANK1     00B0
_txiptr                     bssBANK0     006E
_txoptr                     bssBANK0     006F
adc_read@adc_value          cstackBANK0  0024
adc_read_channel@channel    cstackBANK0  0027
btemp                       (abs)        007E
clear_ram                   clrtext      08F5
end_of_initialization       cinit        0B5F
i1___lwmod                  text928      0BCE
i1___lwmod@counter          cstackCOMMON 0077
i1___lwmod@dividend         cstackCOMMON 0074
i1___lwmod@divisor          cstackCOMMON 0072
init_fetch                  inittext     0928
init_ram                    inittext     092C
interrupt_function          intentry     0004
intlevel0                   functab      0000
intlevel1                   functab      0000
intlevel2                   functab      0000
intlevel3                   functab      0000
intlevel4                   functab      0000
intlevel5                   functab      0000
lcd_set_cursor@address      cstackBANK0  0023
lcd_write_control@databyte  cstackBANK0  0022
lcd_write_data@databyte     cstackBANK0  0022
lcd_write_string@s          cstackBANK0  0027
main@choice                 cstackBANK0  0067
main@shortwall              cstackBANK0  0065
readAvgDistance@fullval     cstackBANK0  0030
readAvgDistance@i           cstackBANK0  0032
readDistance@fullval        cstackBANK0  002C
reset_vec                   reset_vec    0000
robotMove@distance          cstackBANK0  0022
robotTurn@distance          cstackBANK0  0022
rotate@direction            cstackBANK0  0025
rotate@i                    cstackBANK0  0028
rotate@numsteps             cstackBANK0  0023
saved_w                     (abs)        007E
scan360@lowestSteps         cstackBANK0  005E
scan360@lowestVal           cstackBANK0  005C
scan360@steps               cstackBANK0  0060
ser_getch@c                 cstackBANK0  0021
ser_putch@c                 cstackBANK0  0021
spi_transfer@data           cstackBANK0  0022
spi_transfer@temp           cstackBANK0  0021
sprintf@_val                cstackBANK0  003F
sprintf@ap                  cstackBANK0  003C
sprintf@c                   cstackBANK0  0044
sprintf@f                   cstackBANK0  0034
sprintf@flag                cstackBANK0  003D
sprintf@prec                cstackBANK0  003E
sprintf@sp                  cstackBANK0  0043
start                       init         0012
start_initialization        cinit        0B34
wtemp0                      (abs)        007E
