HI-TECH Software C Compiler 

Linker command line:

--edf=C:\Program Files\HI-TECH Software\PICC\9.83\dat\en_msgs.txt -cs \
  -h+Assignment3_AldnoahZero.sym -z -Q16F877A -ol.obj \
  -MAssignment3_AldnoahZero.map -E1 -ACONST=00h-0FFhx32 -ACODE=00h-07FFhx4 \
  -ASTRCODE=00h-01FFFh -AENTRY=00h-0FFhx32 -ASTRING=00h-0FFhx32 \
  -ABANK0=020h-06Fh -ABANK1=0A0h-0EFh -ABANK2=0110h-016Fh \
  -ABANK3=0190h-01EFh -ARAM=020h-06Fh,0A0h-0EFh,0110h-016Fh,0190h-01EFh \
  -AABS1=020h-07Fh,0A0h-0EFh,0110h-016Fh,0190h-01EFh -ACOMMON=070h-07Fh \
  -ASFR0=00h-01Fh -ASFR1=080h-09Fh -ASFR2=0100h-010Fh -ASFR3=0180h-018Fh \
  -preset_vec=00h,intentry=04h,init,end_init -ppowerup=CODE -pfunctab=CODE \
  -ACONFIG=02007h-02007h -pconfig=CONFIG -DCONFIG=2 -AIDLOC=02000h-02003h \
  -pidloc=IDLOC -DIDLOC=2 -AEEDATA=00h-0FFh/02100h -peeprom_data=EEDATA \
  -DEEDATA=2 -DCODE=2 -DSTRCODE=2 -DSTRING=2 -DCONST=2 -DENTRY=2 -k \
  startup.obj Assignment3_AldnoahZero.obj 

Object code version is 3.10

Machine type is 16F877A



                Name                               Link     Load   Length Selector   Space Scale
startup.obj     end_init                             12       12        3        8       0
                reset_vec                             0        0        3        0       0
Assignment3_AldnoahZero.obj
                intentry                              4        4        E        8       0
                config                             2007     2007        1     400E       0
                text1114                            AE1      AE1       98     15C2       0
                text1113                           1649     1649       44     2C92       0
                text1112                           15DE     15DE       30     2BBC       0
                text1111                            CBF      CBF       A7     197E       0
                text1110                           1427     1427       29     284E       0
                text1109                           1450     1450       2A     28A0       0
                text1108                           1719     1719       47     2E32       0
                text1107                           1555     1555       2D     2AAA       0
                text1106                           137A     137A       14     26F4       0
                text1105                           13CE     13CE       19     279C       0
                text1104                           14A5     14A5       2C     294A       0
                text1103                           1760     1760       50     2EC0       0
                text1102                           168D     168D       46     2D1A       0
                text1101                            A64      A64       7D     14C8       0
                text1100                            C19      C19       A6     1832       0
                text1099                            898      898       68     1130       0
                text1098                           160E     160E       3B     2C1C       0
                text1097                           13A2     13A2       16     2744       0
                text1096                           138E     138E       14     271C       0
                text1095                           1354     1354       13     26A8       0
                text1094                           13E7     13E7       19     27CE       0
                text1093                           17B0     17B0       50     2F60       0
                text1092                            900      900       74     1200       0
                text1091                             15       15      263        8       0
                text1090                            F00      F00      100     1E00       0
                text1089                           14D1     14D1       2C     29A2       0
                text1088                           1582     1582       2D     2B04       0
                text1087                            805      805       35     100A       0
                text1086                            E12      E12       EE     1C24       0
                text1085                           14FD     14FD       2C     29FA       0
                text1084                           133C     133C        B     2678       0
                text1083                           1529     1529       2C     2A52       0
                text1082                           147A     147A       2B     28F4       0
                text1081                            629      629      120        8       0
                text1080                           13B8     13B8       16     2770       0
                text1079                           15AF     15AF       2F     2B5E       0
                text1078                            974      974       76     12E8       0
                text1077                            4CA      4CA      15F        8       0
                text1076                            83A      83A       5E     1074       0
                text1075                            9EA      9EA       7A     13D4       0
                text1074                            D66      D66       AC     1ACC       0
                text1073                            B79      B79       A0     16F2       0
                text1072                           16D3     16D3       46     2DA6       0
                maintext                            278      278      252        8       0
                cstackBANK0                          20       20       50       20       1
                cstackCOMMON                         72       72        B       70       1
                inittext                           1367     1367       13     26CE       0
                clrtext                             7F6      7F6        8      FEC       0
                bssBANK3                            190      190       20      190       1
                dataBANK1                            DC       DC        D       A0       1
                bssBANK1                             A0       A0       3C       A0       1
                bssCOMMON                            7D       7D        1       70       1
                bitbssCOMMON                        380       70        D       70       1     8
                cinit                              1400     1400       27     2800       0
                strings                             749      749       AD      E92       0
                idataBANK1                         1347     1347        D     268E       0

TOTAL           Name                               Link     Load   Length     Space
        CLASS   CONST          

        CLASS   CODE           
                end_init                             12       12        3         0
                intentry                              4        4        E         0
                reset_vec                             0        0        3         0
                text1114                            AE1      AE1       98         0
                text1113                           1649     1649       44         0
                text1112                           15DE     15DE       30         0
                text1111                            CBF      CBF       A7         0
                text1110                           1427     1427       29         0
                text1109                           1450     1450       2A         0
                text1108                           1719     1719       47         0
                text1107                           1555     1555       2D         0
                text1106                           137A     137A       14         0
                text1105                           13CE     13CE       19         0
                text1104                           14A5     14A5       2C         0
                text1103                           1760     1760       50         0
                text1102                           168D     168D       46         0
                text1101                            A64      A64       7D         0
                text1100                            C19      C19       A6         0
                text1099                            898      898       68         0
                text1098                           160E     160E       3B         0
                text1097                           13A2     13A2       16         0
                text1096                           138E     138E       14         0
                text1095                           1354     1354       13         0
                text1094                           13E7     13E7       19         0
                text1093                           17B0     17B0       50         0
                text1092                            900      900       74         0
                text1091                             15       15      263         0
                text1090                            F00      F00      100         0
                text1089                           14D1     14D1       2C         0
                text1088                           1582     1582       2D         0
                text1087                            805      805       35         0
                text1086                            E12      E12       EE         0
                text1085                           14FD     14FD       2C         0
                text1084                           133C     133C        B         0
                text1083                           1529     1529       2C         0
                text1082                           147A     147A       2B         0
                text1081                            629      629      120         0
                text1080                           13B8     13B8       16         0
                text1079                           15AF     15AF       2F         0
                text1078                            974      974       76         0
                text1077                            4CA      4CA      15F         0
                text1076                            83A      83A       5E         0
                text1075                            9EA      9EA       7A         0
                text1074                            D66      D66       AC         0
                text1073                            B79      B79       A0         0
                text1072                           16D3     16D3       46         0
                maintext                            278      278      252         0
                inittext                           1367     1367       13         0
                clrtext                             7F6      7F6        8         0
                cinit                              1400     1400       27         0
                idataBANK1                         1347     1347        D         0

        CLASS   STRCODE        

        CLASS   ENTRY          

        CLASS   STRING         
                strings                             749      749       AD         0

        CLASS   BANK0          
                cstackBANK0                          20       20       50         1

        CLASS   BANK1          
                dataBANK1                            DC       DC        D         1
                bssBANK1                             A0       A0       3C         1

        CLASS   BANK2          

        CLASS   BANK3          
                bssBANK3                            190      190       20         1

        CLASS   RAM            

        CLASS   ABS1           
                abs_s1                               7E       7E        2         1

        CLASS   COMMON         
                cstackCOMMON                         72       72        B         1
                bssCOMMON                            7D       7D        1         1
                bitbssCOMMON                        380       70        D         1

        CLASS   SFR0           

        CLASS   SFR1           

        CLASS   SFR2           

        CLASS   SFR3           

        CLASS   CONFIG         
                config                             2007     2007        1         0

        CLASS   IDLOC          

        CLASS   EEDATA         



SEGMENTS        Name                           Load    Length   Top    Selector   Space  Class     Delta

                reset_vec                      000000  000003  000003         0       0  CODE        2
                intentry                       000004  000745  000749         8       0  CODE        2
                cstackBANK0                    000020  000050  000070        20       1  BANK0       1
                bitbssCOMMON                   000070  00000E  00007E        70       1  COMMON      1
                bssBANK1                       0000A0  000049  0000E9        A0       1  BANK1       1
                bssBANK3                       000190  000020  0001B0       190       1  BANK3       1
                strings                        000749  0000AD  0007F6       E92       0  STRING      2
                clrtext                        0007F6  000008  0007FE       FEC       0  CODE        2
                text1087                       000805  000035  00083A      100A       0  CODE        2
                text1076                       00083A  00005E  000898      1074       0  CODE        2
                text1099                       000898  000068  000900      1130       0  CODE        2
                text1092                       000900  000074  000974      1200       0  CODE        2
                text1078                       000974  000076  0009EA      12E8       0  CODE        2
                text1075                       0009EA  00007A  000A64      13D4       0  CODE        2
                text1101                       000A64  00007D  000AE1      14C8       0  CODE        2
                text1114                       000AE1  000098  000B79      15C2       0  CODE        2
                text1073                       000B79  0000A0  000C19      16F2       0  CODE        2
                text1100                       000C19  0000A6  000CBF      1832       0  CODE        2
                text1111                       000CBF  0000A7  000D66      197E       0  CODE        2
                text1074                       000D66  0000AC  000E12      1ACC       0  CODE        2
                text1086                       000E12  0000EE  000F00      1C24       0  CODE        2
                text1090                       000F00  000100  001000      1E00       0  CODE        2
                text1084                       00133C  00000B  001347      2678       0  CODE        2
                idataBANK1                     001347  00000D  001354      268E       0  CODE        2
                text1095                       001354  000013  001367      26A8       0  CODE        2
                inittext                       001367  000013  00137A      26CE       0  CODE        2
                text1106                       00137A  000014  00138E      26F4       0  CODE        2
                text1096                       00138E  000014  0013A2      271C       0  CODE        2
                text1097                       0013A2  000016  0013B8      2744       0  CODE        2
                text1080                       0013B8  000016  0013CE      2770       0  CODE        2
                text1105                       0013CE  000019  0013E7      279C       0  CODE        2
                text1094                       0013E7  000019  001400      27CE       0  CODE        2
                cinit                          001400  000027  001427      2800       0  CODE        2
                text1110                       001427  000029  001450      284E       0  CODE        2
                text1109                       001450  00002A  00147A      28A0       0  CODE        2
                text1082                       00147A  00002B  0014A5      28F4       0  CODE        2
                text1104                       0014A5  00002C  0014D1      294A       0  CODE        2
                text1089                       0014D1  00002C  0014FD      29A2       0  CODE        2
                text1085                       0014FD  00002C  001529      29FA       0  CODE        2
                text1083                       001529  00002C  001555      2A52       0  CODE        2
                text1107                       001555  00002D  001582      2AAA       0  CODE        2
                text1088                       001582  00002D  0015AF      2B04       0  CODE        2
                text1079                       0015AF  00002F  0015DE      2B5E       0  CODE        2
                text1112                       0015DE  000030  00160E      2BBC       0  CODE        2
                text1098                       00160E  00003B  001649      2C1C       0  CODE        2
                text1113                       001649  000044  00168D      2C92       0  CODE        2
                text1102                       00168D  000046  0016D3      2D1A       0  CODE        2
                text1072                       0016D3  000046  001719      2DA6       0  CODE        2
                text1108                       001719  000047  001760      2E32       0  CODE        2
                text1103                       001760  000050  0017B0      2EC0       0  CODE        2
                text1093                       0017B0  000050  001800      2F60       0  CODE        2
                config                         002007  000001  002008      400E       0  CONFIG      2


UNUSED ADDRESS RANGES

        Name                Unused          Largest block    Delta
        BANK1            00E9-00EF              7           1
        BANK2            0110-016F             60           1
        BANK3            01B0-01EF             40           1
        CODE             0003-0003              1           2
                         07FE-0804              2
                         1000-133B            33C
                         1800-1FFF            800
        CONST            0003-0003              1           2
                         07FE-0804              2
                         1000-133B            100
                         1800-1FFF            100
        EEDATA           2100-21FF            100           2
        ENTRY            0003-0003              1           2
                         07FE-0804              2
                         1000-133B            100
                         1800-1FFF            100
        IDLOC            2000-2003              4           2
        RAM              00E9-00EF              7           1
                         0110-016F             60
                         01B0-01EF             40
        SFR0             0000-001F             20           1
        SFR1             0080-009F             20           1
        SFR2             0100-010F             10           1
        SFR3             0180-018F             10           1
        STRCODE          0003-0003              1           2
                         07FE-0804              7
                         1000-133B            33C
                         1800-1FFF            800
        STRING           0003-0003              1           2
                         07FE-0804              2
                         1000-133B            100
                         1800-1FFF            100

                                  Symbol Table

??_ADCconvert               cstackBANK0  002E
??_ChargeMode               cstackBANK0  0059
??_Debounce                 cstackCOMMON 0072
??_Menu                     cstackBANK0  0020
??_ReadButtons              cstackCOMMON 0073
??_RobotDrive               cstackBANK0  0024
??_UpdateDisplay            cstackBANK0  0045
??___awmod                  cstackBANK0  0024
??___awtoft                 cstackBANK0  0039
??___ftmul                  cstackBANK0  0042
??___ftpack                 cstackBANK0  0025
??___fttol                  cstackBANK0  002C
??___lwdiv                  cstackBANK0  002A
??___lwmod                  cstackBANK0  0032
??___wmul                   cstackBANK0  0024
??_abs                      cstackBANK0  0028
??_adc_read                 cstackBANK0  0022
??_adc_read_channel         cstackBANK0  0026
??_calibrateIR              cstackBANK0  0059
??_init                     cstackBANK0  0023
??_init_adc                 cstackBANK0  0020
??_isr1                     cstackCOMMON 0078
??_lcd_init                 cstackBANK0  0023
??_lcd_set_cursor           cstackBANK0  0023
??_lcd_write_control        cstackBANK0  0020
??_lcd_write_data           cstackBANK0  0020
??_lcd_write_string         cstackBANK0  0029
??_main                     cstackBANK0  0062
??_readAvgDistance          cstackBANK0  0030
??_readDistance             cstackBANK0  002A
??_robo_init                cstackBANK0  0022
??_robotMoveSpeed           cstackBANK0  005D
??_robotTurn                cstackBANK0  0024
??_robotTurnSpeed           cstackBANK0  005D
??_robot_read               cstackBANK0  0022
??_rotate                   cstackBANK0  0026
??_scan360                  cstackBANK0  005B
??_ser_getch                cstackBANK0  0020
??_ser_init                 cstackBANK0  0020
??_ser_isrx                 cstackBANK0  0020
??_ser_putch                cstackBANK0  0020
??_spi_transfer             cstackBANK0  0020
??_sprintf                  cstackBANK0  0039
??i1___lwmod                cstackCOMMON 0076
?_ADCconvert                cstackCOMMON 0072
?_ChargeMode                cstackCOMMON 0072
?_Debounce                  cstackCOMMON 0072
?_Menu                      cstackCOMMON 0072
?_ReadButtons               cstackCOMMON 0072
?_RobotDrive                cstackBANK0  0022
?_UpdateDisplay             cstackCOMMON 0072
?___awmod                   cstackBANK0  0020
?___awtoft                  cstackBANK0  0036
?___ftmul                   cstackBANK0  003C
?___ftpack                  cstackBANK0  0020
?___fttol                   cstackBANK0  0028
?___lwdiv                   cstackBANK0  0026
?___lwmod                   cstackBANK0  002E
?___wmul                    cstackBANK0  0020
?_abs                       cstackBANK0  0026
?_adc_read                  cstackBANK0  0020
?_adc_read_channel          cstackCOMMON 0072
?_calibrateIR               cstackCOMMON 0072
?_init                      cstackCOMMON 0072
?_init_adc                  cstackCOMMON 0072
?_isr1                      cstackCOMMON 0072
?_lcd_init                  cstackCOMMON 0072
?_lcd_set_cursor            cstackCOMMON 0072
?_lcd_write_control         cstackCOMMON 0072
?_lcd_write_data            cstackCOMMON 0072
?_lcd_write_string          cstackBANK0  0027
?_main                      cstackCOMMON 0072
?_readAvgDistance           cstackCOMMON 0072
?_readDistance              cstackBANK0  0028
?_robo_init                 cstackCOMMON 0072
?_robotMoveSpeed            cstackBANK0  0059
?_robotTurn                 cstackBANK0  0022
?_robotTurnSpeed            cstackBANK0  0059
?_robot_read                cstackCOMMON 0072
?_rotate                    cstackBANK0  0023
?_scan360                   cstackBANK0  0059
?_ser_getch                 cstackCOMMON 0072
?_ser_init                  cstackCOMMON 0072
?_ser_isrx                  cstackCOMMON 0072
?_ser_putch                 cstackCOMMON 0072
?_spi_transfer              cstackCOMMON 0072
?_sprintf                   cstackBANK0  0034
?i1___lwmod                 cstackCOMMON 0072
AT25256A@CS0                (abs)        0038
AT25256A@CS1                (abs)        0039
Menu@BTN_input              cstackBANK0  0020
RobotDrive@speed            cstackBANK0  0022
RobotDrive@speedhighByte    cstackBANK0  0026
RobotDrive@speedlowByte     cstackBANK0  0025
UpdateDisplay@F1242         bssBANK3     0190
UpdateDisplay@LCDOutput     cstackBANK0  0049
_ADCON0                     (abs)        001F
_ADCON1                     (abs)        009F
_ADCconvert                 text1091     0015
_ADRESH                     (abs)        001E
_ADRESL                     (abs)        009E
_AngleHighByte              bssBANK1     00C6
_AngleLowByte               bssBANK1     00C7
_BRGH                       (abs)        04C2
_BumpSensors                bssBANK1     00C8
_CARRY                      (abs)        0018
_CHS0                       (abs)        00FB
_CHS1                       (abs)        00FC
_CHS2                       (abs)        00FD
_CREN                       (abs)        00C4
_CenterDebounceCount        bssBANK1     00C9
_CenterPressed              bitbssCOMMON 0380
_CenterReleased             bitbssCOMMON 0381
_ChargeMode                 text1072     16D3
_Debounce                   text1114     0AE1
_DistHighByte               bssBANK1     00CA
_DistLowByte                bssBANK1     00CB
_DownDebounceCount          bssBANK1     00CC
_DownPressed                bitbssCOMMON 0382
_DownReleased               bitbssCOMMON 0383
_EEADR                      (abs)        010D
_EECON1                     (abs)        018C
_EECON2                     (abs)        018D
_EEDATA                     (abs)        010C
_GIE                        (abs)        005F
_GO                         (abs)        00FA
_IRdistance                 bssBANK1     00B0
_LeftDebounceCount          bssBANK1     00CD
_LeftPressed                bitbssCOMMON 0384
_LeftReleased               bitbssCOMMON 0385
_Menu                       text1108     1719
_OERR                       (abs)        00C1
_OPTION_REG                 (abs)        0081
_PEIE                       (abs)        005E
_PORTA                      (abs)        0005
_PORTD                      (abs)        0008
_PORTE                      (abs)        0009
_RB0                        (abs)        0030
_RB2                        (abs)        0032
_RB3                        (abs)        0033
_RB4                        (abs)        0034
_RB5                        (abs)        0035
_RB6                        (abs)        0036
_RC0                        (abs)        0038
_RC1                        (abs)        0039
_RC2                        (abs)        003A
_RCIE                       (abs)        0465
_RCIF                       (abs)        0065
_RCREG                      (abs)        001A
_RD                         (abs)        0C60
_RE0                        (abs)        0048
_RE1                        (abs)        0049
_RE2                        (abs)        004A
_ROBOTerror                 bssBANK1     00CE
_RTC_Counter                bssBANK1     00B2
_RTC_FLAG_1MS               bitbssCOMMON 0386
_RTC_FLAG_250MS             bitbssCOMMON 0387
_RTC_FLAG_500MS             bitbssCOMMON 0388
_RX9                        (abs)        00C6
_ReadButtons                text1112     15DE
_RightDebounceCount         bssBANK1     00CF
_RightPressed               bitbssCOMMON 0389
_RightReleased              bitbssCOMMON 038A
_RobotDrive                 text1088     1582
_SPBRG                      (abs)        0099
_SPEN                       (abs)        00C7
_SSPBUF                     (abs)        0013
_SSPCON                     (abs)        0014
_SSPIF                      (abs)        0063
_SSPSTAT                    (abs)        0094
_SYNC                       (abs)        04C4
_TMR0                       (abs)        0001
_TMR0IE                     (abs)        005D
_TMR0IF                     (abs)        005A
_TRISA                      (abs)        0085
_TRISB                      (abs)        0086
_TRISC                      (abs)        0087
_TRISD                      (abs)        0088
_TRISE                      (abs)        0089
_TX9                        (abs)        04C6
_TXEN                       (abs)        04C5
_TXIE                       (abs)        0464
_TXIF                       (abs)        0064
_TXREG                      (abs)        0019
_TotalDistTravelled         bssBANK1     00B4
_UpDebounceCount            bssBANK1     00D0
_UpPressed                  bitbssCOMMON 038B
_UpReleased                 bitbssCOMMON 038C
_UpdateDisplay              text1077     04CA
_VwallSensor                bssBANK1     00D1
_WR                         (abs)        0C61
_WREN                       (abs)        0C62
__Habs1                     abs1         0000
__Hbank0                    bank0        0000
__Hbank1                    bank1        0000
__Hbank2                    bank2        0000
__Hbank3                    bank3        0000
__HbitbssCOMMON             bitbssCOMMON 0000
__HbssBANK1                 bssBANK1     0000
__HbssBANK3                 bssBANK3     0000
__HbssCOMMON                bssCOMMON    0000
__Hcinit                    cinit        0000
__Hclrtext                  clrtext      0000
__Hcode                     code         0000
__Hcommon                   common       0000
__Hconfig                   config       2008
__HcstackBANK0              cstackBANK0  0000
__HcstackCOMMON             cstackCOMMON 0000
__HdataBANK1                dataBANK1    0000
__Heeprom_data              eeprom_data  0000
__Hend_init                 end_init     0015
__Hfunctab                  functab      0000
__HidataBANK1               idataBANK1   0000
__Hidloc                    idloc        0000
__Hinit                     init         0012
__Hinittext                 inittext     0000
__Hintentry                 intentry     0012
__Hmaintext                 maintext     0000
__Hpowerup                  powerup      0000
__Hram                      ram          0000
__Hreset_vec                reset_vec    0003
__Hsfr0                     sfr0         0000
__Hsfr1                     sfr1         0000
__Hsfr2                     sfr2         0000
__Hsfr3                     sfr3         0000
__Hstrings                  strings      0000
__Htext                     text         0000
__Labs1                     abs1         0000
__Lbank0                    bank0        0000
__Lbank1                    bank1        0000
__Lbank2                    bank2        0000
__Lbank3                    bank3        0000
__LbitbssCOMMON             bitbssCOMMON 0000
__LbssBANK1                 bssBANK1     0000
__LbssBANK3                 bssBANK3     0000
__LbssCOMMON                bssCOMMON    0000
__Lcinit                    cinit        0000
__Lclrtext                  clrtext      0000
__Lcode                     code         0000
__Lcommon                   common       0000
__Lconfig                   config       2007
__LcstackBANK0              cstackBANK0  0000
__LcstackCOMMON             cstackCOMMON 0000
__LdataBANK1                dataBANK1    0000
__Leeprom_data              eeprom_data  0000
__Lend_init                 end_init     0012
__Lfunctab                  functab      0000
__LidataBANK1               idataBANK1   0000
__Lidloc                    idloc        0000
__Linit                     init         0012
__Linittext                 inittext     0000
__Lintentry                 intentry     0004
__Lmaintext                 maintext     0000
__Lpowerup                  powerup      0000
__Lram                      ram          0000
__Lreset_vec                reset_vec    0000
__Lsfr0                     sfr0         0000
__Lsfr1                     sfr1         0000
__Lsfr2                     sfr2         0000
__Lsfr3                     sfr3         0000
__Lstrings                  strings      0000
__Ltext                     text         0000
__S0                        (abs)        2008
__S1                        (abs)        01B0
__S2                        (abs)        0000
___awmod                    text1099     0898
___awmod@counter            cstackBANK0  0025
___awmod@dividend           cstackBANK0  0022
___awmod@divisor            cstackBANK0  0020
___awmod@sign               cstackBANK0  0026
___awtoft                   text1085     14FD
___awtoft@c                 cstackBANK0  0036
___awtoft@sign              cstackBANK0  003B
___ftmul                    text1086     0E12
___ftmul@cntr               cstackBANK0  004A
___ftmul@exp                cstackBANK0  0046
___ftmul@f1                 cstackBANK0  003C
___ftmul@f2                 cstackBANK0  003F
___ftmul@f3_as_product      cstackBANK0  0047
___ftmul@sign               cstackBANK0  004B
___ftpack                   text1101     0A64
___ftpack@arg               cstackBANK0  0020
___ftpack@exp               cstackBANK0  0023
___ftpack@sign              cstackBANK0  0024
___fttol                    text1100     0C19
___fttol@exp1               cstackBANK0  0035
___fttol@f1                 cstackBANK0  0028
___fttol@lval               cstackBANK0  0031
___fttol@sign1              cstackBANK0  0030
___lwdiv                    text1103     1760
___lwdiv@counter            cstackBANK0  002D
___lwdiv@dividend           cstackBANK0  0028
___lwdiv@divisor            cstackBANK0  0026
___lwdiv@quotient           cstackBANK0  002B
___lwmod                    text1102     168D
___lwmod@counter            cstackBANK0  0033
___lwmod@dividend           cstackBANK0  0030
___lwmod@divisor            cstackBANK0  002E
___wmul                     text1104     14A5
___wmul@multiplicand        cstackBANK0  0022
___wmul@multiplier          cstackBANK0  0020
___wmul@product             cstackBANK0  0024
__end_of_ADCconvert         text1091     0278
__end_of_ChargeMode         text1072     1719
__end_of_Debounce           text1114     0B79
__end_of_Menu               text1108     1760
__end_of_ReadButtons        text1112     160E
__end_of_RobotDrive         text1088     15AF
__end_of_UpdateDisplay      text1077     0629
__end_of___awmod            text1099     0900
__end_of___awtoft           text1085     1529
__end_of___ftmul            text1086     0F00
__end_of___ftpack           text1101     0AE1
__end_of___fttol            text1100     0CBF
__end_of___lwdiv            text1103     17B0
__end_of___lwmod            text1102     16D3
__end_of___wmul             text1104     14D1
__end_of_abs                text1087     083A
__end_of_adc_read           text1110     1450
__end_of_adc_read_channel   text1098     1649
__end_of_calibrateIR        text1076     0898
__end_of_init               text1079     15DE
__end_of_init_adc           text1097     13B8
__end_of_isr1               text1111     0D66
__end_of_lcd_init           text1082     14A5
__end_of_lcd_set_cursor     text1084     1347
__end_of_lcd_write_control  text1096     13A2
__end_of_lcd_write_data     text1095     1367
__end_of_lcd_write_string   text1083     1555
__end_of_main               maintext     04CA
__end_of_readAvgDistance    text1078     09EA
__end_of_readDistance       text1080     13CE
__end_of_robo_init          text1094     1400
__end_of_robotMoveSpeed     text1074     0E12
__end_of_robotTurn          text1092     0974
__end_of_robotTurnSpeed     text1073     0C19
__end_of_robot_read         text1081     0749
__end_of_rotate             text1093     1800
__end_of_scan360            text1075     0A64
__end_of_ser_getch          text1089     14FD
__end_of_ser_init           text1109     147A
__end_of_ser_isrx           text1105     13E7
__end_of_ser_putch          text1107     1582
__end_of_spi_transfer       text1106     138E
__end_of_sprintf            text1090     1000
__end_ofi1___lwmod          text1113     168D
__pbitbssCOMMON             bitbssCOMMON 0380
__pbssBANK1                 bssBANK1     00A0
__pbssBANK3                 bssBANK3     0190
__pbssCOMMON                bssCOMMON    007D
__pcstackBANK0              cstackBANK0  0020
__pcstackCOMMON             cstackCOMMON 0072
__pdataBANK1                dataBANK1    00DC
__pidataBANK1               idataBANK1   1347
__pintentry                 intentry     0004
__pmaintext                 maintext     0278
__pstrings                  strings      0749
__ptext1072                 text1072     16D3
__ptext1073                 text1073     0B79
__ptext1074                 text1074     0D66
__ptext1075                 text1075     09EA
__ptext1076                 text1076     083A
__ptext1077                 text1077     04CA
__ptext1078                 text1078     0974
__ptext1079                 text1079     15AF
__ptext1080                 text1080     13B8
__ptext1081                 text1081     0629
__ptext1082                 text1082     147A
__ptext1083                 text1083     1529
__ptext1084                 text1084     133C
__ptext1085                 text1085     14FD
__ptext1086                 text1086     0E12
__ptext1087                 text1087     0805
__ptext1088                 text1088     1582
__ptext1089                 text1089     14D1
__ptext1090                 text1090     0F00
__ptext1091                 text1091     0015
__ptext1092                 text1092     0900
__ptext1093                 text1093     17B0
__ptext1094                 text1094     13E7
__ptext1095                 text1095     1354
__ptext1096                 text1096     138E
__ptext1097                 text1097     13A2
__ptext1098                 text1098     160E
__ptext1099                 text1099     0898
__ptext1100                 text1100     0C19
__ptext1101                 text1101     0A64
__ptext1102                 text1102     168D
__ptext1103                 text1103     1760
__ptext1104                 text1104     14A5
__ptext1105                 text1105     13CE
__ptext1106                 text1106     137A
__ptext1107                 text1107     1555
__ptext1108                 text1108     1719
__ptext1109                 text1109     1450
__ptext1110                 text1110     1427
__ptext1111                 text1111     0CBF
__ptext1112                 text1112     15DE
__ptext1113                 text1113     1649
__ptext1114                 text1114     0AE1
__ptext1115                 text1115     0000
__size_of_ADCconvert        (abs)        0000
__size_of_ChargeMode        (abs)        0000
__size_of_Debounce          (abs)        0000
__size_of_Menu              (abs)        0000
__size_of_ReadButtons       (abs)        0000
__size_of_RobotDrive        (abs)        0000
__size_of_UpdateDisplay     (abs)        0000
__size_of___awmod           (abs)        0000
__size_of___awtoft          (abs)        0000
__size_of___ftmul           (abs)        0000
__size_of___ftpack          (abs)        0000
__size_of___fttol           (abs)        0000
__size_of___lwdiv           (abs)        0000
__size_of___lwmod           (abs)        0000
__size_of___wmul            (abs)        0000
__size_of_abs               (abs)        0000
__size_of_adc_read          (abs)        0000
__size_of_adc_read_channel  (abs)        0000
__size_of_calibrateIR       (abs)        0000
__size_of_init              (abs)        0000
__size_of_init_adc          (abs)        0000
__size_of_isr1              (abs)        0000
__size_of_lcd_init          (abs)        0000
__size_of_lcd_set_cursor    (abs)        0000
__size_of_lcd_write_control (abs)        0000
__size_of_lcd_write_data    (abs)        0000
__size_of_lcd_write_string  (abs)        0000
__size_of_main              (abs)        0000
__size_of_readAvgDistance   (abs)        0000
__size_of_readDistance      (abs)        0000
__size_of_robo_init         (abs)        0000
__size_of_robotMoveSpeed    (abs)        0000
__size_of_robotTurn         (abs)        0000
__size_of_robotTurnSpeed    (abs)        0000
__size_of_robot_read        (abs)        0000
__size_of_rotate            (abs)        0000
__size_of_scan360           (abs)        0000
__size_of_ser_getch         (abs)        0000
__size_of_ser_init          (abs)        0000
__size_of_ser_isrx          (abs)        0000
__size_of_ser_putch         (abs)        0000
__size_of_spi_transfer      (abs)        0000
__size_of_sprintf           (abs)        0000
__size_ofi1___lwmod         (abs)        0000
_abs                        text1087     0805
_adcVal                     bssBANK1     00B6
_adc_read                   text1110     1427
_adc_read_channel           text1098     160E
_angleTurned                bssBANK1     00B8
_buttonPressed              bssCOMMON    007D
_calibrateIR                text1076     083A
_currentMenu                bssBANK1     00D2
_current_step               dataBANK1    00E8
_distTravelled              bssBANK1     00BA
_dist_high                  bssBANK1     00BC
_dist_low                   bssBANK1     00BE
_dpowers                    strings      0759
_exit                       init         0012
_highByte                   bssBANK1     00D3
_init                       text1079     15AF
_init_adc                   text1097     13A2
_isr1                       text1111     0CBF
_lcd_init                   text1082     147A
_lcd_set_cursor             text1084     133C
_lcd_write_control          text1096     138E
_lcd_write_data             text1095     1354
_lcd_write_string           text1083     1529
_lowByte                    bssBANK1     00D4
_main                       maintext     0278
_menuStrings                dataBANK1    00DC
_pos                        bssBANK1     00C0
_readAvgDistance            text1078     0974
_readDistance               text1080     13B8
_robo_init                  text1094     13E7
_robotMoveSpeed             text1074     0D66
_robotTurn                  text1092     0900
_robotTurnSpeed             text1073     0B79
_robot_read                 text1081     0629
_rotate                     text1093     17B0
_rxfifo                     bssBANK1     00A0
_rxiptr                     bssBANK1     00D5
_rxoptr                     bssBANK1     00D6
_scan360                    text1075     09EA
_ser_getch                  text1089     14D1
_ser_init                   text1109     1450
_ser_isrx                   text1105     13CE
_ser_putch                  text1107     1555
_ser_tmp                    bssBANK1     00D7
_shortMenuStrings           dataBANK1    00E2
_spi_transfer               text1106     137A
_sprintf                    text1090     0F00
_total                      bssBANK1     00C2
_totalSteps                 bssBANK1     00C4
_turnhighByte               bssBANK1     00D8
_turnlowByte                bssBANK1     00D9
_txfifo                     bssBANK3     01A0
_txiptr                     bssBANK1     00DA
_txoptr                     bssBANK1     00DB
abs@v                       cstackBANK0  0026
adc_read@adc_value          cstackBANK0  0024
adc_read_channel@channel    cstackBANK0  0027
btemp                       (abs)        007E
clear_ram                   clrtext      07F6
end_of_initialization       cinit        1423
i1___lwmod                  text1113     1649
i1___lwmod@counter          cstackCOMMON 0077
i1___lwmod@dividend         cstackCOMMON 0074
i1___lwmod@divisor          cstackCOMMON 0072
init_fetch                  inittext     1367
init_ram                    inittext     136B
interrupt_function          intentry     0004
intlevel0                   functab      0000
intlevel1                   functab      0000
intlevel2                   functab      0000
intlevel3                   functab      0000
intlevel4                   functab      0000
intlevel5                   functab      0000
lcd_set_cursor@address      cstackBANK0  0023
lcd_write_control@databyte  cstackBANK0  0022
lcd_write_data@databyte     cstackBANK0  0022
lcd_write_string@s          cstackBANK0  0027
main@RT2A                   cstackBANK0  0067
main@RT2P                   cstackBANK0  006E
main@choice                 cstackBANK0  006B
main@direction1             cstackBANK0  0065
main@shortwall              cstackBANK0  0069
main@shortwall_3022         cstackBANK0  006C
readAvgDistance@fullval     cstackBANK0  0030
readAvgDistance@i           cstackBANK0  0036
readAvgDistance@j           cstackBANK0  0032
readAvgDistance@tempIR      cstackBANK0  0034
readDistance@readVal        cstackBANK0  002C
reset_vec                   reset_vec    0000
robotMoveSpeed@distance     cstackBANK0  0059
robotMoveSpeed@speed        cstackBANK0  005B
robotMoveSpeed@temp1        cstackBANK0  0060
robotTurn@angle             cstackBANK0  0022
robotTurnSpeed@angle        cstackBANK0  0059
robotTurnSpeed@speed        cstackBANK0  005B
robotTurnSpeed@temp1        cstackBANK0  0060
robot_read@readType         cstackBANK0  0024
rotate@direction            cstackBANK0  0025
rotate@i                    cstackBANK0  0028
rotate@numsteps             cstackBANK0  0023
saved_w                     (abs)        007E
scan360@lowestSteps         cstackBANK0  005D
scan360@lowestVal           cstackBANK0  005B
scan360@steps               cstackBANK0  005F
ser_getch@c                 cstackBANK0  0021
ser_putch@c                 cstackBANK0  0021
spi_transfer@data           cstackBANK0  0022
spi_transfer@temp           cstackBANK0  0021
sprintf@_val                cstackBANK0  003F
sprintf@ap                  cstackBANK0  003C
sprintf@c                   cstackBANK0  0044
sprintf@f                   cstackBANK0  0034
sprintf@flag                cstackBANK0  003D
sprintf@prec                cstackBANK0  003E
sprintf@sp                  cstackBANK0  0043
start                       init         0012
start_initialization        cinit        1400
wtemp0                      (abs)        007E
