HI-TECH Software C Compiler 

Linker command line:

--edf=C:\Program Files\HI-TECH Software\PICC\9.83\dat\en_msgs.txt -cs \
  -h+Assignment3_AldnoahZero.sym -z -Q16F877A -ol.obj \
  -MAssignment3_AldnoahZero.map -E1 -ACONST=00h-0FFhx32 -ACODE=00h-07FFhx4 \
  -ASTRCODE=00h-01FFFh -AENTRY=00h-0FFhx32 -ASTRING=00h-0FFhx32 \
  -ABANK0=020h-06Fh -ABANK1=0A0h-0EFh -ABANK2=0110h-016Fh \
  -ABANK3=0190h-01EFh -ARAM=020h-06Fh,0A0h-0EFh,0110h-016Fh,0190h-01EFh \
  -AABS1=020h-07Fh,0A0h-0EFh,0110h-016Fh,0190h-01EFh -ACOMMON=070h-07Fh \
  -ASFR0=00h-01Fh -ASFR1=080h-09Fh -ASFR2=0100h-010Fh -ASFR3=0180h-018Fh \
  -preset_vec=00h,intentry=04h,init,end_init -ppowerup=CODE -pfunctab=CODE \
  -ACONFIG=02007h-02007h -pconfig=CONFIG -DCONFIG=2 -AIDLOC=02000h-02003h \
  -pidloc=IDLOC -DIDLOC=2 -AEEDATA=00h-0FFh/02100h -peeprom_data=EEDATA \
  -DEEDATA=2 -DCODE=2 -DSTRCODE=2 -DSTRING=2 -DCONST=2 -DENTRY=2 -k \
  startup.obj Assignment3_AldnoahZero.obj 

Object code version is 3.10

Machine type is 16F877A



                Name                               Link     Load   Length Selector   Space Scale
startup.obj     end_init                             12       12        3        8       0
                reset_vec                             0        0        3        0       0
Assignment3_AldnoahZero.obj
                intentry                              4        4        E        8       0
                config                             2007     2007        1     400E       0
                text1081                           1768     1768       98     2ED0       0
                text1080                           1445     1445       44     288A       0
                text1079                           136C     136C       30     26D8       0
                text1078                            92C      92C       A7     1258       0
                text1077                           11B5     11B5       29     236A       0
                text1076                           11DE     11DE       2A     23BC       0
                text1075                           14CF     14CF       47     299E       0
                text1074                           12E2     12E2       2D     25C4       0
                text1073                           110E     110E       14     221C       0
                text1072                           1162     1162       19     22C4       0
                text1071                           125E     125E       2C     24BC       0
                text1070                           1561     1561       50     2AC2       0
                text1069                           1489     1489       46     2912       0
                text1068                            8C4      8C4       68     1188       0
                text1067                           140A     140A       3B     2814       0
                text1066                           1136     1136       16     226C       0
                text1065                           1122     1122       14     2244       0
                text1064                           10E8     10E8       13     21D0       0
                text1063                           117B     117B       19     22F6       0
                text1062                           1208     1208       2B     2410       0
                text1061                           13D1     13D1       39     27A2       0
                text1060                           160F     160F       67     2C1E       0
                text1059                            24A      24A      223        8       0
                text1058                            674      674      100        8       0
                text1057                           128A     128A       2C     2514       0
                text1056                           1676     1676       74     2CEC       0
                text1055                           139C     139C       35     2738       0
                text1054                           10D0     10D0        B     21A0       0
                text1053                           12B6     12B6       2C     256C       0
                text1052                           1233     1233       2B     2466       0
                text1051                            B58      B58       FE     16B0       0
                text1050                            774      774       83        8       0
                text1049                           114C     114C       16     2298       0
                text1048                           133D     133D       2F     267A       0
                text1047                           16EA     16EA       7E     2DD4       0
                text1046                            E0B      E0B      1F5     1C16       0
                text1045                           15B1     15B1       5E     2B62       0
                text1044                            A7B      A7B       DD     14F6       0
                text1043                            9D3      9D3       A8     13A6       0
                text1042                            C56      C56      1B5     18AC       0
                text1041                            46D      46D      207        8       0
                text1040                           1516     1516       4B     2A2C       0
                text1039                           1194     1194       21     2328       0
                maintext                             15       15      235        8       0
                cstackBANK0                          20       20       49       20       1
                cstackCOMMON                         72       72        B       70       1
                inittext                           10FB     10FB       13     21F6       0
                clrtext                             7F7      7F7        8        8       0
                bssBANK3                            190      190       20      190       1
                dataBANK1                            DE       DE        D       A0       1
                bssBANK1                             A0       A0       3E       A0       1
                bssBANK0                             69       69        7       20       1
                bssCOMMON                            7D       7D        1       70       1
                bitbssCOMMON                        380       70        D       70       1     8
                cinit                              130F     130F       2E     261E       0
                strings                             800      800       C1     1000       0
                idataBANK1                         10DB     10DB        D     21B6       0

TOTAL           Name                               Link     Load   Length     Space
        CLASS   CONST          

        CLASS   CODE           
                end_init                             12       12        3         0
                intentry                              4        4        E         0
                reset_vec                             0        0        3         0
                text1081                           1768     1768       98         0
                text1080                           1445     1445       44         0
                text1079                           136C     136C       30         0
                text1078                            92C      92C       A7         0
                text1077                           11B5     11B5       29         0
                text1076                           11DE     11DE       2A         0
                text1075                           14CF     14CF       47         0
                text1074                           12E2     12E2       2D         0
                text1073                           110E     110E       14         0
                text1072                           1162     1162       19         0
                text1071                           125E     125E       2C         0
                text1070                           1561     1561       50         0
                text1069                           1489     1489       46         0
                text1068                            8C4      8C4       68         0
                text1067                           140A     140A       3B         0
                text1066                           1136     1136       16         0
                text1065                           1122     1122       14         0
                text1064                           10E8     10E8       13         0
                text1063                           117B     117B       19         0
                text1062                           1208     1208       2B         0
                text1061                           13D1     13D1       39         0
                text1060                           160F     160F       67         0
                text1059                            24A      24A      223         0
                text1058                            674      674      100         0
                text1057                           128A     128A       2C         0
                text1056                           1676     1676       74         0
                text1055                           139C     139C       35         0
                text1054                           10D0     10D0        B         0
                text1053                           12B6     12B6       2C         0
                text1052                           1233     1233       2B         0
                text1051                            B58      B58       FE         0
                text1050                            774      774       83         0
                text1049                           114C     114C       16         0
                text1048                           133D     133D       2F         0
                text1047                           16EA     16EA       7E         0
                text1046                            E0B      E0B      1F5         0
                text1045                           15B1     15B1       5E         0
                text1044                            A7B      A7B       DD         0
                text1043                            9D3      9D3       A8         0
                text1042                            C56      C56      1B5         0
                text1041                            46D      46D      207         0
                text1040                           1516     1516       4B         0
                text1039                           1194     1194       21         0
                maintext                             15       15      235         0
                inittext                           10FB     10FB       13         0
                clrtext                             7F7      7F7        8         0
                cinit                              130F     130F       2E         0
                idataBANK1                         10DB     10DB        D         0

        CLASS   STRCODE        

        CLASS   ENTRY          

        CLASS   STRING         
                strings                             800      800       C1         0

        CLASS   BANK0          
                cstackBANK0                          20       20       49         1
                bssBANK0                             69       69        7         1

        CLASS   BANK1          
                dataBANK1                            DE       DE        D         1
                bssBANK1                             A0       A0       3E         1

        CLASS   BANK2          

        CLASS   BANK3          
                bssBANK3                            190      190       20         1

        CLASS   RAM            

        CLASS   ABS1           
                abs_s1                               7E       7E        2         1

        CLASS   COMMON         
                cstackCOMMON                         72       72        B         1
                bssCOMMON                            7D       7D        1         1
                bitbssCOMMON                        380       70        D         1

        CLASS   SFR0           

        CLASS   SFR1           

        CLASS   SFR2           

        CLASS   SFR3           

        CLASS   CONFIG         
                config                             2007     2007        1         0

        CLASS   IDLOC          

        CLASS   EEDATA         



SEGMENTS        Name                           Load    Length   Top    Selector   Space  Class     Delta

                reset_vec                      000000  000003  000003         0       0  CODE        2
                intentry                       000004  0007FB  0007FF         8       0  CODE        2
                cstackBANK0                    000020  000050  000070        20       1  BANK0       1
                bitbssCOMMON                   000070  00000E  00007E        70       1  COMMON      1
                bssBANK1                       0000A0  00004B  0000EB        A0       1  BANK1       1
                bssBANK3                       000190  000020  0001B0       190       1  BANK3       1
                strings                        000800  0000C1  0008C1      1000       0  STRING      2
                text1068                       0008C4  000068  00092C      1188       0  CODE        2
                text1078                       00092C  0000A7  0009D3      1258       0  CODE        2
                text1043                       0009D3  0000A8  000A7B      13A6       0  CODE        2
                text1044                       000A7B  0000DD  000B58      14F6       0  CODE        2
                text1051                       000B58  0000FE  000C56      16B0       0  CODE        2
                text1042                       000C56  0001B5  000E0B      18AC       0  CODE        2
                text1046                       000E0B  0001F5  001000      1C16       0  CODE        2
                text1054                       0010D0  00000B  0010DB      21A0       0  CODE        2
                idataBANK1                     0010DB  00000D  0010E8      21B6       0  CODE        2
                text1064                       0010E8  000013  0010FB      21D0       0  CODE        2
                inittext                       0010FB  000013  00110E      21F6       0  CODE        2
                text1073                       00110E  000014  001122      221C       0  CODE        2
                text1065                       001122  000014  001136      2244       0  CODE        2
                text1066                       001136  000016  00114C      226C       0  CODE        2
                text1049                       00114C  000016  001162      2298       0  CODE        2
                text1072                       001162  000019  00117B      22C4       0  CODE        2
                text1063                       00117B  000019  001194      22F6       0  CODE        2
                text1039                       001194  000021  0011B5      2328       0  CODE        2
                text1077                       0011B5  000029  0011DE      236A       0  CODE        2
                text1076                       0011DE  00002A  001208      23BC       0  CODE        2
                text1062                       001208  00002B  001233      2410       0  CODE        2
                text1052                       001233  00002B  00125E      2466       0  CODE        2
                text1071                       00125E  00002C  00128A      24BC       0  CODE        2
                text1057                       00128A  00002C  0012B6      2514       0  CODE        2
                text1053                       0012B6  00002C  0012E2      256C       0  CODE        2
                text1074                       0012E2  00002D  00130F      25C4       0  CODE        2
                cinit                          00130F  00002E  00133D      261E       0  CODE        2
                text1048                       00133D  00002F  00136C      267A       0  CODE        2
                text1079                       00136C  000030  00139C      26D8       0  CODE        2
                text1055                       00139C  000035  0013D1      2738       0  CODE        2
                text1061                       0013D1  000039  00140A      27A2       0  CODE        2
                text1067                       00140A  00003B  001445      2814       0  CODE        2
                text1080                       001445  000044  001489      288A       0  CODE        2
                text1069                       001489  000046  0014CF      2912       0  CODE        2
                text1075                       0014CF  000047  001516      299E       0  CODE        2
                text1040                       001516  00004B  001561      2A2C       0  CODE        2
                text1070                       001561  000050  0015B1      2AC2       0  CODE        2
                text1045                       0015B1  00005E  00160F      2B62       0  CODE        2
                text1060                       00160F  000067  001676      2C1E       0  CODE        2
                text1056                       001676  000074  0016EA      2CEC       0  CODE        2
                text1047                       0016EA  00007E  001768      2DD4       0  CODE        2
                text1081                       001768  000098  001800      2ED0       0  CODE        2
                config                         002007  000001  002008      400E       0  CONFIG      2


UNUSED ADDRESS RANGES

        Name                Unused          Largest block    Delta
        BANK1            00EB-00EF              5           1
        BANK2            0110-016F             60           1
        BANK3            01B0-01EF             40           1
        CODE             0003-0003              1           2
                         07FF-07FF              1
                         08C1-08C3              3
                         1000-10CF             D0
                         1800-1FFF            800
        CONST            0003-0003              1           2
                         07FF-07FF              1
                         08C1-08C3              3
                         1000-10CF             D0
                         1800-1FFF            100
        EEDATA           2100-21FF            100           2
        ENTRY            0003-0003              1           2
                         07FF-07FF              1
                         08C1-08C3              3
                         1000-10CF             D0
                         1800-1FFF            100
        IDLOC            2000-2003              4           2
        RAM              00EB-00EF              5           1
                         0110-016F             60
                         01B0-01EF             40
        SFR0             0000-001F             20           1
        SFR1             0080-009F             20           1
        SFR2             0100-010F             10           1
        SFR3             0180-018F             10           1
        STRCODE          0003-0003              1           2
                         07FF-07FF              1
                         08C1-08C3              3
                         1000-10CF             D0
                         1800-1FFF            800
        STRING           0003-0003              1           2
                         07FF-07FF              1
                         08C1-08C3              3
                         1000-10CF             D0
                         1800-1FFF            100

                                  Symbol Table

??_ADCconvert               cstackBANK0  002E
??_ChargeMode               cstackBANK0  0059
??_Debounce                 cstackCOMMON 0072
??_Init_Follow_IR           cstackBANK0  0059
??_Menu                     cstackBANK0  0020
??_ReadButtons              cstackCOMMON 0073
??_RobotBattRead            cstackBANK0  0022
??_RobotDrive               cstackBANK0  0026
??_UpdateDisplay            cstackBANK0  0045
??___awmod                  cstackBANK0  0024
??___lwdiv                  cstackBANK0  002A
??___lwmod                  cstackBANK0  0032
??___wmul                   cstackBANK0  0024
??_abs                      cstackBANK0  0028
??_adc_read                 cstackBANK0  0022
??_adc_read_channel         cstackBANK0  0026
??_calibrateIR              cstackBANK0  0059
??_init                     cstackBANK0  0023
??_init_adc                 cstackBANK0  0020
??_isr1                     cstackCOMMON 0078
??_lcd_init                 cstackBANK0  0023
??_lcd_set_cursor           cstackBANK0  0023
??_lcd_write_control        cstackBANK0  0020
??_lcd_write_data           cstackBANK0  0020
??_lcd_write_string         cstackBANK0  0029
??_main                     cstackBANK0  0063
??_readAvgDistance          cstackBANK0  0030
??_readDistance             cstackBANK0  002A
??_robo_init                cstackBANK0  0022
??_robotFollow              cstackBANK0  005D
??_robotLoadSong            cstackBANK0  0022
??_robotMoveSpeed           cstackBANK0  005D
??_robotTurn                cstackBANK0  0024
??_robotTurnSpeed           cstackBANK0  005D
??_robot_read               cstackBANK0  0022
??_robot_turnRight          cstackBANK0  005D
??_rotate                   cstackBANK0  0026
??_ser_getch                cstackBANK0  0020
??_ser_init                 cstackBANK0  0020
??_ser_isrx                 cstackBANK0  0020
??_ser_putch                cstackBANK0  0020
??_spi_transfer             cstackBANK0  0020
??_sprintf                  cstackBANK0  0039
??i1___lwmod                cstackCOMMON 0076
?_ADCconvert                cstackCOMMON 0072
?_ChargeMode                cstackCOMMON 0072
?_Debounce                  cstackCOMMON 0072
?_Init_Follow_IR            cstackCOMMON 0072
?_Menu                      cstackCOMMON 0072
?_ReadButtons               cstackCOMMON 0072
?_RobotBattRead             cstackCOMMON 0072
?_RobotDrive                cstackBANK0  0022
?_UpdateDisplay             cstackCOMMON 0072
?___awmod                   cstackBANK0  0020
?___lwdiv                   cstackBANK0  0026
?___lwmod                   cstackBANK0  002E
?___wmul                    cstackBANK0  0020
?_abs                       cstackBANK0  0026
?_adc_read                  cstackBANK0  0020
?_adc_read_channel          cstackCOMMON 0072
?_calibrateIR               cstackCOMMON 0072
?_init                      cstackCOMMON 0072
?_init_adc                  cstackCOMMON 0072
?_isr1                      cstackCOMMON 0072
?_lcd_init                  cstackCOMMON 0072
?_lcd_set_cursor            cstackCOMMON 0072
?_lcd_write_control         cstackCOMMON 0072
?_lcd_write_data            cstackCOMMON 0072
?_lcd_write_string          cstackBANK0  0027
?_main                      cstackCOMMON 0072
?_readAvgDistance           cstackCOMMON 0072
?_readDistance              cstackBANK0  0028
?_robo_init                 cstackCOMMON 0072
?_robotFollow               cstackBANK0  0059
?_robotLoadSong             cstackCOMMON 0072
?_robotMoveSpeed            cstackBANK0  0059
?_robotTurn                 cstackBANK0  0022
?_robotTurnSpeed            cstackBANK0  0059
?_robot_read                cstackCOMMON 0072
?_robot_turnRight           cstackBANK0  0059
?_rotate                    cstackBANK0  0023
?_ser_getch                 cstackCOMMON 0072
?_ser_init                  cstackCOMMON 0072
?_ser_isrx                  cstackCOMMON 0072
?_ser_putch                 cstackCOMMON 0072
?_spi_transfer              cstackCOMMON 0072
?_sprintf                   cstackBANK0  0034
?i1___lwmod                 cstackCOMMON 0072
AT25256A@CS0                (abs)        0038
AT25256A@CS1                (abs)        0039
Menu@BTN_input              cstackBANK0  0020
RobotBattRead@temp1         cstackBANK0  0024
RobotDrive@radius           cstackBANK0  0024
RobotDrive@radiushighByte   cstackBANK0  002A
RobotDrive@radiuslowByte    cstackBANK0  0029
RobotDrive@speed            cstackBANK0  0022
RobotDrive@speedhighByte    cstackBANK0  0028
RobotDrive@speedlowByte     cstackBANK0  0027
UpdateDisplay@F1261         bssBANK3     0190
UpdateDisplay@LCDOutput     cstackBANK0  0049
_ADCON0                     (abs)        001F
_ADCON1                     (abs)        009F
_ADCconvert                 text1059     024A
_ADRESH                     (abs)        001E
_ADRESL                     (abs)        009E
_AngleHighByte              bssBANK1     00CC
_AngleLowByte               bssBANK1     00CD
_BRGH                       (abs)        04C2
_BattCharge                 bssBANK1     00B0
_BattState                  bssBANK1     00B2
_BumpSensors                bssBANK0     006B
_CARRY                      (abs)        0018
_CHS0                       (abs)        00FB
_CHS1                       (abs)        00FC
_CHS2                       (abs)        00FD
_CREN                       (abs)        00C4
_CenterDebounceCount        bssBANK1     00CE
_CenterPressed              bitbssCOMMON 0380
_CenterReleased             bitbssCOMMON 0381
_ChargeMode                 text1040     1516
_CliffSensors               bssBANK0     006C
_Debounce                   text1081     1768
_Disp1                      bssBANK1     00B4
_Disp2                      bssBANK1     00B6
_DistHighByte               bssBANK0     006D
_DistLowByte                bssBANK0     006E
_DownDebounceCount          bssBANK1     00CF
_DownPressed                bitbssCOMMON 0382
_DownReleased               bitbssCOMMON 0383
_EEADR                      (abs)        010D
_EECON1                     (abs)        018C
_EECON2                     (abs)        018D
_EEDATA                     (abs)        010C
_GIE                        (abs)        005F
_GO                         (abs)        00FA
_IRdistance                 bssBANK1     00B8
_Init_Follow_IR             text1039     1194
_LeftDebounceCount          bssBANK1     00D0
_LeftPressed                bitbssCOMMON 0384
_LeftReleased               bitbssCOMMON 0385
_Menu                       text1075     14CF
_OERR                       (abs)        00C1
_OPTION_REG                 (abs)        0081
_PEIE                       (abs)        005E
_PORTA                      (abs)        0005
_PORTD                      (abs)        0008
_PORTE                      (abs)        0009
_RB0                        (abs)        0030
_RB2                        (abs)        0032
_RB3                        (abs)        0033
_RB4                        (abs)        0034
_RB5                        (abs)        0035
_RB6                        (abs)        0036
_RC0                        (abs)        0038
_RC1                        (abs)        0039
_RC2                        (abs)        003A
_RCIE                       (abs)        0465
_RCIF                       (abs)        0065
_RCREG                      (abs)        001A
_RD                         (abs)        0C60
_RE0                        (abs)        0048
_RE1                        (abs)        0049
_RE2                        (abs)        004A
_ROBOTerror                 bssBANK1     00D1
_RTC_Counter                bssBANK1     00BA
_RTC_FLAG_1MS               bitbssCOMMON 0386
_RTC_FLAG_250MS             bitbssCOMMON 0387
_RTC_FLAG_500MS             bitbssCOMMON 0388
_RX9                        (abs)        00C6
_ReadButtons                text1079     136C
_RightDebounceCount         bssBANK1     00D2
_RightPressed               bitbssCOMMON 0389
_RightReleased              bitbssCOMMON 038A
_RobotBattRead              text1050     0774
_RobotDrive                 text1061     13D1
_SPBRG                      (abs)        0099
_SPEN                       (abs)        00C7
_SSPBUF                     (abs)        0013
_SSPCON                     (abs)        0014
_SSPIF                      (abs)        0063
_SSPSTAT                    (abs)        0094
_SYNC                       (abs)        04C4
_TMR0                       (abs)        0001
_TMR0IE                     (abs)        005D
_TMR0IF                     (abs)        005A
_TRISA                      (abs)        0085
_TRISB                      (abs)        0086
_TRISC                      (abs)        0087
_TRISD                      (abs)        0088
_TRISE                      (abs)        0089
_TX9                        (abs)        04C6
_TXEN                       (abs)        04C5
_TXIE                       (abs)        0464
_TXIF                       (abs)        0064
_TXREG                      (abs)        0019
_TotalDistTravelled         bssBANK1     00BC
_UpDebounceCount            bssBANK1     00D3
_UpPressed                  bitbssCOMMON 038B
_UpReleased                 bitbssCOMMON 038C
_UpdateDisplay              text1046     0E0B
_VwallSensor                bssBANK0     006F
_WR                         (abs)        0C61
_WREN                       (abs)        0C62
__Habs1                     abs1         0000
__Hbank0                    bank0        0000
__Hbank1                    bank1        0000
__Hbank2                    bank2        0000
__Hbank3                    bank3        0000
__HbitbssCOMMON             bitbssCOMMON 0000
__HbssBANK0                 bssBANK0     0000
__HbssBANK1                 bssBANK1     0000
__HbssBANK3                 bssBANK3     0000
__HbssCOMMON                bssCOMMON    0000
__Hcinit                    cinit        0000
__Hclrtext                  clrtext      0000
__Hcode                     code         0000
__Hcommon                   common       0000
__Hconfig                   config       2008
__HcstackBANK0              cstackBANK0  0000
__HcstackCOMMON             cstackCOMMON 0000
__HdataBANK1                dataBANK1    0000
__Heeprom_data              eeprom_data  0000
__Hend_init                 end_init     0015
__Hfunctab                  functab      0000
__HidataBANK1               idataBANK1   0000
__Hidloc                    idloc        0000
__Hinit                     init         0012
__Hinittext                 inittext     0000
__Hintentry                 intentry     0012
__Hmaintext                 maintext     0000
__Hpowerup                  powerup      0000
__Hram                      ram          0000
__Hreset_vec                reset_vec    0003
__Hsfr0                     sfr0         0000
__Hsfr1                     sfr1         0000
__Hsfr2                     sfr2         0000
__Hsfr3                     sfr3         0000
__Hstrings                  strings      0000
__Htext                     text         0000
__Labs1                     abs1         0000
__Lbank0                    bank0        0000
__Lbank1                    bank1        0000
__Lbank2                    bank2        0000
__Lbank3                    bank3        0000
__LbitbssCOMMON             bitbssCOMMON 0000
__LbssBANK0                 bssBANK0     0000
__LbssBANK1                 bssBANK1     0000
__LbssBANK3                 bssBANK3     0000
__LbssCOMMON                bssCOMMON    0000
__Lcinit                    cinit        0000
__Lclrtext                  clrtext      0000
__Lcode                     code         0000
__Lcommon                   common       0000
__Lconfig                   config       2007
__LcstackBANK0              cstackBANK0  0000
__LcstackCOMMON             cstackCOMMON 0000
__LdataBANK1                dataBANK1    0000
__Leeprom_data              eeprom_data  0000
__Lend_init                 end_init     0012
__Lfunctab                  functab      0000
__LidataBANK1               idataBANK1   0000
__Lidloc                    idloc        0000
__Linit                     init         0012
__Linittext                 inittext     0000
__Lintentry                 intentry     0004
__Lmaintext                 maintext     0000
__Lpowerup                  powerup      0000
__Lram                      ram          0000
__Lreset_vec                reset_vec    0000
__Lsfr0                     sfr0         0000
__Lsfr1                     sfr1         0000
__Lsfr2                     sfr2         0000
__Lsfr3                     sfr3         0000
__Lstrings                  strings      0000
__Ltext                     text         0000
__S0                        (abs)        2008
__S1                        (abs)        01B0
__S2                        (abs)        0000
___awmod                    text1068     08C4
___awmod@counter            cstackBANK0  0025
___awmod@dividend           cstackBANK0  0022
___awmod@divisor            cstackBANK0  0020
___awmod@sign               cstackBANK0  0026
___lwdiv                    text1070     1561
___lwdiv@counter            cstackBANK0  002D
___lwdiv@dividend           cstackBANK0  0028
___lwdiv@divisor            cstackBANK0  0026
___lwdiv@quotient           cstackBANK0  002B
___lwmod                    text1069     1489
___lwmod@counter            cstackBANK0  0033
___lwmod@dividend           cstackBANK0  0030
___lwmod@divisor            cstackBANK0  002E
___wmul                     text1071     125E
___wmul@multiplicand        cstackBANK0  0022
___wmul@multiplier          cstackBANK0  0020
___wmul@product             cstackBANK0  0024
__end_of_ADCconvert         text1059     046D
__end_of_ChargeMode         text1040     1561
__end_of_Debounce           text1081     1800
__end_of_Init_Follow_IR     text1039     11B5
__end_of_Menu               text1075     1516
__end_of_ReadButtons        text1079     139C
__end_of_RobotBattRead      text1050     07F7
__end_of_RobotDrive         text1061     140A
__end_of_UpdateDisplay      text1046     1000
__end_of___awmod            text1068     092C
__end_of___lwdiv            text1070     15B1
__end_of___lwmod            text1069     14CF
__end_of___wmul             text1071     128A
__end_of_abs                text1055     13D1
__end_of_adc_read           text1077     11DE
__end_of_adc_read_channel   text1067     1445
__end_of_calibrateIR        text1045     160F
__end_of_init               text1048     136C
__end_of_init_adc           text1066     114C
__end_of_isr1               text1078     09D3
__end_of_lcd_init           text1052     125E
__end_of_lcd_set_cursor     text1054     10DB
__end_of_lcd_write_control  text1065     1136
__end_of_lcd_write_data     text1064     10FB
__end_of_lcd_write_string   text1053     12E2
__end_of_main               maintext     024A
__end_of_readAvgDistance    text1047     1768
__end_of_readDistance       text1049     1162
__end_of_robo_init          text1063     1194
__end_of_robotFollow        text1042     0E0B
__end_of_robotLoadSong      text1062     1233
__end_of_robotMoveSpeed     text1044     0B58
__end_of_robotTurn          text1056     16EA
__end_of_robotTurnSpeed     text1043     0A7B
__end_of_robot_read         text1051     0C56
__end_of_robot_turnRight    text1041     0674
__end_of_rotate             text1060     1676
__end_of_ser_getch          text1057     12B6
__end_of_ser_init           text1076     1208
__end_of_ser_isrx           text1072     117B
__end_of_ser_putch          text1074     130F
__end_of_spi_transfer       text1073     1122
__end_of_sprintf            text1058     0774
__end_ofi1___lwmod          text1080     1489
__pbitbssCOMMON             bitbssCOMMON 0380
__pbssBANK0                 bssBANK0     0069
__pbssBANK1                 bssBANK1     00A0
__pbssBANK3                 bssBANK3     0190
__pbssCOMMON                bssCOMMON    007D
__pcstackBANK0              cstackBANK0  0020
__pcstackCOMMON             cstackCOMMON 0072
__pdataBANK1                dataBANK1    00DE
__pidataBANK1               idataBANK1   10DB
__pintentry                 intentry     0004
__pmaintext                 maintext     0015
__pstrings                  strings      0800
__ptext1039                 text1039     1194
__ptext1040                 text1040     1516
__ptext1041                 text1041     046D
__ptext1042                 text1042     0C56
__ptext1043                 text1043     09D3
__ptext1044                 text1044     0A7B
__ptext1045                 text1045     15B1
__ptext1046                 text1046     0E0B
__ptext1047                 text1047     16EA
__ptext1048                 text1048     133D
__ptext1049                 text1049     114C
__ptext1050                 text1050     0774
__ptext1051                 text1051     0B58
__ptext1052                 text1052     1233
__ptext1053                 text1053     12B6
__ptext1054                 text1054     10D0
__ptext1055                 text1055     139C
__ptext1056                 text1056     1676
__ptext1057                 text1057     128A
__ptext1058                 text1058     0674
__ptext1059                 text1059     024A
__ptext1060                 text1060     160F
__ptext1061                 text1061     13D1
__ptext1062                 text1062     1208
__ptext1063                 text1063     117B
__ptext1064                 text1064     10E8
__ptext1065                 text1065     1122
__ptext1066                 text1066     1136
__ptext1067                 text1067     140A
__ptext1068                 text1068     08C4
__ptext1069                 text1069     1489
__ptext1070                 text1070     1561
__ptext1071                 text1071     125E
__ptext1072                 text1072     1162
__ptext1073                 text1073     110E
__ptext1074                 text1074     12E2
__ptext1075                 text1075     14CF
__ptext1076                 text1076     11DE
__ptext1077                 text1077     11B5
__ptext1078                 text1078     092C
__ptext1079                 text1079     136C
__ptext1080                 text1080     1445
__ptext1081                 text1081     1768
__ptext1082                 text1082     0000
__size_of_ADCconvert        (abs)        0000
__size_of_ChargeMode        (abs)        0000
__size_of_Debounce          (abs)        0000
__size_of_Init_Follow_IR    (abs)        0000
__size_of_Menu              (abs)        0000
__size_of_ReadButtons       (abs)        0000
__size_of_RobotBattRead     (abs)        0000
__size_of_RobotDrive        (abs)        0000
__size_of_UpdateDisplay     (abs)        0000
__size_of___awmod           (abs)        0000
__size_of___lwdiv           (abs)        0000
__size_of___lwmod           (abs)        0000
__size_of___wmul            (abs)        0000
__size_of_abs               (abs)        0000
__size_of_adc_read          (abs)        0000
__size_of_adc_read_channel  (abs)        0000
__size_of_calibrateIR       (abs)        0000
__size_of_init              (abs)        0000
__size_of_init_adc          (abs)        0000
__size_of_isr1              (abs)        0000
__size_of_lcd_init          (abs)        0000
__size_of_lcd_set_cursor    (abs)        0000
__size_of_lcd_write_control (abs)        0000
__size_of_lcd_write_data    (abs)        0000
__size_of_lcd_write_string  (abs)        0000
__size_of_main              (abs)        0000
__size_of_readAvgDistance   (abs)        0000
__size_of_readDistance      (abs)        0000
__size_of_robo_init         (abs)        0000
__size_of_robotFollow       (abs)        0000
__size_of_robotLoadSong     (abs)        0000
__size_of_robotMoveSpeed    (abs)        0000
__size_of_robotTurn         (abs)        0000
__size_of_robotTurnSpeed    (abs)        0000
__size_of_robot_read        (abs)        0000
__size_of_robot_turnRight   (abs)        0000
__size_of_rotate            (abs)        0000
__size_of_ser_getch         (abs)        0000
__size_of_ser_init          (abs)        0000
__size_of_ser_isrx          (abs)        0000
__size_of_ser_putch         (abs)        0000
__size_of_spi_transfer      (abs)        0000
__size_of_sprintf           (abs)        0000
__size_ofi1___lwmod         (abs)        0000
_abs                        text1055     139C
_adcVal                     bssBANK0     0069
_adc_read                   text1077     11B5
_adc_read_channel           text1067     140A
_angleTurned                bssBANK1     00BE
_buttonPressed              bssCOMMON    007D
_calibrateIR                text1045     15B1
_currentMenu                bssBANK1     00D4
_current_step               dataBANK1    00EA
_distTravelled              bssBANK1     00C0
_dist_high                  bssBANK1     00C2
_dist_low                   bssBANK1     00C4
_dpowers                    strings      0810
_exit                       init         0012
_highByte                   bssBANK1     00D5
_init                       text1048     133D
_init_adc                   text1066     1136
_isr1                       text1078     092C
_lcd_init                   text1052     1233
_lcd_set_cursor             text1054     10D0
_lcd_write_control          text1065     1122
_lcd_write_data             text1064     10E8
_lcd_write_string           text1053     12B6
_lowByte                    bssBANK1     00D6
_main                       maintext     0015
_menuStrings                dataBANK1    00DE
_pos                        bssBANK1     00C6
_readAvgDistance            text1047     16EA
_readDistance               text1049     114C
_robo_init                  text1063     117B
_robotFollow                text1042     0C56
_robotLoadSong              text1062     1208
_robotMoveSpeed             text1044     0A7B
_robotTurn                  text1056     1676
_robotTurnSpeed             text1043     09D3
_robot_read                 text1051     0B58
_robot_turnRight            text1041     046D
_rotate                     text1060     160F
_rxfifo                     bssBANK1     00A0
_rxiptr                     bssBANK1     00D7
_rxoptr                     bssBANK1     00D8
_ser_getch                  text1057     128A
_ser_init                   text1076     11DE
_ser_isrx                   text1072     1162
_ser_putch                  text1074     12E2
_ser_tmp                    bssBANK1     00D9
_shortMenuStrings           dataBANK1    00E4
_spi_transfer               text1073     110E
_sprintf                    text1058     0674
_total                      bssBANK1     00C8
_totalSteps                 bssBANK1     00CA
_turnhighByte               bssBANK1     00DA
_turnlowByte                bssBANK1     00DB
_txfifo                     bssBANK3     01A0
_txiptr                     bssBANK1     00DC
_txoptr                     bssBANK1     00DD
abs@v                       cstackBANK0  0026
adc_read@adc_value          cstackBANK0  0024
adc_read_channel@channel    cstackBANK0  0027
btemp                       (abs)        007E
clear_ram                   clrtext      07F7
end_of_initialization       cinit        1339
i1___lwmod                  text1080     1445
i1___lwmod@counter          cstackCOMMON 0077
i1___lwmod@dividend         cstackCOMMON 0074
i1___lwmod@divisor          cstackCOMMON 0072
init_fetch                  inittext     10FB
init_ram                    inittext     10FF
interrupt_function          intentry     0004
intlevel0                   functab      0000
intlevel1                   functab      0000
intlevel2                   functab      0000
intlevel3                   functab      0000
intlevel4                   functab      0000
intlevel5                   functab      0000
lcd_set_cursor@address      cstackBANK0  0023
lcd_write_control@databyte  cstackBANK0  0022
lcd_write_data@databyte     cstackBANK0  0022
lcd_write_string@s          cstackBANK0  0027
main@choice                 cstackBANK0  0068
main@shortwall              cstackBANK0  0066
readAvgDistance@fullval     cstackBANK0  0030
readAvgDistance@i           cstackBANK0  0036
readAvgDistance@j           cstackBANK0  0032
readAvgDistance@tempIR      cstackBANK0  0034
readDistance@readVal        cstackBANK0  002C
reset_vec                   reset_vec    0000
robotFollow@AdcTarget       cstackBANK0  005B
robotFollow@speed           cstackBANK0  0059
robotFollow@temp1           cstackBANK0  0061
robotFollow@turncounter     cstackBANK0  005F
robotMoveSpeed@distance     cstackBANK0  0059
robotMoveSpeed@speed        cstackBANK0  005B
robotMoveSpeed@temp1        cstackBANK0  0060
robotTurn@angle             cstackBANK0  0022
robotTurnSpeed@angle        cstackBANK0  0059
robotTurnSpeed@speed        cstackBANK0  005B
robotTurnSpeed@temp1        cstackBANK0  0060
robot_read@readType         cstackBANK0  0023
robot_turnRight@AdcTarget   cstackBANK0  005B
robot_turnRight@speed       cstackBANK0  0059
robot_turnRight@temp1       cstackBANK0  0060
rotate@direction            cstackBANK0  0025
rotate@i                    cstackBANK0  0028
rotate@numsteps             cstackBANK0  0023
saved_w                     (abs)        007E
ser_getch@c                 cstackBANK0  0021
ser_putch@c                 cstackBANK0  0021
spi_transfer@data           cstackBANK0  0022
spi_transfer@temp           cstackBANK0  0021
sprintf@_val                cstackBANK0  003F
sprintf@ap                  cstackBANK0  003C
sprintf@c                   cstackBANK0  0044
sprintf@f                   cstackBANK0  0034
sprintf@flag                cstackBANK0  003D
sprintf@prec                cstackBANK0  003E
sprintf@sp                  cstackBANK0  0043
start                       init         0012
start_initialization        cinit        130F
wtemp0                      (abs)        007E
