HI-TECH Software C Compiler 

Linker command line:

--edf=C:\Program Files (x86)\HI-TECH Software\PICC\9.83\dat\en_msgs.txt -cs \
  -h+Assignment3_AldnoahZero.sym -z -Q16F877A -ol.obj \
  -MAssignment3_AldnoahZero.map -E1 -ACONST=00h-0FFhx32 -ACODE=00h-07FFhx4 \
  -ASTRCODE=00h-01FFFh -AENTRY=00h-0FFhx32 -ASTRING=00h-0FFhx32 \
  -ABANK0=020h-06Fh -ABANK1=0A0h-0EFh -ABANK2=0110h-016Fh \
  -ABANK3=0190h-01EFh -ARAM=020h-06Fh,0A0h-0EFh,0110h-016Fh,0190h-01EFh \
  -AABS1=020h-07Fh,0A0h-0EFh,0110h-016Fh,0190h-01EFh -ACOMMON=070h-07Fh \
  -ASFR0=00h-01Fh -ASFR1=080h-09Fh -ASFR2=0100h-010Fh -ASFR3=0180h-018Fh \
  -preset_vec=00h,intentry=04h,init,end_init -ppowerup=CODE -pfunctab=CODE \
  -ACONFIG=02007h-02007h -pconfig=CONFIG -DCONFIG=2 -AIDLOC=02000h-02003h \
  -pidloc=IDLOC -DIDLOC=2 -AEEDATA=00h-0FFh/02100h -peeprom_data=EEDATA \
  -DEEDATA=2 -DCODE=2 -DSTRCODE=2 -DSTRING=2 -DCONST=2 -DENTRY=2 -k \
  startup.obj Assignment3_AldnoahZero.obj 

Object code version is 3.10

Machine type is 16F877A



                Name                               Link     Load   Length Selector   Space Scale
startup.obj     end_init                             12       12        3        8       0
                reset_vec                             0        0        3        0       0
Assignment3_AldnoahZero.obj
                intentry                              4        4        E        8       0
                config                             2007     2007        1     400E       0
                text675                             B6C      B6C       27     16D8       0
                text674                             EA2      EA2       7C     1D44       0
                text673                             BBB      BBB       2A     1776       0
                text672                             D99      D99       4E     1B32       0
                text671                             D0C      D0C       46     1A18       0
                text670                             E3C      E3C       66     1C78       0
                text669                             CCB      CCB       41     1996       0
                text668                             AAA      AAA       13     1554       0
                text667                             C99      C99       32     1932       0
                text666                             458      458      1E5        8       0
                text665                             63D      63D      100        8       0
                text664                             AD0      AD0       14     15A0       0
                text663                             7F4      7F4        9        8       0
                text662                             BE5      BE5       2A     17CA       0
                text661                             AE4      AE4       14     15C8       0
                text660                             DE7      DE7       55     1BCE       0
                text659                             73D      73D       B7        8       0
                text658                             F1E      F1E       E2     1E3C       0
                text657                             B93      B93       28     1726       0
                text656                             B28      B28       1E     1650       0
                text655                             D52      D52       47     1AA4       0
                text654                             C3A      C3A       2E     1874       0
                text653                             AF8      AF8       14     15F0       0
                text652                             B0C      B0C       1C     1618       0
                text651                             C0F      C0F       2B     181E       0
                text650                             B46      B46       26     168C       0
                maintext                             15       15      443        8       0
                cstackBANK0                          20       20       30       20       1
                cstackCOMMON                         70       70        E       70       1
                cstackBANK1                          D0       D0        8       A0       1
                inittext                            ABD      ABD       13     157A       0
                clrtext                             AA2      AA2        8     1544       0
                dataBANK1                            D8       D8        5       A0       1
                bssBANK1                             A0       A0       30       A0       1
                dataBANK0                            66       66        6       20       1
                bssBANK0                             50       50       14       20       1
                bitbssBANK0                         320       64        F       20       1     8
                cinit                               C68      C68       31     18D0       0
                strings                             800      800       60     1000       0
                idataBANK1                          A97      A97        5     152E       0
                idataBANK0                          A9C      A9C        6     1538       0

TOTAL           Name                               Link     Load   Length     Space
        CLASS   CONST          

        CLASS   CODE           
                end_init                             12       12        3         0
                intentry                              4        4        E         0
                reset_vec                             0        0        3         0
                text675                             B6C      B6C       27         0
                text674                             EA2      EA2       7C         0
                text673                             BBB      BBB       2A         0
                text672                             D99      D99       4E         0
                text671                             D0C      D0C       46         0
                text670                             E3C      E3C       66         0
                text669                             CCB      CCB       41         0
                text668                             AAA      AAA       13         0
                text667                             C99      C99       32         0
                text666                             458      458      1E5         0
                text665                             63D      63D      100         0
                text664                             AD0      AD0       14         0
                text663                             7F4      7F4        9         0
                text662                             BE5      BE5       2A         0
                text661                             AE4      AE4       14         0
                text660                             DE7      DE7       55         0
                text659                             73D      73D       B7         0
                text658                             F1E      F1E       E2         0
                text657                             B93      B93       28         0
                text656                             B28      B28       1E         0
                text655                             D52      D52       47         0
                text654                             C3A      C3A       2E         0
                text653                             AF8      AF8       14         0
                text652                             B0C      B0C       1C         0
                text651                             C0F      C0F       2B         0
                text650                             B46      B46       26         0
                maintext                             15       15      443         0
                inittext                            ABD      ABD       13         0
                clrtext                             AA2      AA2        8         0
                cinit                               C68      C68       31         0
                idataBANK1                          A97      A97        5         0
                idataBANK0                          A9C      A9C        6         0

        CLASS   STRCODE        

        CLASS   ENTRY          

        CLASS   STRING         
                strings                             800      800       60         0

        CLASS   BANK0          
                cstackBANK0                          20       20       30         1
                dataBANK0                            66       66        6         1
                bssBANK0                             50       50       14         1
                bitbssBANK0                         320       64        F         1

        CLASS   BANK1          
                cstackBANK1                          D0       D0        8         1
                dataBANK1                            D8       D8        5         1
                bssBANK1                             A0       A0       30         1

        CLASS   BANK2          

        CLASS   BANK3          

        CLASS   RAM            

        CLASS   ABS1           
                abs_s1                               7E       7E        2         1

        CLASS   COMMON         
                cstackCOMMON                         70       70        E         1

        CLASS   SFR0           

        CLASS   SFR1           

        CLASS   SFR2           

        CLASS   SFR3           

        CLASS   CONFIG         
                config                             2007     2007        1         0

        CLASS   IDLOC          

        CLASS   EEDATA         



SEGMENTS        Name                           Load    Length   Top    Selector   Space  Class     Delta

                reset_vec                      000000  000003  000003         0       0  CODE        2
                intentry                       000004  0007F9  0007FD         8       0  CODE        2
                cstackBANK0                    000020  00004C  00006C        20       1  BANK0       1
                cstackCOMMON                   000070  00000E  00007E        70       1  COMMON      1
                bssBANK1                       0000A0  00003D  0000DD        A0       1  BANK1       1
                strings                        000800  000060  000860      1000       0  STRING      2
                idataBANK1                     000A97  000005  000A9C      152E       0  CODE        2
                idataBANK0                     000A9C  000006  000AA2      1538       0  CODE        2
                clrtext                        000AA2  000008  000AAA      1544       0  CODE        2
                text668                        000AAA  000013  000ABD      1554       0  CODE        2
                inittext                       000ABD  000013  000AD0      157A       0  CODE        2
                text664                        000AD0  000014  000AE4      15A0       0  CODE        2
                text661                        000AE4  000014  000AF8      15C8       0  CODE        2
                text653                        000AF8  000014  000B0C      15F0       0  CODE        2
                text652                        000B0C  00001C  000B28      1618       0  CODE        2
                text656                        000B28  00001E  000B46      1650       0  CODE        2
                text650                        000B46  000026  000B6C      168C       0  CODE        2
                text675                        000B6C  000027  000B93      16D8       0  CODE        2
                text657                        000B93  000028  000BBB      1726       0  CODE        2
                text673                        000BBB  00002A  000BE5      1776       0  CODE        2
                text662                        000BE5  00002A  000C0F      17CA       0  CODE        2
                text651                        000C0F  00002B  000C3A      181E       0  CODE        2
                text654                        000C3A  00002E  000C68      1874       0  CODE        2
                cinit                          000C68  000031  000C99      18D0       0  CODE        2
                text667                        000C99  000032  000CCB      1932       0  CODE        2
                text669                        000CCB  000041  000D0C      1996       0  CODE        2
                text671                        000D0C  000046  000D52      1A18       0  CODE        2
                text655                        000D52  000047  000D99      1AA4       0  CODE        2
                text672                        000D99  00004E  000DE7      1B32       0  CODE        2
                text660                        000DE7  000055  000E3C      1BCE       0  CODE        2
                text670                        000E3C  000066  000EA2      1C78       0  CODE        2
                text674                        000EA2  00007C  000F1E      1D44       0  CODE        2
                text658                        000F1E  0000E2  001000      1E3C       0  CODE        2
                config                         002007  000001  002008      400E       0  CONFIG      2


UNUSED ADDRESS RANGES

        Name                Unused          Largest block    Delta
        BANK0            006C-006F              4           1
        BANK1            00DD-00EF             13           1
        BANK2            0110-016F             60           1
        BANK3            0190-01EF             60           1
        CODE             0003-0003              1           2
                         07FD-07FF              3
                         0860-0A96            237
                         1000-1FFF            800
        CONST            0003-0003              1           2
                         07FD-07FF              3
                         0860-0A96            100
                         1000-1FFF            100
        EEDATA           2100-21FF            100           2
        ENTRY            0003-0003              1           2
                         07FD-07FF              3
                         0860-0A96            100
                         1000-1FFF            100
        IDLOC            2000-2003              4           2
        RAM              006C-006F              4           1
                         00DD-00EF             13
                         0110-016F             60
                         0190-01EF             60
        SFR0             0000-001F             20           1
        SFR1             0080-009F             20           1
        SFR2             0100-010F             10           1
        SFR3             0180-018F             10           1
        STRCODE          0003-0003              1           2
                         07FD-07FF              3
                         0860-0A96            237
                         1000-1FFF           1000
        STRING           0003-0003              1           2
                         07FD-07FF              3
                         0860-0A96            100
                         1000-1FFF            100

                                  Symbol Table

??_ADCconvert                 cstackBANK0  0020
??_Debounce                   cstackCOMMON 0070
??_Menu                       cstackBANK1  00D0
??_ReadButtons                cstackCOMMON 0071
??_UpdateDisplay              cstackBANK0  0037
??___awmod                    cstackCOMMON 0074
??___lwdiv                    cstackCOMMON 007A
??___lwmod                    cstackBANK0  0024
??___wmul                     cstackCOMMON 0074
??_adc_read                   cstackCOMMON 0072
??_adc_read_channel           cstackCOMMON 0076
??_init                       cstackBANK1  00D3
??_init_adc                   cstackBANK1  00D0
??_isr1                       cstackBANK0  004B
??_lcd_init                   cstackBANK1  00D3
??_lcd_set_cursor             cstackCOMMON 0073
??_lcd_write_control          cstackBANK1  00D0
??_lcd_write_data             cstackCOMMON 0070
??_lcd_write_string           cstackCOMMON 0079
??_main                       cstackBANK1  00D4
??_readAvgDistance            cstackCOMMON 007E
??_readDistance               cstackCOMMON 007A
??_ser_init                   cstackBANK1  00D0
??_ser_putch                  cstackBANK1  00D0
??_spi_transfer               cstackBANK1  00D0
??_sprintf                    cstackBANK0  002B
??i1_lcd_write_control        cstackCOMMON 0070
?_ADCconvert                  cstackCOMMON 0070
?_Debounce                    cstackCOMMON 0070
?_Menu                        cstackCOMMON 0070
?_ReadButtons                 cstackCOMMON 0070
?_UpdateDisplay               cstackCOMMON 0070
?___awmod                     cstackCOMMON 0070
?___lwdiv                     cstackCOMMON 0076
?___lwmod                     cstackBANK0  0020
?___wmul                      cstackCOMMON 0070
?_adc_read                    cstackCOMMON 0070
?_adc_read_channel            cstackCOMMON 0070
?_init                        cstackCOMMON 0070
?_init_adc                    cstackCOMMON 0070
?_isr1                        cstackCOMMON 0070
?_lcd_init                    cstackCOMMON 0070
?_lcd_set_cursor              cstackCOMMON 0070
?_lcd_write_control           cstackCOMMON 0070
?_lcd_write_data              cstackCOMMON 0070
?_lcd_write_string            cstackCOMMON 0077
?_main                        cstackCOMMON 0070
?_readAvgDistance             cstackCOMMON 0070
?_readDistance                cstackCOMMON 0078
?_ser_init                    cstackCOMMON 0070
?_ser_putch                   cstackCOMMON 0070
?_spi_transfer                cstackCOMMON 0070
?_sprintf                     cstackBANK0  0026
?i1_lcd_write_control         cstackCOMMON 0070
Menu@input                    cstackBANK1  00D0
UpdateDisplay@F1206           bssBANK1     00A0
UpdateDisplay@adcOutput       cstackBANK0  003B
_ADCON0                       (abs)        001F
_ADCON1                       (abs)        009F
_ADCconvert                   text666      0458
_ADRESH                       (abs)        001E
_ADRESL                       (abs)        009E
_BRGH                         (abs)        04C2
_CARRY                        (abs)        0018
_CHS0                         (abs)        00FB
_CHS1                         (abs)        00FC
_CHS2                         (abs)        00FD
_CREN                         (abs)        00C4
_CS0                          (abs)        0038
_CS1                          (abs)        0039
_CenterDebounceCount          bssBANK0     0058
_CenterPressed                bitbssBANK0  0320
_CenterReleased               bitbssBANK0  0321
_Debounce                     text674      0EA2
_DownDebounceCount            bssBANK0     0059
_DownPressed                  bitbssBANK0  0322
_DownReleased                 bitbssBANK0  0323
_EEADR                        (abs)        010D
_EECON1                       (abs)        018C
_EECON2                       (abs)        018D
_EEDATA                       (abs)        010C
_GIE                          (abs)        005F
_GO                           (abs)        00FA
_LeftDebounceCount            bssBANK0     005A
_LeftPressed                  bitbssBANK0  0324
_LeftReleased                 bitbssBANK0  0325
_Menu                         text655      0D52
_OERR                         (abs)        00C1
_OPTION_REG                   (abs)        0081
_PORTA                        (abs)        0005
_PORTC                        (abs)        0007
_PORTD                        (abs)        0008
_PORTE                        (abs)        0009
_RB0                          (abs)        0030
_RB1                          (abs)        0031
_RB2                          (abs)        0032
_RB3                          (abs)        0033
_RB4                          (abs)        0034
_RB5                          (abs)        0035
_RB6                          (abs)        0036
_RC0                          (abs)        0038
_RC1                          (abs)        0039
_RC2                          (abs)        003A
_RCIE                         (abs)        0465
_RCIF                         (abs)        0065
_RCREG                        (abs)        001A
_RD                           (abs)        0C60
_RE0                          (abs)        0048
_RE1                          (abs)        0049
_RE2                          (abs)        004A
_RTC_Counter                  bssBANK0     0050
_RTC_FLAG_10MS                bitbssBANK0  0326
_RTC_FLAG_1MS                 bitbssBANK0  0327
_RTC_FLAG_250MS               bitbssBANK0  0328
_RTC_FLAG_500MS               bitbssBANK0  0329
_RTC_FLAG_50MS                bitbssBANK0  032A
_RX9                          (abs)        00C6
_ReadButtons                  text667      0C99
_RightDebounceCount           bssBANK0     005B
_RightPressed                 bitbssBANK0  032B
_RightReleased                bitbssBANK0  032C
_SPBRG                        (abs)        0099
_SPEN                         (abs)        00C7
_SSPBUF                       (abs)        0013
_SSPCON                       (abs)        0014
_SSPIF                        (abs)        0063
_SSPSTAT                      (abs)        0094
_SYNC                         (abs)        04C4
_TMR0                         (abs)        0001
_TMR0IE                       (abs)        005D
_TMR0IF                       (abs)        005A
_TRISA                        (abs)        0085
_TRISB                        (abs)        0086
_TRISC                        (abs)        0087
_TRISD                        (abs)        0088
_TRISE                        (abs)        0089
_TX9                          (abs)        04C6
_TXEN                         (abs)        04C5
_TXIE                         (abs)        0464
_TXIF                         (abs)        0064
_TXREG                        (abs)        0019
_UpDebounceCount              bssBANK0     005C
_UpPressed                    bitbssBANK0  032D
_UpReleased                   bitbssBANK0  032E
_UpdateDisplay                text659      073D
_WR                           (abs)        0C61
_WREN                         (abs)        0C62
__Habs1                       abs1         0000
__Hbank0                      bank0        0000
__Hbank1                      bank1        0000
__Hbank2                      bank2        0000
__Hbank3                      bank3        0000
__HbitbssBANK0                bitbssBANK0  0000
__HbssBANK0                   bssBANK0     0000
__HbssBANK1                   bssBANK1     0000
__Hcinit                      cinit        0000
__Hclrtext                    clrtext      0000
__Hcode                       code         0000
__Hcommon                     common       0000
__Hconfig                     config       2008
__HcstackBANK0                cstackBANK0  0000
__HcstackBANK1                cstackBANK1  0000
__HcstackCOMMON               cstackCOMMON 0000
__HdataBANK0                  dataBANK0    0000
__HdataBANK1                  dataBANK1    0000
__Heeprom_data                eeprom_data  0000
__Hend_init                   end_init     0015
__Hfunctab                    functab      0000
__HidataBANK0                 idataBANK0   0000
__HidataBANK1                 idataBANK1   0000
__Hidloc                      idloc        0000
__Hinit                       init         0012
__Hinittext                   inittext     0000
__Hintentry                   intentry     0012
__Hmaintext                   maintext     0000
__Hpowerup                    powerup      0000
__Hram                        ram          0000
__Hreset_vec                  reset_vec    0003
__Hsfr0                       sfr0         0000
__Hsfr1                       sfr1         0000
__Hsfr2                       sfr2         0000
__Hsfr3                       sfr3         0000
__Hstrings                    strings      0000
__Htext                       text         0000
__Labs1                       abs1         0000
__Lbank0                      bank0        0000
__Lbank1                      bank1        0000
__Lbank2                      bank2        0000
__Lbank3                      bank3        0000
__LbitbssBANK0                bitbssBANK0  0000
__LbssBANK0                   bssBANK0     0000
__LbssBANK1                   bssBANK1     0000
__Lcinit                      cinit        0000
__Lclrtext                    clrtext      0000
__Lcode                       code         0000
__Lcommon                     common       0000
__Lconfig                     config       2007
__LcstackBANK0                cstackBANK0  0000
__LcstackBANK1                cstackBANK1  0000
__LcstackCOMMON               cstackCOMMON 0000
__LdataBANK0                  dataBANK0    0000
__LdataBANK1                  dataBANK1    0000
__Leeprom_data                eeprom_data  0000
__Lend_init                   end_init     0012
__Lfunctab                    functab      0000
__LidataBANK0                 idataBANK0   0000
__LidataBANK1                 idataBANK1   0000
__Lidloc                      idloc        0000
__Linit                       init         0012
__Linittext                   inittext     0000
__Lintentry                   intentry     0004
__Lmaintext                   maintext     0000
__Lpowerup                    powerup      0000
__Lram                        ram          0000
__Lreset_vec                  reset_vec    0000
__Lsfr0                       sfr0         0000
__Lsfr1                       sfr1         0000
__Lsfr2                       sfr2         0000
__Lsfr3                       sfr3         0000
__Lstrings                    strings      0000
__Ltext                       text         0000
__S0                          (abs)        2008
__S1                          (abs)        00DD
__S2                          (abs)        0000
___awmod                      text670      0E3C
___awmod@counter              cstackCOMMON 0075
___awmod@dividend             cstackCOMMON 0072
___awmod@divisor              cstackCOMMON 0070
___awmod@sign                 cstackCOMMON 0076
___lwdiv                      text672      0D99
___lwdiv@counter              cstackCOMMON 007D
___lwdiv@dividend             cstackCOMMON 0078
___lwdiv@divisor              cstackCOMMON 0076
___lwdiv@quotient             cstackCOMMON 007B
___lwmod                      text671      0D0C
___lwmod@counter              cstackBANK0  0025
___lwmod@dividend             cstackBANK0  0022
___lwmod@divisor              cstackBANK0  0020
___wmul                       text673      0BBB
___wmul@multiplicand          cstackCOMMON 0072
___wmul@multiplier            cstackCOMMON 0070
___wmul@product               cstackCOMMON 0074
__end_of_ADCconvert           text666      063D
__end_of_Debounce             text674      0F1E
__end_of_Menu                 text655      0D99
__end_of_ReadButtons          text667      0CCB
__end_of_UpdateDisplay        text659      07F4
__end_of___awmod              text670      0EA2
__end_of___lwdiv              text672      0DE7
__end_of___lwmod              text671      0D52
__end_of___wmul               text673      0BE5
__end_of_adc_read             text675      0B93
__end_of_adc_read_channel     text669      0D0C
__end_of_init                 text650      0B6C
__end_of_init_adc             text653      0B0C
__end_of_isr1                 text658      1000
__end_of_lcd_init             text651      0C3A
__end_of_lcd_set_cursor       text663      07FD
__end_of_lcd_write_control    text652      0B28
__end_of_lcd_write_data       text668      0ABD
__end_of_lcd_write_string     text662      0C0F
__end_of_main                 maintext     0458
__end_of_readAvgDistance      text660      0E3C
__end_of_readDistance         text661      0AF8
__end_of_ser_init             text657      0BBB
__end_of_ser_putch            text654      0C68
__end_of_spi_transfer         text656      0B46
__end_of_sprintf              text665      073D
__end_ofi1_lcd_write_control  text664      0AE4
__pbitbssBANK0                bitbssBANK0  0320
__pbssBANK0                   bssBANK0     0050
__pbssBANK1                   bssBANK1     00A0
__pcstackBANK0                cstackBANK0  0020
__pcstackBANK1                cstackBANK1  00D0
__pcstackCOMMON               cstackCOMMON 0070
__pdataBANK0                  dataBANK0    0066
__pdataBANK1                  dataBANK1    00D8
__pidataBANK0                 idataBANK0   0A9C
__pidataBANK1                 idataBANK1   0A97
__pintentry                   intentry     0004
__pmaintext                   maintext     0015
__pstrings                    strings      0800
__ptext650                    text650      0B46
__ptext651                    text651      0C0F
__ptext652                    text652      0B0C
__ptext653                    text653      0AF8
__ptext654                    text654      0C3A
__ptext655                    text655      0D52
__ptext656                    text656      0B28
__ptext657                    text657      0B93
__ptext658                    text658      0F1E
__ptext659                    text659      073D
__ptext660                    text660      0DE7
__ptext661                    text661      0AE4
__ptext662                    text662      0BE5
__ptext663                    text663      07F4
__ptext664                    text664      0AD0
__ptext665                    text665      063D
__ptext666                    text666      0458
__ptext667                    text667      0C99
__ptext668                    text668      0AAA
__ptext669                    text669      0CCB
__ptext670                    text670      0E3C
__ptext671                    text671      0D0C
__ptext672                    text672      0D99
__ptext673                    text673      0BBB
__ptext674                    text674      0EA2
__ptext675                    text675      0B6C
__ptext676                    text676      0000
__size_of_ADCconvert          (abs)        0000
__size_of_Debounce            (abs)        0000
__size_of_Menu                (abs)        0000
__size_of_ReadButtons         (abs)        0000
__size_of_UpdateDisplay       (abs)        0000
__size_of___awmod             (abs)        0000
__size_of___lwdiv             (abs)        0000
__size_of___lwmod             (abs)        0000
__size_of___wmul              (abs)        0000
__size_of_adc_read            (abs)        0000
__size_of_adc_read_channel    (abs)        0000
__size_of_init                (abs)        0000
__size_of_init_adc            (abs)        0000
__size_of_isr1                (abs)        0000
__size_of_lcd_init            (abs)        0000
__size_of_lcd_set_cursor      (abs)        0000
__size_of_lcd_write_control   (abs)        0000
__size_of_lcd_write_data      (abs)        0000
__size_of_lcd_write_string    (abs)        0000
__size_of_main                (abs)        0000
__size_of_readAvgDistance     (abs)        0000
__size_of_readDistance        (abs)        0000
__size_of_ser_init            (abs)        0000
__size_of_ser_putch           (abs)        0000
__size_of_spi_transfer        (abs)        0000
__size_of_sprintf             (abs)        0000
__size_ofi1_lcd_write_control (abs)        0000
_adcVal                       bssBANK0     0052
_adc_read                     text675      0B6C
_adc_read_channel             text669      0CCB
_buttonPressed                bssBANK0     005D
_current_direction            bssBANK0     005E
_current_step                 dataBANK0    006B
_distance                     bssBANK0     0054
_dpowers                      strings      0810
_exit                         init         0012
_init                         text650      0B46
_init_adc                     text653      0AF8
_isr1                         text658      0F1E
_lcd_init                     text651      0C0F
_lcd_set_cursor               text663      07F4
_lcd_write_control            text652      0B0C
_lcd_write_data               text668      0AAA
_lcd_write_string             text662      0BE5
_main                         maintext     0015
_menuStrings                  dataBANK1    00D8
_pos                          bssBANK0     0056
_readAvgDistance              text660      0DE7
_readDistance                 text661      0AE4
_rxfifo                       bssBANK1     00B0
_rxiptr                       bssBANK0     005F
_rxoptr                       bssBANK0     0060
_ser_init                     text657      0B93
_ser_putch                    text654      0C3A
_ser_tmp                      bssBANK0     0061
_shortMenuStrings             dataBANK0    0066
_spi_transfer                 text656      0B28
_sprintf                      text665      063D
_txfifo                       bssBANK1     00C0
_txiptr                       bssBANK0     0062
_txoptr                       bssBANK0     0063
adc_read@adc_value            cstackCOMMON 0074
adc_read_channel@channel      cstackCOMMON 0077
btemp                         (abs)        007E
clear_ram                     clrtext      0AA2
end_of_initialization         cinit        0C95
i1_lcd_write_control          text664      0AD0
i1lcd_write_control@databyte  cstackCOMMON 0072
init_fetch                    inittext     0ABD
init_ram                      inittext     0AC1
interrupt_function            intentry     0004
intlevel0                     functab      0000
intlevel1                     functab      0000
intlevel2                     functab      0000
intlevel3                     functab      0000
intlevel4                     functab      0000
intlevel5                     functab      0000
lcd_set_cursor@address        cstackCOMMON 0073
lcd_write_control@databyte    cstackBANK1  00D2
lcd_write_data@databyte       cstackCOMMON 0072
lcd_write_string@s            cstackCOMMON 0077
main@choice                   cstackBANK1  00D7
readAvgDistance@fullval       cstackBANK0  0022
readAvgDistance@i             cstackBANK0  0024
readDistance@fullval          cstackCOMMON 007C
reset_vec                     reset_vec    0000
saved_w                       (abs)        007E
ser_putch@c                   cstackBANK1  00D1
spi_transfer@data             cstackBANK1  00D2
spi_transfer@temp             cstackBANK1  00D1
sprintf@_val                  cstackBANK0  0031
sprintf@ap                    cstackBANK0  002E
sprintf@c                     cstackBANK0  0036
sprintf@f                     cstackBANK0  0026
sprintf@flag                  cstackBANK0  002F
sprintf@prec                  cstackBANK0  0030
sprintf@sp                    cstackBANK0  0035
start                         init         0012
start_initialization          cinit        0C68
wtemp0                        (abs)        007E
