HI-TECH Software C Compiler 

Linker command line:

--edf=C:\Program Files\HI-TECH Software\PICC\9.83\dat\en_msgs.txt -cs \
  -h+Assignment3_AldnoahZero.sym -z -Q16F877A -ol.obj \
  -MAssignment3_AldnoahZero.map -E1 -ACONST=00h-0FFhx32 -ACODE=00h-07FFhx4 \
  -ASTRCODE=00h-01FFFh -AENTRY=00h-0FFhx32 -ASTRING=00h-0FFhx32 \
  -ABANK0=020h-06Fh -ABANK1=0A0h-0EFh -ABANK2=0110h-016Fh \
  -ABANK3=0190h-01EFh -ARAM=020h-06Fh,0A0h-0EFh,0110h-016Fh,0190h-01EFh \
  -AABS1=020h-07Fh,0A0h-0EFh,0110h-016Fh,0190h-01EFh -ACOMMON=070h-07Fh \
  -ASFR0=00h-01Fh -ASFR1=080h-09Fh -ASFR2=0100h-010Fh -ASFR3=0180h-018Fh \
  -preset_vec=00h,intentry=04h,init,end_init -ppowerup=CODE -pfunctab=CODE \
  -ACONFIG=02007h-02007h -pconfig=CONFIG -DCONFIG=2 -AIDLOC=02000h-02003h \
  -pidloc=IDLOC -DIDLOC=2 -AEEDATA=00h-0FFh/02100h -peeprom_data=EEDATA \
  -DEEDATA=2 -DCODE=2 -DSTRCODE=2 -DSTRING=2 -DCONST=2 -DENTRY=2 -k \
  startup.obj Assignment3_AldnoahZero.obj 

Object code version is 3.10

Machine type is 16F877A



                Name                               Link     Load   Length Selector   Space Scale
startup.obj     end_init                             12       12        3        8       0
                reset_vec                             0        0        3        0       0
Assignment3_AldnoahZero.obj
                intentry                              4        4        E        8       0
                config                             2007     2007        1     400E       0
                text661                             D9C      D9C       27     1B38       0
                text660                             64E      64E       7C        8       0
                text659                             DC3      DC3       2A     1B86       0
                text658                             F5D      F5D       4E     1EBA       0
                text657                             E83      E83       46     1D06       0
                text656                             769      769       66      ED2       0
                text655                             E42      E42       41     1C84       0
                text654                             D0A      D0A       13     1A14       0
                text653                             6CA      6CA       32        8       0
                text652                              15       15      1E5        8       0
                text651                             325      325      100        8       0
                text650                             D30      D30       14     1A60       0
                text649                             D01      D01        9     1A02       0
                text648                             DED      DED       2A     1BDA       0
                text647                             D44      D44       14     1A88       0
                text646                             FAB      FAB       55     1F56       0
                text645                             507      507       B9        8       0
                text644                             425      425       E2        8       0
                text643                             EC9      EC9       47     1D92       0
                text642                             D58      D58       14     1AB0       0
                text641                             D80      D80       1C     1B00       0
                text640                             1FA      1FA      12B        8       0
                text639                             E17      E17       2B     1C2E       0
                text638                             F10      F10       4D     1E20       0
                text637                             D6C      D6C       14     1AD8       0
                maintext                            5C0      5C0       8E        8       0
                cstackBANK0                          20       20       31       20       1
                cstackCOMMON                         70       70        E       70       1
                cstackBANK1                          D8       D8        6       A0       1
                inittext                            D1D      D1D       13     1A3A       0
                clrtext                             CF9      CF9        8     19F2       0
                dataBANK1                            D2       D2        6       A0       1
                bssBANK1                             A0       A0       32       A0       1
                dataBANK0                            6A       6A        5       20       1
                bssBANK0                             51       51       17       20       1
                bitbssBANK0                         340       68        F       20       1     8
                cinit                               7CF      7CF       31      ED2       0
                strings                             700      700       69      E00       0
                idataBANK1                          CF3      CF3        6     19E6       0
                idataBANK0                          CEE      CEE        5     19DC       0

TOTAL           Name                               Link     Load   Length     Space
        CLASS   CONST          

        CLASS   CODE           
                end_init                             12       12        3         0
                intentry                              4        4        E         0
                reset_vec                             0        0        3         0
                text661                             D9C      D9C       27         0
                text660                             64E      64E       7C         0
                text659                             DC3      DC3       2A         0
                text658                             F5D      F5D       4E         0
                text657                             E83      E83       46         0
                text656                             769      769       66         0
                text655                             E42      E42       41         0
                text654                             D0A      D0A       13         0
                text653                             6CA      6CA       32         0
                text652                              15       15      1E5         0
                text651                             325      325      100         0
                text650                             D30      D30       14         0
                text649                             D01      D01        9         0
                text648                             DED      DED       2A         0
                text647                             D44      D44       14         0
                text646                             FAB      FAB       55         0
                text645                             507      507       B9         0
                text644                             425      425       E2         0
                text643                             EC9      EC9       47         0
                text642                             D58      D58       14         0
                text641                             D80      D80       1C         0
                text640                             1FA      1FA      12B         0
                text639                             E17      E17       2B         0
                text638                             F10      F10       4D         0
                text637                             D6C      D6C       14         0
                maintext                            5C0      5C0       8E         0
                inittext                            D1D      D1D       13         0
                clrtext                             CF9      CF9        8         0
                cinit                               7CF      7CF       31         0
                idataBANK1                          CF3      CF3        6         0
                idataBANK0                          CEE      CEE        5         0

        CLASS   STRCODE        

        CLASS   ENTRY          

        CLASS   STRING         
                strings                             700      700       69         0

        CLASS   BANK0          
                cstackBANK0                          20       20       31         1
                dataBANK0                            6A       6A        5         1
                bssBANK0                             51       51       17         1
                bitbssBANK0                         340       68        F         1

        CLASS   BANK1          
                cstackBANK1                          D8       D8        6         1
                dataBANK1                            D2       D2        6         1
                bssBANK1                             A0       A0       32         1

        CLASS   BANK2          

        CLASS   BANK3          

        CLASS   RAM            

        CLASS   ABS1           
                abs_s1                               7E       7E        2         1

        CLASS   COMMON         
                cstackCOMMON                         70       70        E         1

        CLASS   SFR0           

        CLASS   SFR1           

        CLASS   SFR2           

        CLASS   SFR3           

        CLASS   CONFIG         
                config                             2007     2007        1         0

        CLASS   IDLOC          

        CLASS   EEDATA         



SEGMENTS        Name                           Load    Length   Top    Selector   Space  Class     Delta

                reset_vec                      000000  000003  000003         0       0  CODE        2
                intentry                       000004  0006F8  0006FC         8       0  CODE        2
                cstackBANK0                    000020  00004F  00006F        20       1  BANK0       1
                cstackCOMMON                   000070  00000E  00007E        70       1  COMMON      1
                bssBANK1                       0000A0  00003E  0000DE        A0       1  BANK1       1
                strings                        000700  000069  000769       E00       0  STRING      2
                text656                        000769  000097  000800       ED2       0  CODE        2
                idataBANK0                     000CEE  000005  000CF3      19DC       0  CODE        2
                idataBANK1                     000CF3  000006  000CF9      19E6       0  CODE        2
                clrtext                        000CF9  000008  000D01      19F2       0  CODE        2
                text649                        000D01  000009  000D0A      1A02       0  CODE        2
                text654                        000D0A  000013  000D1D      1A14       0  CODE        2
                inittext                       000D1D  000013  000D30      1A3A       0  CODE        2
                text650                        000D30  000014  000D44      1A60       0  CODE        2
                text647                        000D44  000014  000D58      1A88       0  CODE        2
                text642                        000D58  000014  000D6C      1AB0       0  CODE        2
                text637                        000D6C  000014  000D80      1AD8       0  CODE        2
                text641                        000D80  00001C  000D9C      1B00       0  CODE        2
                text661                        000D9C  000027  000DC3      1B38       0  CODE        2
                text659                        000DC3  00002A  000DED      1B86       0  CODE        2
                text648                        000DED  00002A  000E17      1BDA       0  CODE        2
                text639                        000E17  00002B  000E42      1C2E       0  CODE        2
                text655                        000E42  000041  000E83      1C84       0  CODE        2
                text657                        000E83  000046  000EC9      1D06       0  CODE        2
                text643                        000EC9  000047  000F10      1D92       0  CODE        2
                text638                        000F10  00004D  000F5D      1E20       0  CODE        2
                text658                        000F5D  00004E  000FAB      1EBA       0  CODE        2
                text646                        000FAB  000055  001000      1F56       0  CODE        2
                config                         002007  000001  002008      400E       0  CONFIG      2


UNUSED ADDRESS RANGES

        Name                Unused          Largest block    Delta
        BANK0            006F-006F              1           1
        BANK1            00DE-00EF             12           1
        BANK2            0110-016F             60           1
        BANK3            0190-01EF             60           1
        CODE             0003-0003              1           2
                         06FC-06FF              4
                         0800-0CED            4EE
                         1000-1FFF            800
        CONST            0003-0003              1           2
                         06FC-06FF              4
                         0800-0CED            100
                         1000-1FFF            100
        EEDATA           2100-21FF            100           2
        ENTRY            0003-0003              1           2
                         06FC-06FF              4
                         0800-0CED            100
                         1000-1FFF            100
        IDLOC            2000-2003              4           2
        RAM              006F-006F              1           1
                         00DE-00EF             12
                         0110-016F             60
                         0190-01EF             60
        SFR0             0000-001F             20           1
        SFR1             0080-009F             20           1
        SFR2             0100-010F             10           1
        SFR3             0180-018F             10           1
        STRCODE          0003-0003              1           2
                         06FC-06FF              4
                         0800-0CED            4EE
                         1000-1FFF           1000
        STRING           0003-0003              1           2
                         06FC-06FF              4
                         0800-0CED            100
                         1000-1FFF            100

                                  Symbol Table

??_ADCconvert                 cstackBANK0  0020
??_Debounce                   cstackCOMMON 0070
??_Menu                       cstackBANK1  00D8
??_ReadButtons                cstackCOMMON 0071
??_UpdateDisplay              cstackBANK0  0037
??___awmod                    cstackCOMMON 0074
??___lwdiv                    cstackCOMMON 007A
??___lwmod                    cstackBANK0  0024
??___wmul                     cstackCOMMON 0074
??_adc_read                   cstackCOMMON 0072
??_adc_read_channel           cstackCOMMON 0076
??_calibrateIR                cstackBANK1  00DC
??_init                       cstackBANK1  00DB
??_init_adc                   cstackBANK1  00D8
??_isr1                       cstackBANK0  004C
??_lcd_init                   cstackBANK1  00DB
??_lcd_set_cursor             cstackCOMMON 0073
??_lcd_write_control          cstackBANK1  00D8
??_lcd_write_data             cstackCOMMON 0070
??_lcd_write_string           cstackCOMMON 0079
??_main                       cstackBANK1  00DC
??_readAvgDistance            cstackCOMMON 007E
??_readDistance               cstackCOMMON 007A
??_rotateOld                  cstackBANK1  00D9
??_sprintf                    cstackBANK0  002B
??i1_lcd_write_control        cstackCOMMON 0070
?_ADCconvert                  cstackCOMMON 0070
?_Debounce                    cstackCOMMON 0070
?_Menu                        cstackCOMMON 0070
?_ReadButtons                 cstackCOMMON 0070
?_UpdateDisplay               cstackCOMMON 0070
?___awmod                     cstackCOMMON 0070
?___lwdiv                     cstackCOMMON 0076
?___lwmod                     cstackBANK0  0020
?___wmul                      cstackCOMMON 0070
?_adc_read                    cstackCOMMON 0070
?_adc_read_channel            cstackCOMMON 0070
?_calibrateIR                 cstackCOMMON 0070
?_init                        cstackCOMMON 0070
?_init_adc                    cstackCOMMON 0070
?_isr1                        cstackCOMMON 0070
?_lcd_init                    cstackCOMMON 0070
?_lcd_set_cursor              cstackCOMMON 0070
?_lcd_write_control           cstackCOMMON 0070
?_lcd_write_data              cstackCOMMON 0070
?_lcd_write_string            cstackCOMMON 0077
?_main                        cstackCOMMON 0070
?_readAvgDistance             cstackCOMMON 0070
?_readDistance                cstackCOMMON 0078
?_rotateOld                   cstackBANK1  00D8
?_sprintf                     cstackBANK0  0026
?i1_lcd_write_control         cstackCOMMON 0070
AT25256A@CS0                  (abs)        0038
AT25256A@CS1                  (abs)        0039
Menu@input                    cstackBANK1  00D8
UpdateDisplay@F1211           bssBANK1     00A0
UpdateDisplay@adcOutput       cstackBANK0  003C
_ADCON0                       (abs)        001F
_ADCON1                       (abs)        009F
_ADCconvert                   text652      0015
_ADRESH                       (abs)        001E
_ADRESL                       (abs)        009E
_BRGH                         (abs)        04C2
_CARRY                        (abs)        0018
_CHS0                         (abs)        00FB
_CHS1                         (abs)        00FC
_CHS2                         (abs)        00FD
_CREN                         (abs)        00C4
_CenterDebounceCount          bssBANK0     0059
_CenterPressed                bitbssBANK0  0340
_CenterReleased               bitbssBANK0  0341
_Debounce                     text660      064E
_DownDebounceCount            bssBANK0     005A
_DownPressed                  bitbssBANK0  0342
_DownReleased                 bitbssBANK0  0343
_EEADR                        (abs)        010D
_EECON1                       (abs)        018C
_EECON2                       (abs)        018D
_EEDATA                       (abs)        010C
_GIE                          (abs)        005F
_GO                           (abs)        00FA
_LeftDebounceCount            bssBANK0     005B
_LeftPressed                  bitbssBANK0  0344
_LeftReleased                 bitbssBANK0  0345
_Menu                         text643      0EC9
_OERR                         (abs)        00C1
_OPTION_REG                   (abs)        0081
_PORTA                        (abs)        0005
_PORTC                        (abs)        0007
_PORTD                        (abs)        0008
_PORTE                        (abs)        0009
_RB0                          (abs)        0030
_RB2                          (abs)        0032
_RB3                          (abs)        0033
_RB4                          (abs)        0034
_RB5                          (abs)        0035
_RB6                          (abs)        0036
_RC0                          (abs)        0038
_RC1                          (abs)        0039
_RC2                          (abs)        003A
_RCIE                         (abs)        0465
_RCIF                         (abs)        0065
_RCREG                        (abs)        001A
_RD                           (abs)        0C60
_RE0                          (abs)        0048
_RE1                          (abs)        0049
_RE2                          (abs)        004A
_RTC_Counter                  bssBANK0     0051
_RTC_FLAG_10MS                bitbssBANK0  0346
_RTC_FLAG_1MS                 bitbssBANK0  0347
_RTC_FLAG_250MS               bitbssBANK0  0348
_RTC_FLAG_500MS               bitbssBANK0  0349
_RTC_FLAG_50MS                bitbssBANK0  034A
_RX9                          (abs)        00C6
_ReadButtons                  text653      06CA
_RightDebounceCount           bssBANK0     005C
_RightPressed                 bitbssBANK0  034B
_RightReleased                bitbssBANK0  034C
_SPBRG                        (abs)        0099
_SPEN                         (abs)        00C7
_SSPBUF                       (abs)        0013
_SSPIF                        (abs)        0063
_SYNC                         (abs)        04C4
_TMR0                         (abs)        0001
_TMR0IE                       (abs)        005D
_TMR0IF                       (abs)        005A
_TRISA                        (abs)        0085
_TRISB                        (abs)        0086
_TRISC                        (abs)        0087
_TRISD                        (abs)        0088
_TRISE                        (abs)        0089
_TX9                          (abs)        04C6
_TXEN                         (abs)        04C5
_TXIE                         (abs)        0464
_TXIF                         (abs)        0064
_TXREG                        (abs)        0019
_UpDebounceCount              bssBANK0     005D
_UpPressed                    bitbssBANK0  034D
_UpReleased                   bitbssBANK0  034E
_UpdateDisplay                text645      0507
_WR                           (abs)        0C61
_WREN                         (abs)        0C62
__Habs1                       abs1         0000
__Hbank0                      bank0        0000
__Hbank1                      bank1        0000
__Hbank2                      bank2        0000
__Hbank3                      bank3        0000
__HbitbssBANK0                bitbssBANK0  0000
__HbssBANK0                   bssBANK0     0000
__HbssBANK1                   bssBANK1     0000
__Hcinit                      cinit        0000
__Hclrtext                    clrtext      0000
__Hcode                       code         0000
__Hcommon                     common       0000
__Hconfig                     config       2008
__HcstackBANK0                cstackBANK0  0000
__HcstackBANK1                cstackBANK1  0000
__HcstackCOMMON               cstackCOMMON 0000
__HdataBANK0                  dataBANK0    0000
__HdataBANK1                  dataBANK1    0000
__Heeprom_data                eeprom_data  0000
__Hend_init                   end_init     0015
__Hfunctab                    functab      0000
__HidataBANK0                 idataBANK0   0000
__HidataBANK1                 idataBANK1   0000
__Hidloc                      idloc        0000
__Hinit                       init         0012
__Hinittext                   inittext     0000
__Hintentry                   intentry     0012
__Hmaintext                   maintext     0000
__Hpowerup                    powerup      0000
__Hram                        ram          0000
__Hreset_vec                  reset_vec    0003
__Hsfr0                       sfr0         0000
__Hsfr1                       sfr1         0000
__Hsfr2                       sfr2         0000
__Hsfr3                       sfr3         0000
__Hstrings                    strings      0000
__Htext                       text         0000
__Labs1                       abs1         0000
__Lbank0                      bank0        0000
__Lbank1                      bank1        0000
__Lbank2                      bank2        0000
__Lbank3                      bank3        0000
__LbitbssBANK0                bitbssBANK0  0000
__LbssBANK0                   bssBANK0     0000
__LbssBANK1                   bssBANK1     0000
__Lcinit                      cinit        0000
__Lclrtext                    clrtext      0000
__Lcode                       code         0000
__Lcommon                     common       0000
__Lconfig                     config       2007
__LcstackBANK0                cstackBANK0  0000
__LcstackBANK1                cstackBANK1  0000
__LcstackCOMMON               cstackCOMMON 0000
__LdataBANK0                  dataBANK0    0000
__LdataBANK1                  dataBANK1    0000
__Leeprom_data                eeprom_data  0000
__Lend_init                   end_init     0012
__Lfunctab                    functab      0000
__LidataBANK0                 idataBANK0   0000
__LidataBANK1                 idataBANK1   0000
__Lidloc                      idloc        0000
__Linit                       init         0012
__Linittext                   inittext     0000
__Lintentry                   intentry     0004
__Lmaintext                   maintext     0000
__Lpowerup                    powerup      0000
__Lram                        ram          0000
__Lreset_vec                  reset_vec    0000
__Lsfr0                       sfr0         0000
__Lsfr1                       sfr1         0000
__Lsfr2                       sfr2         0000
__Lsfr3                       sfr3         0000
__Lstrings                    strings      0000
__Ltext                       text         0000
__S0                          (abs)        2008
__S1                          (abs)        00DE
__S2                          (abs)        0000
___awmod                      text656      0769
___awmod@counter              cstackCOMMON 0075
___awmod@dividend             cstackCOMMON 0072
___awmod@divisor              cstackCOMMON 0070
___awmod@sign                 cstackCOMMON 0076
___lwdiv                      text658      0F5D
___lwdiv@counter              cstackCOMMON 007D
___lwdiv@dividend             cstackCOMMON 0078
___lwdiv@divisor              cstackCOMMON 0076
___lwdiv@quotient             cstackCOMMON 007B
___lwmod                      text657      0E83
___lwmod@counter              cstackBANK0  0025
___lwmod@dividend             cstackBANK0  0022
___lwmod@divisor              cstackBANK0  0020
___wmul                       text659      0DC3
___wmul@multiplicand          cstackCOMMON 0072
___wmul@multiplier            cstackCOMMON 0070
___wmul@product               cstackCOMMON 0074
__end_of_ADCconvert           text652      01FA
__end_of_Debounce             text660      06CA
__end_of_Menu                 text643      0F10
__end_of_ReadButtons          text653      06FC
__end_of_UpdateDisplay        text645      05C0
__end_of___awmod              text656      07CF
__end_of___lwdiv              text658      0FAB
__end_of___lwmod              text657      0EC9
__end_of___wmul               text659      0DED
__end_of_adc_read             text661      0DC3
__end_of_adc_read_channel     text655      0E83
__end_of_calibrateIR          text638      0F5D
__end_of_init                 text637      0D80
__end_of_init_adc             text642      0D6C
__end_of_isr1                 text644      0507
__end_of_lcd_init             text639      0E42
__end_of_lcd_set_cursor       text649      0D0A
__end_of_lcd_write_control    text641      0D9C
__end_of_lcd_write_data       text654      0D1D
__end_of_lcd_write_string     text648      0E17
__end_of_main                 maintext     064E
__end_of_readAvgDistance      text646      1000
__end_of_readDistance         text647      0D58
__end_of_rotateOld            text640      0325
__end_of_sprintf              text651      0425
__end_ofi1_lcd_write_control  text650      0D44
__pbitbssBANK0                bitbssBANK0  0340
__pbssBANK0                   bssBANK0     0051
__pbssBANK1                   bssBANK1     00A0
__pcstackBANK0                cstackBANK0  0020
__pcstackBANK1                cstackBANK1  00D8
__pcstackCOMMON               cstackCOMMON 0070
__pdataBANK0                  dataBANK0    006A
__pdataBANK1                  dataBANK1    00D2
__pidataBANK0                 idataBANK0   0CEE
__pidataBANK1                 idataBANK1   0CF3
__pintentry                   intentry     0004
__pmaintext                   maintext     05C0
__pstrings                    strings      0700
__ptext637                    text637      0D6C
__ptext638                    text638      0F10
__ptext639                    text639      0E17
__ptext640                    text640      01FA
__ptext641                    text641      0D80
__ptext642                    text642      0D58
__ptext643                    text643      0EC9
__ptext644                    text644      0425
__ptext645                    text645      0507
__ptext646                    text646      0FAB
__ptext647                    text647      0D44
__ptext648                    text648      0DED
__ptext649                    text649      0D01
__ptext650                    text650      0D30
__ptext651                    text651      0325
__ptext652                    text652      0015
__ptext653                    text653      06CA
__ptext654                    text654      0D0A
__ptext655                    text655      0E42
__ptext656                    text656      0769
__ptext657                    text657      0E83
__ptext658                    text658      0F5D
__ptext659                    text659      0DC3
__ptext660                    text660      064E
__ptext661                    text661      0D9C
__ptext662                    text662      0000
__size_of_ADCconvert          (abs)        0000
__size_of_Debounce            (abs)        0000
__size_of_Menu                (abs)        0000
__size_of_ReadButtons         (abs)        0000
__size_of_UpdateDisplay       (abs)        0000
__size_of___awmod             (abs)        0000
__size_of___lwdiv             (abs)        0000
__size_of___lwmod             (abs)        0000
__size_of___wmul              (abs)        0000
__size_of_adc_read            (abs)        0000
__size_of_adc_read_channel    (abs)        0000
__size_of_calibrateIR         (abs)        0000
__size_of_init                (abs)        0000
__size_of_init_adc            (abs)        0000
__size_of_isr1                (abs)        0000
__size_of_lcd_init            (abs)        0000
__size_of_lcd_set_cursor      (abs)        0000
__size_of_lcd_write_control   (abs)        0000
__size_of_lcd_write_data      (abs)        0000
__size_of_lcd_write_string    (abs)        0000
__size_of_main                (abs)        0000
__size_of_readAvgDistance     (abs)        0000
__size_of_readDistance        (abs)        0000
__size_of_rotateOld           (abs)        0000
__size_of_sprintf             (abs)        0000
__size_ofi1_lcd_write_control (abs)        0000
_adcVal                       bssBANK0     0053
_adc_read                     text661      0D9C
_adc_read_channel             text655      0E42
_buttonPressed                bssBANK0     005E
_calibrateIR                  text638      0F10
_currentMenu                  bssBANK0     005F
_current_direction            bssBANK0     0060
_current_step                 dataBANK1    00D7
_distance                     bssBANK0     0055
_dpowers                      strings      0710
_exit                         init         0012
_highByte                     bssBANK0     0061
_init                         text637      0D6C
_init_adc                     text642      0D58
_isr1                         text644      0425
_lcd_init                     text639      0E17
_lcd_set_cursor               text649      0D01
_lcd_write_control            text641      0D80
_lcd_write_data               text654      0D0A
_lcd_write_string             text648      0DED
_lowByte                      bssBANK0     0062
_main                         maintext     05C0
_menuStrings                  dataBANK1    00D2
_pos                          bssBANK0     0057
_readAvgDistance              text646      0FAB
_readDistance                 text647      0D44
_rotateOld                    text640      01FA
_rxfifo                       bssBANK1     00B0
_rxiptr                       bssBANK0     0063
_rxoptr                       bssBANK0     0064
_ser_tmp                      bssBANK0     0065
_shortMenuStrings             dataBANK0    006A
_sprintf                      text651      0325
_totalSteps                   bssBANK1     00D0
_txfifo                       bssBANK1     00C0
_txiptr                       bssBANK0     0066
_txoptr                       bssBANK0     0067
adc_read@adc_value            cstackCOMMON 0074
adc_read_channel@channel      cstackCOMMON 0077
btemp                         (abs)        007E
clear_ram                     clrtext      0CF9
end_of_initialization         cinit        07FC
i1_lcd_write_control          text650      0D30
i1lcd_write_control@databyte  cstackCOMMON 0072
init_fetch                    inittext     0D1D
init_ram                      inittext     0D21
interrupt_function            intentry     0004
intlevel0                     functab      0000
intlevel1                     functab      0000
intlevel2                     functab      0000
intlevel3                     functab      0000
intlevel4                     functab      0000
intlevel5                     functab      0000
lcd_set_cursor@address        cstackCOMMON 0073
lcd_write_control@databyte    cstackBANK1  00DA
lcd_write_data@databyte       cstackCOMMON 0072
lcd_write_string@s            cstackCOMMON 0077
main@choice                   cstackBANK1  00DD
readAvgDistance@fullval       cstackBANK0  0022
readAvgDistance@i             cstackBANK0  0024
readDistance@fullval          cstackCOMMON 007C
reset_vec                     reset_vec    0000
rotateOld@direction           cstackBANK1  00D8
rotateOld@steps               cstackBANK1  00DB
saved_w                       (abs)        007E
sprintf@_val                  cstackBANK0  0031
sprintf@ap                    cstackBANK0  002E
sprintf@c                     cstackBANK0  0036
sprintf@f                     cstackBANK0  0026
sprintf@flag                  cstackBANK0  002F
sprintf@prec                  cstackBANK0  0030
sprintf@sp                    cstackBANK0  0035
start                         init         0012
start_initialization          cinit        07CF
wtemp0                        (abs)        007E
