HI-TECH Software C Compiler 

Linker command line:

--edf=C:\Program Files\HI-TECH Software\PICC\9.83\dat\en_msgs.txt -cs \
  -h+Assignment3_AldnoahZero.sym -z -Q16F877A -ol.obj \
  -MAssignment3_AldnoahZero.map -E1 -ACONST=00h-0FFhx32 -ACODE=00h-07FFhx4 \
  -ASTRCODE=00h-01FFFh -AENTRY=00h-0FFhx32 -ASTRING=00h-0FFhx32 \
  -ABANK0=020h-06Fh -ABANK1=0A0h-0EFh -ABANK2=0110h-016Fh \
  -ABANK3=0190h-01EFh -ARAM=020h-06Fh,0A0h-0EFh,0110h-016Fh,0190h-01EFh \
  -AABS1=020h-07Fh,0A0h-0EFh,0110h-016Fh,0190h-01EFh -ACOMMON=070h-07Fh \
  -ASFR0=00h-01Fh -ASFR1=080h-09Fh -ASFR2=0100h-010Fh -ASFR3=0180h-018Fh \
  -preset_vec=00h,intentry=04h,init,end_init -ppowerup=CODE -pfunctab=CODE \
  -ACONFIG=02007h-02007h -pconfig=CONFIG -DCONFIG=2 -AIDLOC=02000h-02003h \
  -pidloc=IDLOC -DIDLOC=2 -AEEDATA=00h-0FFh/02100h -peeprom_data=EEDATA \
  -DEEDATA=2 -DCODE=2 -DSTRCODE=2 -DSTRING=2 -DCONST=2 -DENTRY=2 -k \
  startup.obj Assignment3_AldnoahZero.obj 

Object code version is 3.10

Machine type is 16F877A



                Name                               Link     Load   Length Selector   Space Scale
startup.obj     end_init                             12       12        3        8       0
                reset_vec                             0        0        3        0       0
Assignment3_AldnoahZero.obj
                intentry                              4        4        E        8       0
                config                             2007     2007        1     400E       0
                text1161                            9A2      9A2       98     1344       0
                text1160                           14A9     14A9       44     2952       0
                text1159                           1409     1409       30     2812       0
                text1158                            B7E      B7E       AC     16FC       0
                text1157                           12A8     12A8       29     2550       0
                text1156                           1280     1280       28     2500       0
                text1155                           1579     1579       47     2AF2       0
                text1154                           123D     123D       21     247A       0
                text1153                           11B9     11B9       14     2372       0
                text1152                           120D     120D       17     241A       0
                text1151                           12FC     12FC       2C     25F8       0
                text1150                           15C0     15C0       50     2B80       0
                text1149                           14ED     14ED       46     29DA       0
                text1148                            774      774       7D        8       0
                text1147                            AD8      AD8       A6     15B0       0
                text1146                           1792     1792       6E     2F24       0
                text1145                           16BE     16BE       68     2D7C       0
                text1144                           146E     146E       3B     28DC       0
                text1143                           11E1     11E1       16     23C2       0
                text1142                           11CD     11CD       14     239A       0
                text1141                           1193     1193       13     2326       0
                text1140                           1224     1224       19     2448       0
                text1139                           1610     1610       50     2C20       0
                text1138                            92E      92E       74     125C       0
                text1137                            2A7      2A7      223        8       0
                text1136                            DE0      DE0      100     1BC0       0
                text1135                           125E     125E       22     24BC       0
                text1134                           1380     1380       2D     2700       0
                text1133                           1439     1439       35     2872       0
                text1132                            C2A      C2A       C8     1854       0
                text1131                            CF2      CF2       EE     19E4       0
                text1130                           1328     1328       2C     2650       0
                text1129                            8B3      8B3        B     1166       0
                text1128                           1354     1354       2C     26A8       0
                text1127                           12D1     12D1       2B     25A2       0
                text1126                            EE0      EE0      120     1DC0       0
                text1125                           11F7     11F7       16     23EE       0
                text1124                           13DA     13DA       2F     27B4       0
                text1123                            8BE      8BE       70     117C       0
                text1122                            4CA      4CA      15F        8       0
                text1121                           1660     1660       5E     2CC0       0
                text1120                           1726     1726       6C     2E4C       0
                text1119                            629      629      14B        8       0
                text1118                            A3A      A3A       9E     1474       0
                text1117                           1533     1533       46     2A66       0
                maintext                             15       15      292        8       0
                cstackBANK0                          20       20       4A       20       1
                cstackCOMMON                         72       72        B       70       1
                cstackBANK1                          E3       E3        B       A0       1
                inittext                           11A6     11A6       13     234C       0
                clrtext                            118B     118B        8     2316       0
                bssBANK3                            190      190       20      190       1
                dataBANK1                            D6       D6        D       A0       1
                bssBANK1                             A0       A0       36       A0       1
                bssBANK0                             6A       6A        6       20       1
                bssCOMMON                            7D       7D        1       70       1
                bitbssCOMMON                        380       70        D       70       1     8
                cinit                              13AD     13AD       2D     275A       0
                strings                             800      800       AD     1000       0
                idataBANK1                          7F1      7F1        D        8       0

TOTAL           Name                               Link     Load   Length     Space
        CLASS   CONST          

        CLASS   CODE           
                end_init                             12       12        3         0
                intentry                              4        4        E         0
                reset_vec                             0        0        3         0
                text1161                            9A2      9A2       98         0
                text1160                           14A9     14A9       44         0
                text1159                           1409     1409       30         0
                text1158                            B7E      B7E       AC         0
                text1157                           12A8     12A8       29         0
                text1156                           1280     1280       28         0
                text1155                           1579     1579       47         0
                text1154                           123D     123D       21         0
                text1153                           11B9     11B9       14         0
                text1152                           120D     120D       17         0
                text1151                           12FC     12FC       2C         0
                text1150                           15C0     15C0       50         0
                text1149                           14ED     14ED       46         0
                text1148                            774      774       7D         0
                text1147                            AD8      AD8       A6         0
                text1146                           1792     1792       6E         0
                text1145                           16BE     16BE       68         0
                text1144                           146E     146E       3B         0
                text1143                           11E1     11E1       16         0
                text1142                           11CD     11CD       14         0
                text1141                           1193     1193       13         0
                text1140                           1224     1224       19         0
                text1139                           1610     1610       50         0
                text1138                            92E      92E       74         0
                text1137                            2A7      2A7      223         0
                text1136                            DE0      DE0      100         0
                text1135                           125E     125E       22         0
                text1134                           1380     1380       2D         0
                text1133                           1439     1439       35         0
                text1132                            C2A      C2A       C8         0
                text1131                            CF2      CF2       EE         0
                text1130                           1328     1328       2C         0
                text1129                            8B3      8B3        B         0
                text1128                           1354     1354       2C         0
                text1127                           12D1     12D1       2B         0
                text1126                            EE0      EE0      120         0
                text1125                           11F7     11F7       16         0
                text1124                           13DA     13DA       2F         0
                text1123                            8BE      8BE       70         0
                text1122                            4CA      4CA      15F         0
                text1121                           1660     1660       5E         0
                text1120                           1726     1726       6C         0
                text1119                            629      629      14B         0
                text1118                            A3A      A3A       9E         0
                text1117                           1533     1533       46         0
                maintext                             15       15      292         0
                inittext                           11A6     11A6       13         0
                clrtext                            118B     118B        8         0
                cinit                              13AD     13AD       2D         0
                idataBANK1                          7F1      7F1        D         0

        CLASS   STRCODE        

        CLASS   ENTRY          

        CLASS   STRING         
                strings                             800      800       AD         0

        CLASS   BANK0          
                cstackBANK0                          20       20       4A         1
                bssBANK0                             6A       6A        6         1

        CLASS   BANK1          
                cstackBANK1                          E3       E3        B         1
                dataBANK1                            D6       D6        D         1
                bssBANK1                             A0       A0       36         1

        CLASS   BANK2          

        CLASS   BANK3          
                bssBANK3                            190      190       20         1

        CLASS   RAM            

        CLASS   ABS1           
                abs_s1                               7E       7E        2         1

        CLASS   COMMON         
                cstackCOMMON                         72       72        B         1
                bssCOMMON                            7D       7D        1         1
                bitbssCOMMON                        380       70        D         1

        CLASS   SFR0           

        CLASS   SFR1           

        CLASS   SFR2           

        CLASS   SFR3           

        CLASS   CONFIG         
                config                             2007     2007        1         0

        CLASS   IDLOC          

        CLASS   EEDATA         



SEGMENTS        Name                           Load    Length   Top    Selector   Space  Class     Delta

                reset_vec                      000000  000003  000003         0       0  CODE        2
                intentry                       000004  0007FA  0007FE         8       0  CODE        2
                cstackBANK0                    000020  000050  000070        20       1  BANK0       1
                bitbssCOMMON                   000070  00000E  00007E        70       1  COMMON      1
                bssBANK1                       0000A0  00004E  0000EE        A0       1  BANK1       1
                bssBANK3                       000190  000020  0001B0       190       1  BANK3       1
                strings                        000800  0000AD  0008AD      1000       0  STRING      2
                text1129                       0008B3  00000B  0008BE      1166       0  CODE        2
                text1123                       0008BE  000070  00092E      117C       0  CODE        2
                text1138                       00092E  000074  0009A2      125C       0  CODE        2
                text1161                       0009A2  000098  000A3A      1344       0  CODE        2
                text1118                       000A3A  00009E  000AD8      1474       0  CODE        2
                text1147                       000AD8  0000A6  000B7E      15B0       0  CODE        2
                text1158                       000B7E  0000AC  000C2A      16FC       0  CODE        2
                text1132                       000C2A  0000C8  000CF2      1854       0  CODE        2
                text1131                       000CF2  0000EE  000DE0      19E4       0  CODE        2
                text1136                       000DE0  000100  000EE0      1BC0       0  CODE        2
                text1126                       000EE0  000120  001000      1DC0       0  CODE        2
                clrtext                        00118B  000008  001193      2316       0  CODE        2
                text1141                       001193  000013  0011A6      2326       0  CODE        2
                inittext                       0011A6  000013  0011B9      234C       0  CODE        2
                text1153                       0011B9  000014  0011CD      2372       0  CODE        2
                text1142                       0011CD  000014  0011E1      239A       0  CODE        2
                text1143                       0011E1  000016  0011F7      23C2       0  CODE        2
                text1125                       0011F7  000016  00120D      23EE       0  CODE        2
                text1152                       00120D  000017  001224      241A       0  CODE        2
                text1140                       001224  000019  00123D      2448       0  CODE        2
                text1154                       00123D  000021  00125E      247A       0  CODE        2
                text1135                       00125E  000022  001280      24BC       0  CODE        2
                text1156                       001280  000028  0012A8      2500       0  CODE        2
                text1157                       0012A8  000029  0012D1      2550       0  CODE        2
                text1127                       0012D1  00002B  0012FC      25A2       0  CODE        2
                text1151                       0012FC  00002C  001328      25F8       0  CODE        2
                text1130                       001328  00002C  001354      2650       0  CODE        2
                text1128                       001354  00002C  001380      26A8       0  CODE        2
                text1134                       001380  00002D  0013AD      2700       0  CODE        2
                cinit                          0013AD  00002D  0013DA      275A       0  CODE        2
                text1124                       0013DA  00002F  001409      27B4       0  CODE        2
                text1159                       001409  000030  001439      2812       0  CODE        2
                text1133                       001439  000035  00146E      2872       0  CODE        2
                text1144                       00146E  00003B  0014A9      28DC       0  CODE        2
                text1160                       0014A9  000044  0014ED      2952       0  CODE        2
                text1149                       0014ED  000046  001533      29DA       0  CODE        2
                text1117                       001533  000046  001579      2A66       0  CODE        2
                text1155                       001579  000047  0015C0      2AF2       0  CODE        2
                text1150                       0015C0  000050  001610      2B80       0  CODE        2
                text1139                       001610  000050  001660      2C20       0  CODE        2
                text1121                       001660  00005E  0016BE      2CC0       0  CODE        2
                text1145                       0016BE  000068  001726      2D7C       0  CODE        2
                text1120                       001726  00006C  001792      2E4C       0  CODE        2
                text1146                       001792  00006E  001800      2F24       0  CODE        2
                config                         002007  000001  002008      400E       0  CONFIG      2


UNUSED ADDRESS RANGES

        Name                Unused          Largest block    Delta
        BANK1            00EE-00EF              2           1
        BANK2            0110-016F             60           1
        BANK3            01B0-01EF             40           1
        CODE             0003-0003              1           2
                         07FE-07FF              2
                         08AD-08B2              6
                         1000-118A            18B
                         1800-1FFF            800
        CONST            0003-0003              1           2
                         07FE-07FF              2
                         08AD-08B2              6
                         1000-118A            100
                         1800-1FFF            100
        EEDATA           2100-21FF            100           2
        ENTRY            0003-0003              1           2
                         07FE-07FF              2
                         08AD-08B2              6
                         1000-118A            100
                         1800-1FFF            100
        IDLOC            2000-2003              4           2
        RAM              00EE-00EF              2           1
                         0110-016F             60
                         01B0-01EF             40
        SFR0             0000-001F             20           1
        SFR1             0080-009F             20           1
        SFR2             0100-010F             10           1
        SFR3             0180-018F             10           1
        STRCODE          0003-0003              1           2
                         07FE-07FF              2
                         08AD-08B2              6
                         1000-118A            18B
                         1800-1FFF            800
        STRING           0003-0003              1           2
                         07FE-07FF              2
                         08AD-08B2              6
                         1000-118A            100
                         1800-1FFF            100

                                  Symbol Table

??_ADCconvert               cstackBANK0  002E
??_ChargeMode               cstackBANK0  0059
??_Debounce                 cstackCOMMON 0072
??_Menu                     cstackBANK0  0020
??_ReadButtons              cstackCOMMON 0073
??_RobotDrive               cstackBANK0  0058
??_UpdateDisplay            cstackBANK0  0045
??___awmod                  cstackBANK0  0024
??___awtoft                 cstackBANK0  0039
??___ftdiv                  cstackBANK0  003C
??___ftge                   cstackBANK0  0026
??___ftmul                  cstackBANK0  004C
??___ftpack                 cstackBANK0  0025
??___fttol                  cstackBANK0  002C
??___lwdiv                  cstackBANK0  002A
??___lwmod                  cstackBANK0  0032
??___wmul                   cstackBANK0  0024
??_abs                      cstackBANK0  0028
??_adc_read                 cstackBANK0  0022
??_adc_read_channel         cstackBANK0  0026
??_calibrateIR              cstackBANK0  0059
??_init                     cstackBANK0  0023
??_init_adc                 cstackBANK0  0020
??_isr1                     cstackCOMMON 0078
??_lcd_init                 cstackBANK0  0023
??_lcd_set_cursor           cstackBANK0  0023
??_lcd_write_control        cstackBANK0  0020
??_lcd_write_data           cstackBANK0  0020
??_lcd_write_string         cstackBANK0  0029
??_main                     cstackBANK0  0067
??_readAvgDistance          cstackBANK0  0030
??_readDistance             cstackBANK0  002A
??_robo_init                cstackBANK0  0022
??_robotMoveSpeed           cstackBANK0  005F
??_robotTurn                cstackBANK0  0024
??_robotTurnSpeed           cstackBANK0  005D
??_robot_read               cstackBANK0  0022
??_rotate                   cstackBANK0  0026
??_scan360                  cstackBANK0  005B
??_ser_getch                cstackBANK0  0020
??_ser_init                 cstackBANK0  0020
??_ser_isrx                 cstackBANK0  0020
??_ser_putch                cstackBANK0  0020
??_spi_transfer             cstackBANK0  0020
??_sprintf                  cstackBANK0  0039
??i1___lwmod                cstackCOMMON 0076
?_ADCconvert                cstackCOMMON 0072
?_ChargeMode                cstackCOMMON 0072
?_Debounce                  cstackCOMMON 0072
?_Menu                      cstackCOMMON 0072
?_ReadButtons               cstackCOMMON 0072
?_RobotDrive                cstackBANK0  0056
?_UpdateDisplay             cstackCOMMON 0072
?___awmod                   cstackBANK0  0020
?___awtoft                  cstackBANK0  0036
?___ftdiv                   cstackBANK0  0036
?___ftge                    cstackBANK0  0020
?___ftmul                   cstackBANK0  0046
?___ftpack                  cstackBANK0  0020
?___fttol                   cstackBANK0  0028
?___lwdiv                   cstackBANK0  0026
?___lwmod                   cstackBANK0  002E
?___wmul                    cstackBANK0  0020
?_abs                       cstackBANK0  0026
?_adc_read                  cstackBANK0  0020
?_adc_read_channel          cstackCOMMON 0072
?_calibrateIR               cstackCOMMON 0072
?_init                      cstackCOMMON 0072
?_init_adc                  cstackCOMMON 0072
?_isr1                      cstackCOMMON 0072
?_lcd_init                  cstackCOMMON 0072
?_lcd_set_cursor            cstackCOMMON 0072
?_lcd_write_control         cstackCOMMON 0072
?_lcd_write_data            cstackCOMMON 0072
?_lcd_write_string          cstackBANK0  0027
?_main                      cstackCOMMON 0072
?_readAvgDistance           cstackCOMMON 0072
?_readDistance              cstackBANK0  0028
?_robo_init                 cstackCOMMON 0072
?_robotMoveSpeed            cstackBANK0  005B
?_robotTurn                 cstackBANK0  0022
?_robotTurnSpeed            cstackBANK0  0059
?_robot_read                cstackCOMMON 0072
?_rotate                    cstackBANK0  0023
?_scan360                   cstackBANK0  0059
?_ser_getch                 cstackCOMMON 0072
?_ser_init                  cstackCOMMON 0072
?_ser_isrx                  cstackCOMMON 0072
?_ser_putch                 cstackCOMMON 0072
?_spi_transfer              cstackCOMMON 0072
?_sprintf                   cstackBANK0  0034
?i1___lwmod                 cstackCOMMON 0072
AT25256A@CS0                (abs)        0038
AT25256A@CS1                (abs)        0039
Menu@BTN_input              cstackBANK0  0020
RobotDrive@speed            cstackBANK0  0056
RobotDrive@speedhighByte    cstackBANK0  005A
RobotDrive@speedlowByte     cstackBANK0  0059
UpdateDisplay@F1242         bssBANK3     0190
UpdateDisplay@LCDOutput     cstackBANK0  0049
_ADCON0                     (abs)        001F
_ADCON1                     (abs)        009F
_ADCconvert                 text1137     02A7
_ADRESH                     (abs)        001E
_ADRESL                     (abs)        009E
_AngleHighByte              bssBANK1     00C4
_AngleLowByte               bssBANK1     00C5
_BRGH                       (abs)        04C2
_BumpSensors                bssBANK1     00C6
_CARRY                      (abs)        0018
_CHS0                       (abs)        00FB
_CHS1                       (abs)        00FC
_CHS2                       (abs)        00FD
_CREN                       (abs)        00C4
_CenterDebounceCount        bssBANK1     00C7
_CenterPressed              bitbssCOMMON 0380
_CenterReleased             bitbssCOMMON 0381
_ChargeMode                 text1117     1533
_Debounce                   text1161     09A2
_DistHighByte               bssBANK1     00C8
_DistLowByte                bssBANK1     00C9
_DownDebounceCount          bssBANK1     00CA
_DownPressed                bitbssCOMMON 0382
_DownReleased               bitbssCOMMON 0383
_EEADR                      (abs)        010D
_EECON1                     (abs)        018C
_EECON2                     (abs)        018D
_EEDATA                     (abs)        010C
_GIE                        (abs)        005F
_GO                         (abs)        00FA
_IRdistance                 bssBANK1     00B0
_LeftDebounceCount          bssBANK1     00CB
_LeftPressed                bitbssCOMMON 0384
_LeftReleased               bitbssCOMMON 0385
_Menu                       text1155     1579
_OERR                       (abs)        00C1
_OPTION_REG                 (abs)        0081
_PEIE                       (abs)        005E
_PORTA                      (abs)        0005
_PORTD                      (abs)        0008
_PORTE                      (abs)        0009
_RB0                        (abs)        0030
_RB2                        (abs)        0032
_RB3                        (abs)        0033
_RB4                        (abs)        0034
_RB5                        (abs)        0035
_RB6                        (abs)        0036
_RC0                        (abs)        0038
_RC1                        (abs)        0039
_RC2                        (abs)        003A
_RCIE                       (abs)        0465
_RCIF                       (abs)        0065
_RCREG                      (abs)        001A
_RD                         (abs)        0C60
_RE0                        (abs)        0048
_RE1                        (abs)        0049
_RE2                        (abs)        004A
_ROBOTerror                 bssBANK1     00CC
_RTC_Counter                bssBANK1     00B2
_RTC_FLAG_1MS               bitbssCOMMON 0386
_RTC_FLAG_250MS             bitbssCOMMON 0387
_RTC_FLAG_500MS             bitbssCOMMON 0388
_RX9                        (abs)        00C6
_ReadButtons                text1159     1409
_RightDebounceCount         bssBANK1     00CD
_RightPressed               bitbssCOMMON 0389
_RightReleased              bitbssCOMMON 038A
_RobotDrive                 text1134     1380
_SPBRG                      (abs)        0099
_SPEN                       (abs)        00C7
_SSPBUF                     (abs)        0013
_SSPCON                     (abs)        0014
_SSPIF                      (abs)        0063
_SSPSTAT                    (abs)        0094
_SYNC                       (abs)        04C4
_TMR0                       (abs)        0001
_TMR0IE                     (abs)        005D
_TMR0IF                     (abs)        005A
_TRISA                      (abs)        0085
_TRISB                      (abs)        0086
_TRISC                      (abs)        0087
_TRISD                      (abs)        0088
_TRISE                      (abs)        0089
_TX9                        (abs)        04C6
_TXEN                       (abs)        04C5
_TXIE                       (abs)        0464
_TXIF                       (abs)        0064
_TXREG                      (abs)        0019
_TotalDistTravelled         bssBANK1     00B4
_UpDebounceCount            bssBANK1     00CE
_UpPressed                  bitbssCOMMON 038B
_UpReleased                 bitbssCOMMON 038C
_UpdateDisplay              text1122     04CA
_VwallSensor                bssBANK1     00CF
_WR                         (abs)        0C61
_WREN                       (abs)        0C62
__Habs1                     abs1         0000
__Hbank0                    bank0        0000
__Hbank1                    bank1        0000
__Hbank2                    bank2        0000
__Hbank3                    bank3        0000
__HbitbssCOMMON             bitbssCOMMON 0000
__HbssBANK0                 bssBANK0     0000
__HbssBANK1                 bssBANK1     0000
__HbssBANK3                 bssBANK3     0000
__HbssCOMMON                bssCOMMON    0000
__Hcinit                    cinit        0000
__Hclrtext                  clrtext      0000
__Hcode                     code         0000
__Hcommon                   common       0000
__Hconfig                   config       2008
__HcstackBANK0              cstackBANK0  0000
__HcstackBANK1              cstackBANK1  0000
__HcstackCOMMON             cstackCOMMON 0000
__HdataBANK1                dataBANK1    0000
__Heeprom_data              eeprom_data  0000
__Hend_init                 end_init     0015
__Hfunctab                  functab      0000
__HidataBANK1               idataBANK1   0000
__Hidloc                    idloc        0000
__Hinit                     init         0012
__Hinittext                 inittext     0000
__Hintentry                 intentry     0012
__Hmaintext                 maintext     0000
__Hpowerup                  powerup      0000
__Hram                      ram          0000
__Hreset_vec                reset_vec    0003
__Hsfr0                     sfr0         0000
__Hsfr1                     sfr1         0000
__Hsfr2                     sfr2         0000
__Hsfr3                     sfr3         0000
__Hstrings                  strings      0000
__Htext                     text         0000
__Labs1                     abs1         0000
__Lbank0                    bank0        0000
__Lbank1                    bank1        0000
__Lbank2                    bank2        0000
__Lbank3                    bank3        0000
__LbitbssCOMMON             bitbssCOMMON 0000
__LbssBANK0                 bssBANK0     0000
__LbssBANK1                 bssBANK1     0000
__LbssBANK3                 bssBANK3     0000
__LbssCOMMON                bssCOMMON    0000
__Lcinit                    cinit        0000
__Lclrtext                  clrtext      0000
__Lcode                     code         0000
__Lcommon                   common       0000
__Lconfig                   config       2007
__LcstackBANK0              cstackBANK0  0000
__LcstackBANK1              cstackBANK1  0000
__LcstackCOMMON             cstackCOMMON 0000
__LdataBANK1                dataBANK1    0000
__Leeprom_data              eeprom_data  0000
__Lend_init                 end_init     0012
__Lfunctab                  functab      0000
__LidataBANK1               idataBANK1   0000
__Lidloc                    idloc        0000
__Linit                     init         0012
__Linittext                 inittext     0000
__Lintentry                 intentry     0004
__Lmaintext                 maintext     0000
__Lpowerup                  powerup      0000
__Lram                      ram          0000
__Lreset_vec                reset_vec    0000
__Lsfr0                     sfr0         0000
__Lsfr1                     sfr1         0000
__Lsfr2                     sfr2         0000
__Lsfr3                     sfr3         0000
__Lstrings                  strings      0000
__Ltext                     text         0000
__S0                        (abs)        2008
__S1                        (abs)        01B0
__S2                        (abs)        0000
___awmod                    text1145     16BE
___awmod@counter            cstackBANK0  0025
___awmod@dividend           cstackBANK0  0022
___awmod@divisor            cstackBANK0  0020
___awmod@sign               cstackBANK0  0026
___awtoft                   text1130     1328
___awtoft@c                 cstackBANK0  0036
___awtoft@sign              cstackBANK0  003B
___ftdiv                    text1132     0C2A
___ftdiv@cntr               cstackBANK0  0040
___ftdiv@exp                cstackBANK0  0044
___ftdiv@f1                 cstackBANK0  0039
___ftdiv@f2                 cstackBANK0  0036
___ftdiv@f3                 cstackBANK0  0041
___ftdiv@sign               cstackBANK0  0045
___ftge                     text1146     1792
___ftge@ff1                 cstackBANK0  0020
___ftge@ff2                 cstackBANK0  0023
___ftmul                    text1131     0CF2
___ftmul@cntr               cstackBANK0  0054
___ftmul@exp                cstackBANK0  0050
___ftmul@f1                 cstackBANK0  0046
___ftmul@f2                 cstackBANK0  0049
___ftmul@f3_as_product      cstackBANK0  0051
___ftmul@sign               cstackBANK0  0055
___ftpack                   text1148     0774
___ftpack@arg               cstackBANK0  0020
___ftpack@exp               cstackBANK0  0023
___ftpack@sign              cstackBANK0  0024
___fttol                    text1147     0AD8
___fttol@exp1               cstackBANK0  0035
___fttol@f1                 cstackBANK0  0028
___fttol@lval               cstackBANK0  0031
___fttol@sign1              cstackBANK0  0030
___lwdiv                    text1150     15C0
___lwdiv@counter            cstackBANK0  002D
___lwdiv@dividend           cstackBANK0  0028
___lwdiv@divisor            cstackBANK0  0026
___lwdiv@quotient           cstackBANK0  002B
___lwmod                    text1149     14ED
___lwmod@counter            cstackBANK0  0033
___lwmod@dividend           cstackBANK0  0030
___lwmod@divisor            cstackBANK0  002E
___wmul                     text1151     12FC
___wmul@multiplicand        cstackBANK0  0022
___wmul@multiplier          cstackBANK0  0020
___wmul@product             cstackBANK0  0024
__end_of_ADCconvert         text1137     04CA
__end_of_ChargeMode         text1117     1579
__end_of_Debounce           text1161     0A3A
__end_of_Menu               text1155     15C0
__end_of_ReadButtons        text1159     1439
__end_of_RobotDrive         text1134     13AD
__end_of_UpdateDisplay      text1122     0629
__end_of___awmod            text1145     1726
__end_of___awtoft           text1130     1354
__end_of___ftdiv            text1132     0CF2
__end_of___ftge             text1146     1800
__end_of___ftmul            text1131     0DE0
__end_of___ftpack           text1148     07F1
__end_of___fttol            text1147     0B7E
__end_of___lwdiv            text1150     1610
__end_of___lwmod            text1149     1533
__end_of___wmul             text1151     1328
__end_of_abs                text1133     146E
__end_of_adc_read           text1157     12D1
__end_of_adc_read_channel   text1144     14A9
__end_of_calibrateIR        text1121     16BE
__end_of_init               text1124     1409
__end_of_init_adc           text1143     11F7
__end_of_isr1               text1158     0C2A
__end_of_lcd_init           text1127     12FC
__end_of_lcd_set_cursor     text1129     08BE
__end_of_lcd_write_control  text1142     11E1
__end_of_lcd_write_data     text1141     11A6
__end_of_lcd_write_string   text1128     1380
__end_of_main               maintext     02A7
__end_of_readAvgDistance    text1123     092E
__end_of_readDistance       text1125     120D
__end_of_robo_init          text1140     123D
__end_of_robotMoveSpeed     text1119     0774
__end_of_robotTurn          text1138     09A2
__end_of_robotTurnSpeed     text1118     0AD8
__end_of_robot_read         text1126     1000
__end_of_rotate             text1139     1660
__end_of_scan360            text1120     1792
__end_of_ser_getch          text1135     1280
__end_of_ser_init           text1156     12A8
__end_of_ser_isrx           text1152     1224
__end_of_ser_putch          text1154     125E
__end_of_spi_transfer       text1153     11CD
__end_of_sprintf            text1136     0EE0
__end_ofi1___lwmod          text1160     14ED
__pbitbssCOMMON             bitbssCOMMON 0380
__pbssBANK0                 bssBANK0     006A
__pbssBANK1                 bssBANK1     00A0
__pbssBANK3                 bssBANK3     0190
__pbssCOMMON                bssCOMMON    007D
__pcstackBANK0              cstackBANK0  0020
__pcstackBANK1              cstackBANK1  00E3
__pcstackCOMMON             cstackCOMMON 0072
__pdataBANK1                dataBANK1    00D6
__pidataBANK1               idataBANK1   07F1
__pintentry                 intentry     0004
__pmaintext                 maintext     0015
__pstrings                  strings      0800
__ptext1117                 text1117     1533
__ptext1118                 text1118     0A3A
__ptext1119                 text1119     0629
__ptext1120                 text1120     1726
__ptext1121                 text1121     1660
__ptext1122                 text1122     04CA
__ptext1123                 text1123     08BE
__ptext1124                 text1124     13DA
__ptext1125                 text1125     11F7
__ptext1126                 text1126     0EE0
__ptext1127                 text1127     12D1
__ptext1128                 text1128     1354
__ptext1129                 text1129     08B3
__ptext1130                 text1130     1328
__ptext1131                 text1131     0CF2
__ptext1132                 text1132     0C2A
__ptext1133                 text1133     1439
__ptext1134                 text1134     1380
__ptext1135                 text1135     125E
__ptext1136                 text1136     0DE0
__ptext1137                 text1137     02A7
__ptext1138                 text1138     092E
__ptext1139                 text1139     1610
__ptext1140                 text1140     1224
__ptext1141                 text1141     1193
__ptext1142                 text1142     11CD
__ptext1143                 text1143     11E1
__ptext1144                 text1144     146E
__ptext1145                 text1145     16BE
__ptext1146                 text1146     1792
__ptext1147                 text1147     0AD8
__ptext1148                 text1148     0774
__ptext1149                 text1149     14ED
__ptext1150                 text1150     15C0
__ptext1151                 text1151     12FC
__ptext1152                 text1152     120D
__ptext1153                 text1153     11B9
__ptext1154                 text1154     123D
__ptext1155                 text1155     1579
__ptext1156                 text1156     1280
__ptext1157                 text1157     12A8
__ptext1158                 text1158     0B7E
__ptext1159                 text1159     1409
__ptext1160                 text1160     14A9
__ptext1161                 text1161     09A2
__ptext1162                 text1162     0000
__size_of_ADCconvert        (abs)        0000
__size_of_ChargeMode        (abs)        0000
__size_of_Debounce          (abs)        0000
__size_of_Menu              (abs)        0000
__size_of_ReadButtons       (abs)        0000
__size_of_RobotDrive        (abs)        0000
__size_of_UpdateDisplay     (abs)        0000
__size_of___awmod           (abs)        0000
__size_of___awtoft          (abs)        0000
__size_of___ftdiv           (abs)        0000
__size_of___ftge            (abs)        0000
__size_of___ftmul           (abs)        0000
__size_of___ftpack          (abs)        0000
__size_of___fttol           (abs)        0000
__size_of___lwdiv           (abs)        0000
__size_of___lwmod           (abs)        0000
__size_of___wmul            (abs)        0000
__size_of_abs               (abs)        0000
__size_of_adc_read          (abs)        0000
__size_of_adc_read_channel  (abs)        0000
__size_of_calibrateIR       (abs)        0000
__size_of_init              (abs)        0000
__size_of_init_adc          (abs)        0000
__size_of_isr1              (abs)        0000
__size_of_lcd_init          (abs)        0000
__size_of_lcd_set_cursor    (abs)        0000
__size_of_lcd_write_control (abs)        0000
__size_of_lcd_write_data    (abs)        0000
__size_of_lcd_write_string  (abs)        0000
__size_of_main              (abs)        0000
__size_of_readAvgDistance   (abs)        0000
__size_of_readDistance      (abs)        0000
__size_of_robo_init         (abs)        0000
__size_of_robotMoveSpeed    (abs)        0000
__size_of_robotTurn         (abs)        0000
__size_of_robotTurnSpeed    (abs)        0000
__size_of_robot_read        (abs)        0000
__size_of_rotate            (abs)        0000
__size_of_scan360           (abs)        0000
__size_of_ser_getch         (abs)        0000
__size_of_ser_init          (abs)        0000
__size_of_ser_isrx          (abs)        0000
__size_of_ser_putch         (abs)        0000
__size_of_spi_transfer      (abs)        0000
__size_of_sprintf           (abs)        0000
__size_ofi1___lwmod         (abs)        0000
_abs                        text1133     1439
_adcVal                     bssBANK0     006A
_adc_read                   text1157     12A8
_adc_read_channel           text1144     146E
_angleTurned                bssBANK1     00B6
_buttonPressed              bssCOMMON    007D
_calibrateIR                text1121     1660
_currentMenu                bssBANK1     00D0
_current_step               dataBANK1    00E2
_distTravelled              bssBANK1     00B8
_dist_high                  bssBANK1     00BA
_dist_low                   bssBANK1     00BC
_dpowers                    strings      0810
_exit                       init         0012
_highByte                   bssBANK1     00D1
_init                       text1124     13DA
_init_adc                   text1143     11E1
_isr1                       text1158     0B7E
_lcd_init                   text1127     12D1
_lcd_set_cursor             text1129     08B3
_lcd_write_control          text1142     11CD
_lcd_write_data             text1141     1193
_lcd_write_string           text1128     1354
_lowByte                    bssBANK1     00D2
_main                       maintext     0015
_menuStrings                dataBANK1    00D6
_pos                        bssBANK1     00BE
_readAvgDistance            text1123     08BE
_readDistance               text1125     11F7
_robo_init                  text1140     1224
_robotMoveSpeed             text1119     0629
_robotTurn                  text1138     092E
_robotTurnSpeed             text1118     0A3A
_robot_read                 text1126     0EE0
_rotate                     text1139     1610
_rxfifo                     bssBANK1     00A0
_rxiptr                     bssBANK0     006C
_rxoptr                     bssBANK0     006D
_scan360                    text1120     1726
_ser_getch                  text1135     125E
_ser_init                   text1156     1280
_ser_isrx                   text1152     120D
_ser_putch                  text1154     123D
_ser_tmp                    bssBANK1     00D3
_shortMenuStrings           dataBANK1    00DC
_spi_transfer               text1153     11B9
_sprintf                    text1136     0DE0
_total                      bssBANK1     00C0
_totalSteps                 bssBANK1     00C2
_turnhighByte               bssBANK1     00D4
_turnlowByte                bssBANK1     00D5
_txfifo                     bssBANK3     01A0
_txiptr                     bssBANK0     006E
_txoptr                     bssBANK0     006F
abs@v                       cstackBANK0  0026
adc_read@adc_value          cstackBANK0  0024
adc_read_channel@channel    cstackBANK0  0027
btemp                       (abs)        007E
clear_ram                   clrtext      118B
end_of_initialization       cinit        13D6
i1___lwmod                  text1160     14A9
i1___lwmod@counter          cstackCOMMON 0077
i1___lwmod@dividend         cstackCOMMON 0074
i1___lwmod@divisor          cstackCOMMON 0072
init_fetch                  inittext     11A6
init_ram                    inittext     11AA
interrupt_function          intentry     0004
intlevel0                   functab      0000
intlevel1                   functab      0000
intlevel2                   functab      0000
intlevel3                   functab      0000
intlevel4                   functab      0000
intlevel5                   functab      0000
lcd_set_cursor@address      cstackBANK0  0023
lcd_write_control@databyte  cstackBANK0  0022
lcd_write_data@databyte     cstackBANK0  0022
lcd_write_string@s          cstackBANK0  0027
main@RT2A                   cstackBANK1  00E5
main@RT2P                   cstackBANK1  00EC
main@choice                 cstackBANK1  00E9
main@direction1             cstackBANK1  00E3
main@shortwall              cstackBANK1  00E7
main@shortwall_3022         cstackBANK1  00EA
readAvgDistance@fullval     cstackBANK0  0030
readAvgDistance@i           cstackBANK0  0036
readAvgDistance@j           cstackBANK0  0032
readAvgDistance@tempIR      cstackBANK0  0034
readDistance@readVal        cstackBANK0  002C
reset_vec                   reset_vec    0000
robotMoveSpeed@distance     cstackBANK0  005B
robotMoveSpeed@remaining    cstackBANK0  0062
robotMoveSpeed@speed        cstackBANK0  005D
robotMoveSpeed@temp1        cstackBANK0  0065
robotTurn@angle             cstackBANK0  0022
robotTurnSpeed@angle        cstackBANK0  0059
robotTurnSpeed@speed        cstackBANK0  005B
robotTurnSpeed@temp1        cstackBANK0  0060
robot_read@readType         cstackBANK0  0024
rotate@direction            cstackBANK0  0025
rotate@i                    cstackBANK0  0028
rotate@numsteps             cstackBANK0  0023
saved_w                     (abs)        007E
scan360@lowestSteps         cstackBANK0  005D
scan360@lowestVal           cstackBANK0  005B
scan360@steps               cstackBANK0  005F
ser_getch@c                 cstackBANK0  0021
ser_putch@c                 cstackBANK0  0021
spi_transfer@data           cstackBANK0  0022
spi_transfer@temp           cstackBANK0  0021
sprintf@_val                cstackBANK0  003F
sprintf@ap                  cstackBANK0  003C
sprintf@c                   cstackBANK0  0044
sprintf@f                   cstackBANK0  0034
sprintf@flag                cstackBANK0  003D
sprintf@prec                cstackBANK0  003E
sprintf@sp                  cstackBANK0  0043
start                       init         0012
start_initialization        cinit        13AD
wtemp0                      (abs)        007E
