HI-TECH Software C Compiler 

Linker command line:

--edf=C:\Program Files\HI-TECH Software\PICC\9.83\dat\en_msgs.txt -cs \
  -h+Assignment3_AldnoahZero.sym -z -Q16F877A -ol.obj \
  -MAssignment3_AldnoahZero.map -E1 -ACONST=00h-0FFhx32 -ACODE=00h-07FFhx4 \
  -ASTRCODE=00h-01FFFh -AENTRY=00h-0FFhx32 -ASTRING=00h-0FFhx32 \
  -ABANK0=020h-06Fh -ABANK1=0A0h-0EFh -ABANK2=0110h-016Fh \
  -ABANK3=0190h-01EFh -ARAM=020h-06Fh,0A0h-0EFh,0110h-016Fh,0190h-01EFh \
  -AABS1=020h-07Fh,0A0h-0EFh,0110h-016Fh,0190h-01EFh -ACOMMON=070h-07Fh \
  -ASFR0=00h-01Fh -ASFR1=080h-09Fh -ASFR2=0100h-010Fh -ASFR3=0180h-018Fh \
  -preset_vec=00h,intentry=04h,init,end_init -ppowerup=CODE -pfunctab=CODE \
  -ACONFIG=02007h-02007h -pconfig=CONFIG -DCONFIG=2 -AIDLOC=02000h-02003h \
  -pidloc=IDLOC -DIDLOC=2 -AEEDATA=00h-0FFh/02100h -peeprom_data=EEDATA \
  -DEEDATA=2 -DCODE=2 -DSTRCODE=2 -DSTRING=2 -DCONST=2 -DENTRY=2 -k \
  startup.obj Assignment3_AldnoahZero.obj 

Object code version is 3.10

Machine type is 16F877A



                Name                               Link     Load   Length Selector   Space Scale
startup.obj     end_init                             12       12        3        8       0
                reset_vec                             0        0        3        0       0
Assignment3_AldnoahZero.obj
                intentry                              4        4        E        8       0
                config                             2007     2007        1     400E       0
                text935                             EC1      EC1       98     1D82       0
                text934                             B75      B75       44     16EA       0
                text933                             B0A      B0A       30     1614       0
                text932                             595      595       DC        8       0
                text931                             A00      A00       29     1400       0
                text930                             9D8      9D8       28     13B0       0
                text929                             995      995       21     132A       0
                text928                             C45      C45       47     188A       0
                text927                             911      911       14     1222       0
                text926                             965      965       17     12CA       0
                text925                             A54      A54       2C     14A8       0
                text924                             C8C      C8C       50     1918       0
                text923                             BB9      BB9       46     1772       0
                text922                             DDF      DDF       68     1BBE       0
                text921                             B3A      B3A       3B     1674       0
                text920                             939      939       16     1272       0
                text919                             925      925       14     124A       0
                text918                             8EB      8EB       13     11D6       0
                text917                             97C      97C       19     12F8       0
                text916                             CDC      CDC       50     19B8       0
                text915                             671      671       88        8       0
                text914                              15       15      223        8       0
                text913                             495      495      100        8       0
                text912                             9B6      9B6       22     136C       0
                text911                             8D3      8D3        B     11A6       0
                text910                             A80      A80       2C     1500       0
                text909                             A29      A29       2B     1452       0
                text908                             7AF      7AF       51      F5E       0
                text907                             94F      94F       16     129E       0
                text906                             AAC      AAC       2F     1558       0
                text905                             238      238      158        8       0
                text904                             D2C      D2C       55     1A58       0
                text903                             D81      D81       5E     1B02       0
                text902                             BFF      BFF       46     17FE       0
                text901                             E47      E47       7A     1C8E       0
                text900                             F59      F59       A7     1EB2       0
                maintext                            390      390      105        8       0
                cstackBANK0                          20       20       47       20       1
                cstackCOMMON                         72       72        B       70       1
                inittext                            8FE      8FE       13     11FC       0
                clrtext                             8CB      8CB        8     1196       0
                bssBANK3                            190      190       10      190       1
                dataBANK1                            DF       DF        D       A0       1
                bssBANK1                             A0       A0       3F       A0       1
                bssBANK0                             67       67        9       20       1
                bssCOMMON                            7D       7D        1       70       1
                bitbssCOMMON                        380       70        F       70       1     8
                cinit                               ADB      ADB       2F     15B6       0
                strings                             700      700       AF      E00       0
                idataBANK1                          8DE      8DE        D     11BC       0

TOTAL           Name                               Link     Load   Length     Space
        CLASS   CONST          

        CLASS   CODE           
                end_init                             12       12        3         0
                intentry                              4        4        E         0
                reset_vec                             0        0        3         0
                text935                             EC1      EC1       98         0
                text934                             B75      B75       44         0
                text933                             B0A      B0A       30         0
                text932                             595      595       DC         0
                text931                             A00      A00       29         0
                text930                             9D8      9D8       28         0
                text929                             995      995       21         0
                text928                             C45      C45       47         0
                text927                             911      911       14         0
                text926                             965      965       17         0
                text925                             A54      A54       2C         0
                text924                             C8C      C8C       50         0
                text923                             BB9      BB9       46         0
                text922                             DDF      DDF       68         0
                text921                             B3A      B3A       3B         0
                text920                             939      939       16         0
                text919                             925      925       14         0
                text918                             8EB      8EB       13         0
                text917                             97C      97C       19         0
                text916                             CDC      CDC       50         0
                text915                             671      671       88         0
                text914                              15       15      223         0
                text913                             495      495      100         0
                text912                             9B6      9B6       22         0
                text911                             8D3      8D3        B         0
                text910                             A80      A80       2C         0
                text909                             A29      A29       2B         0
                text908                             7AF      7AF       51         0
                text907                             94F      94F       16         0
                text906                             AAC      AAC       2F         0
                text905                             238      238      158         0
                text904                             D2C      D2C       55         0
                text903                             D81      D81       5E         0
                text902                             BFF      BFF       46         0
                text901                             E47      E47       7A         0
                text900                             F59      F59       A7         0
                maintext                            390      390      105         0
                inittext                            8FE      8FE       13         0
                clrtext                             8CB      8CB        8         0
                cinit                               ADB      ADB       2F         0
                idataBANK1                          8DE      8DE        D         0

        CLASS   STRCODE        

        CLASS   ENTRY          

        CLASS   STRING         
                strings                             700      700       AF         0

        CLASS   BANK0          
                cstackBANK0                          20       20       47         1
                bssBANK0                             67       67        9         1

        CLASS   BANK1          
                dataBANK1                            DF       DF        D         1
                bssBANK1                             A0       A0       3F         1

        CLASS   BANK2          

        CLASS   BANK3          
                bssBANK3                            190      190       10         1

        CLASS   RAM            

        CLASS   ABS1           
                abs_s1                               7E       7E        2         1

        CLASS   COMMON         
                cstackCOMMON                         72       72        B         1
                bssCOMMON                            7D       7D        1         1
                bitbssCOMMON                        380       70        F         1

        CLASS   SFR0           

        CLASS   SFR1           

        CLASS   SFR2           

        CLASS   SFR3           

        CLASS   CONFIG         
                config                             2007     2007        1         0

        CLASS   IDLOC          

        CLASS   EEDATA         



SEGMENTS        Name                           Load    Length   Top    Selector   Space  Class     Delta

                reset_vec                      000000  000003  000003         0       0  CODE        2
                intentry                       000004  0006F5  0006F9         8       0  CODE        2
                cstackBANK0                    000020  000050  000070        20       1  BANK0       1
                bitbssCOMMON                   000070  00000E  00007E        70       1  COMMON      1
                bssBANK1                       0000A0  00004C  0000EC        A0       1  BANK1       1
                bssBANK3                       000190  000010  0001A0       190       1  BANK3       1
                strings                        000700  0000AF  0007AF       E00       0  STRING      2
                text908                        0007AF  000051  000800       F5E       0  CODE        2
                clrtext                        0008CB  000008  0008D3      1196       0  CODE        2
                text911                        0008D3  00000B  0008DE      11A6       0  CODE        2
                idataBANK1                     0008DE  00000D  0008EB      11BC       0  CODE        2
                text918                        0008EB  000013  0008FE      11D6       0  CODE        2
                inittext                       0008FE  000013  000911      11FC       0  CODE        2
                text927                        000911  000014  000925      1222       0  CODE        2
                text919                        000925  000014  000939      124A       0  CODE        2
                text920                        000939  000016  00094F      1272       0  CODE        2
                text907                        00094F  000016  000965      129E       0  CODE        2
                text926                        000965  000017  00097C      12CA       0  CODE        2
                text917                        00097C  000019  000995      12F8       0  CODE        2
                text929                        000995  000021  0009B6      132A       0  CODE        2
                text912                        0009B6  000022  0009D8      136C       0  CODE        2
                text930                        0009D8  000028  000A00      13B0       0  CODE        2
                text931                        000A00  000029  000A29      1400       0  CODE        2
                text909                        000A29  00002B  000A54      1452       0  CODE        2
                text925                        000A54  00002C  000A80      14A8       0  CODE        2
                text910                        000A80  00002C  000AAC      1500       0  CODE        2
                text906                        000AAC  00002F  000ADB      1558       0  CODE        2
                cinit                          000ADB  00002F  000B0A      15B6       0  CODE        2
                text933                        000B0A  000030  000B3A      1614       0  CODE        2
                text921                        000B3A  00003B  000B75      1674       0  CODE        2
                text934                        000B75  000044  000BB9      16EA       0  CODE        2
                text923                        000BB9  000046  000BFF      1772       0  CODE        2
                text902                        000BFF  000046  000C45      17FE       0  CODE        2
                text928                        000C45  000047  000C8C      188A       0  CODE        2
                text924                        000C8C  000050  000CDC      1918       0  CODE        2
                text916                        000CDC  000050  000D2C      19B8       0  CODE        2
                text904                        000D2C  000055  000D81      1A58       0  CODE        2
                text903                        000D81  00005E  000DDF      1B02       0  CODE        2
                text922                        000DDF  000068  000E47      1BBE       0  CODE        2
                text901                        000E47  00007A  000EC1      1C8E       0  CODE        2
                text935                        000EC1  000098  000F59      1D82       0  CODE        2
                text900                        000F59  0000A7  001000      1EB2       0  CODE        2
                config                         002007  000001  002008      400E       0  CONFIG      2


UNUSED ADDRESS RANGES

        Name                Unused          Largest block    Delta
        BANK1            00EC-00EF              4           1
        BANK2            0110-016F             60           1
        BANK3            01A0-01EF             50           1
        CODE             0003-0003              1           2
                         06F9-06FF              7
                         0800-08CA             CB
                         1000-1FFF            800
        CONST            0003-0003              1           2
                         06F9-06FF              7
                         0800-08CA             CB
                         1000-1FFF            100
        EEDATA           2100-21FF            100           2
        ENTRY            0003-0003              1           2
                         06F9-06FF              7
                         0800-08CA             CB
                         1000-1FFF            100
        IDLOC            2000-2003              4           2
        RAM              00EC-00EF              4           1
                         0110-016F             60
                         01A0-01EF             50
        SFR0             0000-001F             20           1
        SFR1             0080-009F             20           1
        SFR2             0100-010F             10           1
        SFR3             0180-018F             10           1
        STRCODE          0003-0003              1           2
                         06F9-06FF              7
                         0800-08CA             CB
                         1000-1FFF           1000
        STRING           0003-0003              1           2
                         06F9-06FF              7
                         0800-08CA             CB
                         1000-1FFF            100

                                  Symbol Table

??_ADCconvert               cstackBANK0  002E
??_ChargeMode               cstackBANK0  0059
??_Debounce                 cstackCOMMON 0072
??_Menu                     cstackBANK0  0020
??_ReadButtons              cstackCOMMON 0073
??_UpdateDisplay            cstackBANK0  0045
??___awmod                  cstackBANK0  0024
??___lwdiv                  cstackBANK0  002A
??___lwmod                  cstackBANK0  0032
??___wmul                   cstackBANK0  0024
??_adc_read                 cstackBANK0  0022
??_adc_read_channel         cstackBANK0  0026
??_calibrateIR              cstackBANK0  0059
??_init                     cstackBANK0  0023
??_init_adc                 cstackBANK0  0020
??_isr1                     cstackCOMMON 0078
??_lcd_init                 cstackBANK0  0023
??_lcd_set_cursor           cstackBANK0  0023
??_lcd_write_control        cstackBANK0  0020
??_lcd_write_data           cstackBANK0  0020
??_lcd_write_string         cstackBANK0  0029
??_main                     cstackBANK0  0061
??_readAvgDistance          cstackBANK0  0030
??_readDistance             cstackBANK0  002A
??_robo_init                cstackBANK0  0022
??_robotMove                cstackBANK0  005B
??_robotTurn                cstackBANK0  0024
??_robot_read               cstackBANK0  0022
??_rotate                   cstackBANK0  0026
??_scan360                  cstackBANK0  005B
??_ser_getch                cstackBANK0  0020
??_ser_init                 cstackBANK0  0020
??_ser_isrx                 cstackBANK0  0020
??_ser_putch                cstackBANK0  0020
??_spi_transfer             cstackBANK0  0020
??_sprintf                  cstackBANK0  0039
??i1___lwmod                cstackCOMMON 0076
?_ADCconvert                cstackCOMMON 0072
?_ChargeMode                cstackCOMMON 0072
?_Debounce                  cstackCOMMON 0072
?_Menu                      cstackCOMMON 0072
?_ReadButtons               cstackCOMMON 0072
?_UpdateDisplay             cstackCOMMON 0072
?___awmod                   cstackBANK0  0020
?___lwdiv                   cstackBANK0  0026
?___lwmod                   cstackBANK0  002E
?___wmul                    cstackBANK0  0020
?_adc_read                  cstackBANK0  0020
?_adc_read_channel          cstackCOMMON 0072
?_calibrateIR               cstackCOMMON 0072
?_init                      cstackCOMMON 0072
?_init_adc                  cstackCOMMON 0072
?_isr1                      cstackCOMMON 0072
?_lcd_init                  cstackCOMMON 0072
?_lcd_set_cursor            cstackCOMMON 0072
?_lcd_write_control         cstackCOMMON 0072
?_lcd_write_data            cstackCOMMON 0072
?_lcd_write_string          cstackBANK0  0027
?_main                      cstackCOMMON 0072
?_readAvgDistance           cstackCOMMON 0072
?_readDistance              cstackBANK0  0028
?_robo_init                 cstackCOMMON 0072
?_robotMove                 cstackBANK0  0059
?_robotTurn                 cstackBANK0  0022
?_robot_read                cstackCOMMON 0072
?_rotate                    cstackBANK0  0023
?_scan360                   cstackBANK0  0059
?_ser_getch                 cstackCOMMON 0072
?_ser_init                  cstackCOMMON 0072
?_ser_isrx                  cstackCOMMON 0072
?_ser_putch                 cstackCOMMON 0072
?_spi_transfer              cstackCOMMON 0072
?_sprintf                   cstackBANK0  0034
?i1___lwmod                 cstackCOMMON 0072
AT25256A@CS0                (abs)        0038
AT25256A@CS1                (abs)        0039
Menu@BTN_input              cstackBANK0  0020
UpdateDisplay@F1229         bssBANK3     0190
UpdateDisplay@adcOutput     cstackBANK0  0049
_ADCON0                     (abs)        001F
_ADCON1                     (abs)        009F
_ADCconvert                 text914      0015
_ADRESH                     (abs)        001E
_ADRESL                     (abs)        009E
_BRGH                       (abs)        04C2
_BumpSensors                bssBANK0     006B
_CARRY                      (abs)        0018
_CHS0                       (abs)        00FB
_CHS1                       (abs)        00FC
_CHS2                       (abs)        00FD
_CREN                       (abs)        00C4
_CenterDebounceCount        bssBANK1     00D0
_CenterPressed              bitbssCOMMON 0380
_CenterReleased             bitbssCOMMON 0381
_ChargeMode                 text902      0BFF
_Debounce                   text935      0EC1
_DistHighByte               bssBANK1     00D1
_DistLowByte                bssBANK1     00D2
_DownDebounceCount          bssBANK1     00D3
_DownPressed                bitbssCOMMON 0382
_DownReleased               bitbssCOMMON 0383
_EEADR                      (abs)        010D
_EECON1                     (abs)        018C
_EECON2                     (abs)        018D
_EEDATA                     (abs)        010C
_GIE                        (abs)        005F
_GO                         (abs)        00FA
_LeftDebounceCount          bssBANK1     00D4
_LeftPressed                bitbssCOMMON 0384
_LeftReleased               bitbssCOMMON 0385
_Menu                       text928      0C45
_OERR                       (abs)        00C1
_OPTION_REG                 (abs)        0081
_PEIE                       (abs)        005E
_PORTA                      (abs)        0005
_PORTC                      (abs)        0007
_PORTD                      (abs)        0008
_PORTE                      (abs)        0009
_RB0                        (abs)        0030
_RB2                        (abs)        0032
_RB3                        (abs)        0033
_RB4                        (abs)        0034
_RB5                        (abs)        0035
_RB6                        (abs)        0036
_RC0                        (abs)        0038
_RC1                        (abs)        0039
_RC2                        (abs)        003A
_RCIE                       (abs)        0465
_RCIF                       (abs)        0065
_RCREG                      (abs)        001A
_RD                         (abs)        0C60
_RE0                        (abs)        0048
_RE1                        (abs)        0049
_RE2                        (abs)        004A
_RTC_Counter                bssBANK0     0067
_RTC_FLAG_10MS              bitbssCOMMON 0386
_RTC_FLAG_1MS               bitbssCOMMON 0387
_RTC_FLAG_250MS             bitbssCOMMON 0388
_RTC_FLAG_500MS             bitbssCOMMON 0389
_RTC_FLAG_50MS              bitbssCOMMON 038A
_RX9                        (abs)        00C6
_ReadButtons                text933      0B0A
_RightDebounceCount         bssBANK1     00D5
_RightPressed               bitbssCOMMON 038B
_RightReleased              bitbssCOMMON 038C
_SPBRG                      (abs)        0099
_SPEN                       (abs)        00C7
_SSPBUF                     (abs)        0013
_SSPCON                     (abs)        0014
_SSPIF                      (abs)        0063
_SSPSTAT                    (abs)        0094
_SYNC                       (abs)        04C4
_TMR0                       (abs)        0001
_TMR0IE                     (abs)        005D
_TMR0IF                     (abs)        005A
_TRISA                      (abs)        0085
_TRISB                      (abs)        0086
_TRISC                      (abs)        0087
_TRISD                      (abs)        0088
_TRISE                      (abs)        0089
_TX9                        (abs)        04C6
_TXEN                       (abs)        04C5
_TXIE                       (abs)        0464
_TXIF                       (abs)        0064
_TXREG                      (abs)        0019
_UpDebounceCount            bssBANK1     00D6
_UpPressed                  bitbssCOMMON 038D
_UpReleased                 bitbssCOMMON 038E
_UpdateDisplay              text905      0238
_WR                         (abs)        0C61
_WREN                       (abs)        0C62
__Habs1                     abs1         0000
__Hbank0                    bank0        0000
__Hbank1                    bank1        0000
__Hbank2                    bank2        0000
__Hbank3                    bank3        0000
__HbitbssCOMMON             bitbssCOMMON 0000
__HbssBANK0                 bssBANK0     0000
__HbssBANK1                 bssBANK1     0000
__HbssBANK3                 bssBANK3     0000
__HbssCOMMON                bssCOMMON    0000
__Hcinit                    cinit        0000
__Hclrtext                  clrtext      0000
__Hcode                     code         0000
__Hcommon                   common       0000
__Hconfig                   config       2008
__HcstackBANK0              cstackBANK0  0000
__HcstackCOMMON             cstackCOMMON 0000
__HdataBANK1                dataBANK1    0000
__Heeprom_data              eeprom_data  0000
__Hend_init                 end_init     0015
__Hfunctab                  functab      0000
__HidataBANK1               idataBANK1   0000
__Hidloc                    idloc        0000
__Hinit                     init         0012
__Hinittext                 inittext     0000
__Hintentry                 intentry     0012
__Hmaintext                 maintext     0000
__Hpowerup                  powerup      0000
__Hram                      ram          0000
__Hreset_vec                reset_vec    0003
__Hsfr0                     sfr0         0000
__Hsfr1                     sfr1         0000
__Hsfr2                     sfr2         0000
__Hsfr3                     sfr3         0000
__Hstrings                  strings      0000
__Htext                     text         0000
__Labs1                     abs1         0000
__Lbank0                    bank0        0000
__Lbank1                    bank1        0000
__Lbank2                    bank2        0000
__Lbank3                    bank3        0000
__LbitbssCOMMON             bitbssCOMMON 0000
__LbssBANK0                 bssBANK0     0000
__LbssBANK1                 bssBANK1     0000
__LbssBANK3                 bssBANK3     0000
__LbssCOMMON                bssCOMMON    0000
__Lcinit                    cinit        0000
__Lclrtext                  clrtext      0000
__Lcode                     code         0000
__Lcommon                   common       0000
__Lconfig                   config       2007
__LcstackBANK0              cstackBANK0  0000
__LcstackCOMMON             cstackCOMMON 0000
__LdataBANK1                dataBANK1    0000
__Leeprom_data              eeprom_data  0000
__Lend_init                 end_init     0012
__Lfunctab                  functab      0000
__LidataBANK1               idataBANK1   0000
__Lidloc                    idloc        0000
__Linit                     init         0012
__Linittext                 inittext     0000
__Lintentry                 intentry     0004
__Lmaintext                 maintext     0000
__Lpowerup                  powerup      0000
__Lram                      ram          0000
__Lreset_vec                reset_vec    0000
__Lsfr0                     sfr0         0000
__Lsfr1                     sfr1         0000
__Lsfr2                     sfr2         0000
__Lsfr3                     sfr3         0000
__Lstrings                  strings      0000
__Ltext                     text         0000
__S0                        (abs)        2008
__S1                        (abs)        01A0
__S2                        (abs)        0000
___awmod                    text922      0DDF
___awmod@counter            cstackBANK0  0025
___awmod@dividend           cstackBANK0  0022
___awmod@divisor            cstackBANK0  0020
___awmod@sign               cstackBANK0  0026
___lwdiv                    text924      0C8C
___lwdiv@counter            cstackBANK0  002D
___lwdiv@dividend           cstackBANK0  0028
___lwdiv@divisor            cstackBANK0  0026
___lwdiv@quotient           cstackBANK0  002B
___lwmod                    text923      0BB9
___lwmod@counter            cstackBANK0  0033
___lwmod@dividend           cstackBANK0  0030
___lwmod@divisor            cstackBANK0  002E
___wmul                     text925      0A54
___wmul@multiplicand        cstackBANK0  0022
___wmul@multiplier          cstackBANK0  0020
___wmul@product             cstackBANK0  0024
__end_of_ADCconvert         text914      0238
__end_of_ChargeMode         text902      0C45
__end_of_Debounce           text935      0F59
__end_of_Menu               text928      0C8C
__end_of_ReadButtons        text933      0B3A
__end_of_UpdateDisplay      text905      0390
__end_of___awmod            text922      0E47
__end_of___lwdiv            text924      0CDC
__end_of___lwmod            text923      0BFF
__end_of___wmul             text925      0A80
__end_of_adc_read           text931      0A29
__end_of_adc_read_channel   text921      0B75
__end_of_calibrateIR        text903      0DDF
__end_of_init               text906      0ADB
__end_of_init_adc           text920      094F
__end_of_isr1               text932      0671
__end_of_lcd_init           text909      0A54
__end_of_lcd_set_cursor     text911      08DE
__end_of_lcd_write_control  text919      0939
__end_of_lcd_write_data     text918      08FE
__end_of_lcd_write_string   text910      0AAC
__end_of_main               maintext     0495
__end_of_readAvgDistance    text904      0D81
__end_of_readDistance       text907      0965
__end_of_robo_init          text917      0995
__end_of_robotMove          text900      1000
__end_of_robotTurn          text915      06F9
__end_of_robot_read         text908      0800
__end_of_rotate             text916      0D2C
__end_of_scan360            text901      0EC1
__end_of_ser_getch          text912      09D8
__end_of_ser_init           text930      0A00
__end_of_ser_isrx           text926      097C
__end_of_ser_putch          text929      09B6
__end_of_spi_transfer       text927      0925
__end_of_sprintf            text913      0595
__end_ofi1___lwmod          text934      0BB9
__pbitbssCOMMON             bitbssCOMMON 0380
__pbssBANK0                 bssBANK0     0067
__pbssBANK1                 bssBANK1     00A0
__pbssBANK3                 bssBANK3     0190
__pbssCOMMON                bssCOMMON    007D
__pcstackBANK0              cstackBANK0  0020
__pcstackCOMMON             cstackCOMMON 0072
__pdataBANK1                dataBANK1    00DF
__pidataBANK1               idataBANK1   08DE
__pintentry                 intentry     0004
__pmaintext                 maintext     0390
__pstrings                  strings      0700
__ptext900                  text900      0F59
__ptext901                  text901      0E47
__ptext902                  text902      0BFF
__ptext903                  text903      0D81
__ptext904                  text904      0D2C
__ptext905                  text905      0238
__ptext906                  text906      0AAC
__ptext907                  text907      094F
__ptext908                  text908      07AF
__ptext909                  text909      0A29
__ptext910                  text910      0A80
__ptext911                  text911      08D3
__ptext912                  text912      09B6
__ptext913                  text913      0495
__ptext914                  text914      0015
__ptext915                  text915      0671
__ptext916                  text916      0CDC
__ptext917                  text917      097C
__ptext918                  text918      08EB
__ptext919                  text919      0925
__ptext920                  text920      0939
__ptext921                  text921      0B3A
__ptext922                  text922      0DDF
__ptext923                  text923      0BB9
__ptext924                  text924      0C8C
__ptext925                  text925      0A54
__ptext926                  text926      0965
__ptext927                  text927      0911
__ptext928                  text928      0C45
__ptext929                  text929      0995
__ptext930                  text930      09D8
__ptext931                  text931      0A00
__ptext932                  text932      0595
__ptext933                  text933      0B0A
__ptext934                  text934      0B75
__ptext935                  text935      0EC1
__ptext936                  text936      0000
__size_of_ADCconvert        (abs)        0000
__size_of_ChargeMode        (abs)        0000
__size_of_Debounce          (abs)        0000
__size_of_Menu              (abs)        0000
__size_of_ReadButtons       (abs)        0000
__size_of_UpdateDisplay     (abs)        0000
__size_of___awmod           (abs)        0000
__size_of___lwdiv           (abs)        0000
__size_of___lwmod           (abs)        0000
__size_of___wmul            (abs)        0000
__size_of_adc_read          (abs)        0000
__size_of_adc_read_channel  (abs)        0000
__size_of_calibrateIR       (abs)        0000
__size_of_init              (abs)        0000
__size_of_init_adc          (abs)        0000
__size_of_isr1              (abs)        0000
__size_of_lcd_init          (abs)        0000
__size_of_lcd_set_cursor    (abs)        0000
__size_of_lcd_write_control (abs)        0000
__size_of_lcd_write_data    (abs)        0000
__size_of_lcd_write_string  (abs)        0000
__size_of_main              (abs)        0000
__size_of_readAvgDistance   (abs)        0000
__size_of_readDistance      (abs)        0000
__size_of_robo_init         (abs)        0000
__size_of_robotMove         (abs)        0000
__size_of_robotTurn         (abs)        0000
__size_of_robot_read        (abs)        0000
__size_of_rotate            (abs)        0000
__size_of_scan360           (abs)        0000
__size_of_ser_getch         (abs)        0000
__size_of_ser_init          (abs)        0000
__size_of_ser_isrx          (abs)        0000
__size_of_ser_putch         (abs)        0000
__size_of_spi_transfer      (abs)        0000
__size_of_sprintf           (abs)        0000
__size_ofi1___lwmod         (abs)        0000
_adcVal                     bssBANK0     0069
_adc_read                   text931      0A00
_adc_read_channel           text921      0B3A
_buttonPressed              bssCOMMON    007D
_calibrateIR                text903      0D81
_currentMenu                bssBANK1     00D7
_current_direction          bssBANK1     00D8
_current_step               dataBANK1    00EB
_distTravelled              bssBANK1     00C0
_dist_high                  bssBANK1     00C2
_dist_low                   bssBANK1     00C4
_distance                   bssBANK1     00C6
_dpowers                    strings      0710
_exit                       init         0012
_highByte                   bssBANK1     00D9
_init                       text906      0AAC
_init_adc                   text920      0939
_isr1                       text932      0595
_lcd_init                   text909      0A29
_lcd_set_cursor             text911      08D3
_lcd_write_control          text919      0925
_lcd_write_data             text918      08EB
_lcd_write_string           text910      0A80
_lowByte                    bssBANK1     00DA
_main                       maintext     0390
_menuStrings                dataBANK1    00DF
_pos                        bssBANK1     00C8
_readAvgDistance            text904      0D2C
_readDistance               text907      094F
_robo_init                  text917      097C
_robotMove                  text900      0F59
_robotTurn                  text915      0671
_robot_read                 text908      07AF
_rotate                     text916      0CDC
_rxfifo                     bssBANK1     00A0
_rxiptr                     bssBANK0     006C
_rxoptr                     bssBANK0     006D
_scan360                    text901      0E47
_ser_getch                  text912      09B6
_ser_init                   text930      09D8
_ser_isrx                   text926      0965
_ser_putch                  text929      0995
_ser_tmp                    bssBANK1     00DB
_serialInput                bssBANK1     00DC
_shortMenuStrings           dataBANK1    00E5
_spi_transfer               text927      0911
_sprintf                    text913      0495
_test                       bssBANK1     00CA
_total                      bssBANK1     00CC
_totalSteps                 bssBANK1     00CE
_turnhighByte               bssBANK1     00DD
_turnlowByte                bssBANK1     00DE
_txfifo                     bssBANK1     00B0
_txiptr                     bssBANK0     006E
_txoptr                     bssBANK0     006F
adc_read@adc_value          cstackBANK0  0024
adc_read_channel@channel    cstackBANK0  0027
btemp                       (abs)        007E
clear_ram                   clrtext      08CB
end_of_initialization       cinit        0B06
i1___lwmod                  text934      0B75
i1___lwmod@counter          cstackCOMMON 0077
i1___lwmod@dividend         cstackCOMMON 0074
i1___lwmod@divisor          cstackCOMMON 0072
init_fetch                  inittext     08FE
init_ram                    inittext     0902
interrupt_function          intentry     0004
intlevel0                   functab      0000
intlevel1                   functab      0000
intlevel2                   functab      0000
intlevel3                   functab      0000
intlevel4                   functab      0000
intlevel5                   functab      0000
lcd_set_cursor@address      cstackBANK0  0023
lcd_write_control@databyte  cstackBANK0  0022
lcd_write_data@databyte     cstackBANK0  0022
lcd_write_string@s          cstackBANK0  0027
main@choice                 cstackBANK0  0066
main@shortwall              cstackBANK0  0064
readAvgDistance@fullval     cstackBANK0  0030
readAvgDistance@i           cstackBANK0  0032
readDistance@fullval        cstackBANK0  002C
reset_vec                   reset_vec    0000
robotMove@distance          cstackBANK0  0059
robotTurn@distance          cstackBANK0  0022
rotate@direction            cstackBANK0  0025
rotate@i                    cstackBANK0  0028
rotate@numsteps             cstackBANK0  0023
saved_w                     (abs)        007E
scan360@lowestSteps         cstackBANK0  005D
scan360@lowestVal           cstackBANK0  005B
scan360@steps               cstackBANK0  005F
ser_getch@c                 cstackBANK0  0021
ser_putch@c                 cstackBANK0  0021
spi_transfer@data           cstackBANK0  0022
spi_transfer@temp           cstackBANK0  0021
sprintf@_val                cstackBANK0  003F
sprintf@ap                  cstackBANK0  003C
sprintf@c                   cstackBANK0  0044
sprintf@f                   cstackBANK0  0034
sprintf@flag                cstackBANK0  003D
sprintf@prec                cstackBANK0  003E
sprintf@sp                  cstackBANK0  0043
start                       init         0012
start_initialization        cinit        0ADB
wtemp0                      (abs)        007E
