HI-TECH Software C Compiler 

Linker command line:

--edf=C:\Program Files (x86)\HI-TECH Software\PICC\9.83\dat\en_msgs.txt -cs \
  -h+Assignment3_AldnoahZero.sym -z -Q16F877A -ol.obj \
  -MAssignment3_AldnoahZero.map -E1 -ACONST=00h-0FFhx32 -ACODE=00h-07FFhx4 \
  -ASTRCODE=00h-01FFFh -AENTRY=00h-0FFhx32 -ASTRING=00h-0FFhx32 \
  -ABANK0=020h-06Fh -ABANK1=0A0h-0EFh -ABANK2=0110h-016Fh \
  -ABANK3=0190h-01EFh -ARAM=020h-06Fh,0A0h-0EFh,0110h-016Fh,0190h-01EFh \
  -AABS1=020h-07Fh,0A0h-0EFh,0110h-016Fh,0190h-01EFh -ACOMMON=070h-07Fh \
  -ASFR0=00h-01Fh -ASFR1=080h-09Fh -ASFR2=0100h-010Fh -ASFR3=0180h-018Fh \
  -preset_vec=00h,intentry=04h,init,end_init -ppowerup=CODE -pfunctab=CODE \
  -ACONFIG=02007h-02007h -pconfig=CONFIG -DCONFIG=2 -AIDLOC=02000h-02003h \
  -pidloc=IDLOC -DIDLOC=2 -AEEDATA=00h-0FFh/02100h -peeprom_data=EEDATA \
  -DEEDATA=2 -DCODE=2 -DSTRCODE=2 -DSTRING=2 -DCONST=2 -DENTRY=2 -k \
  startup.obj Assignment3_AldnoahZero.obj 

Object code version is 3.10

Machine type is 16F877A



                Name                               Link     Load   Length Selector   Space Scale
startup.obj     end_init                             12       12        3        8       0
                reset_vec                             0        0        3        0       0
Assignment3_AldnoahZero.obj
                intentry                              4        4        E        8       0
                config                             2007     2007        1     400E       0
                text789                            1700     1700       27     2E00       0
                text788                             BE3      BE3       A8     17C6       0
                text787                            174F     174F       2A     2E9E       0
                text786                             903      903       4E     1206       0
                text785                             8BD      8BD       46     117A       0
                text784                             77F      77F       7B        8       0
                text783                             B3D      B3D       A6     167A       0
                text782                            163F     163F        C     2C7E       0
                text781                             ACD      ACD       70     159A       0
                text780                             A00      A00       66     1400       0
                text779                             87C      87C       41     10F8       0
                text778                            164B     164B       13     2C96       0
                text777                            17CE     17CE       32     2F9C       0
                text776                             F00      F00      100     1E00       0
                text775                             51E      51E      146        8       0
                text774                             D4A      D4A       C8     1A94       0
                text773                             E12      E12       EE     1C24       0
                text772                            16C5     16C5       1B     2D8A       0
                text771                            1671     1671       14     2CE2       0
                text770                            162B     162B        9     2C56       0
                text769                            1779     1779       2A     2EF2       0
                text768                            1685     1685       14     2D0A       0
                text767                              15       15      509        8       0
                text766                             951      951       55     12A2       0
                text765                             C8B      C8B       BF     1916       0
                text764                             664      664      11B        8       0
                text763                            1727     1727       28     2E4E       0
                text762                             9A6      9A6       5A     134C       0
                text761                            1699     1699       14     2D32       0
                text760                             860      860       1C     10C0       0
                text759                            17A3     17A3       2B     2F46       0
                text758                            16AD     16AD       18     2D5A       0
                maintext                            A66      A66       67     14CC       0
                cstackBANK0                          20       20       4A       20       1
                cstackCOMMON                         70       70        E       70       1
                cstackBANK1                          EB       EB        3       A0       1
                inittext                           165E     165E       13     2CBC       0
                clrtext                            1623     1623        8     2C46       0
                dataBANK1                            E0       E0        B       A0       1
                bssBANK1                             A0       A0       40       A0       1
                bssBANK0                             6C       6C        4       20       1
                bitbssBANK0                         350       6A        F       20       1     8
                cinit                              16E0     16E0       20     2DC0       0
                strings                             800      800       60     1000       0
                idataBANK1                         1634     1634        B     2C68       0

TOTAL           Name                               Link     Load   Length     Space
        CLASS   CONST          

        CLASS   CODE           
                end_init                             12       12        3         0
                intentry                              4        4        E         0
                reset_vec                             0        0        3         0
                text789                            1700     1700       27         0
                text788                             BE3      BE3       A8         0
                text787                            174F     174F       2A         0
                text786                             903      903       4E         0
                text785                             8BD      8BD       46         0
                text784                             77F      77F       7B         0
                text783                             B3D      B3D       A6         0
                text782                            163F     163F        C         0
                text781                             ACD      ACD       70         0
                text780                             A00      A00       66         0
                text779                             87C      87C       41         0
                text778                            164B     164B       13         0
                text777                            17CE     17CE       32         0
                text776                             F00      F00      100         0
                text775                             51E      51E      146         0
                text774                             D4A      D4A       C8         0
                text773                             E12      E12       EE         0
                text772                            16C5     16C5       1B         0
                text771                            1671     1671       14         0
                text770                            162B     162B        9         0
                text769                            1779     1779       2A         0
                text768                            1685     1685       14         0
                text767                              15       15      509         0
                text766                             951      951       55         0
                text765                             C8B      C8B       BF         0
                text764                             664      664      11B         0
                text763                            1727     1727       28         0
                text762                             9A6      9A6       5A         0
                text761                            1699     1699       14         0
                text760                             860      860       1C         0
                text759                            17A3     17A3       2B         0
                text758                            16AD     16AD       18         0
                maintext                            A66      A66       67         0
                inittext                           165E     165E       13         0
                clrtext                            1623     1623        8         0
                cinit                              16E0     16E0       20         0
                idataBANK1                         1634     1634        B         0

        CLASS   STRCODE        

        CLASS   ENTRY          

        CLASS   STRING         
                strings                             800      800       60         0

        CLASS   BANK0          
                cstackBANK0                          20       20       4A         1
                bssBANK0                             6C       6C        4         1
                bitbssBANK0                         350       6A        F         1

        CLASS   BANK1          
                cstackBANK1                          EB       EB        3         1
                dataBANK1                            E0       E0        B         1
                bssBANK1                             A0       A0       40         1

        CLASS   BANK2          

        CLASS   BANK3          

        CLASS   RAM            

        CLASS   ABS1           
                abs_s1                               7E       7E        2         1

        CLASS   COMMON         
                cstackCOMMON                         70       70        E         1

        CLASS   SFR0           

        CLASS   SFR1           

        CLASS   SFR2           

        CLASS   SFR3           

        CLASS   CONFIG         
                config                             2007     2007        1         0

        CLASS   IDLOC          

        CLASS   EEDATA         



SEGMENTS        Name                           Load    Length   Top    Selector   Space  Class     Delta

                reset_vec                      000000  000003  000003         0       0  CODE        2
                intentry                       000004  0007F6  0007FA         8       0  CODE        2
                cstackBANK0                    000020  000050  000070        20       1  BANK0       1
                cstackCOMMON                   000070  00000E  00007E        70       1  COMMON      1
                bssBANK1                       0000A0  00004E  0000EE        A0       1  BANK1       1
                strings                        000800  000060  000860      1000       0  STRING      2
                text760                        000860  00001C  00087C      10C0       0  CODE        2
                text779                        00087C  000041  0008BD      10F8       0  CODE        2
                text785                        0008BD  000046  000903      117A       0  CODE        2
                text786                        000903  00004E  000951      1206       0  CODE        2
                text766                        000951  000055  0009A6      12A2       0  CODE        2
                text762                        0009A6  00005A  000A00      134C       0  CODE        2
                text780                        000A00  000066  000A66      1400       0  CODE        2
                maintext                       000A66  000067  000ACD      14CC       0  CODE        2
                text781                        000ACD  000070  000B3D      159A       0  CODE        2
                text783                        000B3D  0000A6  000BE3      167A       0  CODE        2
                text788                        000BE3  0000A8  000C8B      17C6       0  CODE        2
                text765                        000C8B  0000BF  000D4A      1916       0  CODE        2
                text774                        000D4A  0000C8  000E12      1A94       0  CODE        2
                text773                        000E12  0000EE  000F00      1C24       0  CODE        2
                text776                        000F00  000100  001000      1E00       0  CODE        2
                clrtext                        001623  000008  00162B      2C46       0  CODE        2
                text770                        00162B  000009  001634      2C56       0  CODE        2
                idataBANK1                     001634  00000B  00163F      2C68       0  CODE        2
                text782                        00163F  00000C  00164B      2C7E       0  CODE        2
                text778                        00164B  000013  00165E      2C96       0  CODE        2
                inittext                       00165E  000013  001671      2CBC       0  CODE        2
                text771                        001671  000014  001685      2CE2       0  CODE        2
                text768                        001685  000014  001699      2D0A       0  CODE        2
                text761                        001699  000014  0016AD      2D32       0  CODE        2
                text758                        0016AD  000018  0016C5      2D5A       0  CODE        2
                text772                        0016C5  00001B  0016E0      2D8A       0  CODE        2
                cinit                          0016E0  000020  001700      2DC0       0  CODE        2
                text789                        001700  000027  001727      2E00       0  CODE        2
                text763                        001727  000028  00174F      2E4E       0  CODE        2
                text787                        00174F  00002A  001779      2E9E       0  CODE        2
                text769                        001779  00002A  0017A3      2EF2       0  CODE        2
                text759                        0017A3  00002B  0017CE      2F46       0  CODE        2
                text777                        0017CE  000032  001800      2F9C       0  CODE        2
                config                         002007  000001  002008      400E       0  CONFIG      2


UNUSED ADDRESS RANGES

        Name                Unused          Largest block    Delta
        BANK1            00EE-00EF              2           1
        BANK2            0110-016F             60           1
        BANK3            0190-01EF             60           1
        CODE             0003-0003              1           2
                         07FA-07FF              6
                         1000-1622            623
                         1800-1FFF            800
        CONST            0003-0003              1           2
                         07FA-07FF              6
                         1000-1622            100
                         1800-1FFF            100
        EEDATA           2100-21FF            100           2
        ENTRY            0003-0003              1           2
                         07FA-07FF              6
                         1000-1622            100
                         1800-1FFF            100
        IDLOC            2000-2003              4           2
        RAM              00EE-00EF              2           1
                         0110-016F             60
                         0190-01EF             60
        SFR0             0000-001F             20           1
        SFR1             0080-009F             20           1
        SFR2             0100-010F             10           1
        SFR3             0180-018F             10           1
        STRCODE          0003-0003              1           2
                         07FA-07FF              6
                         1000-1622            623
                         1800-1FFF            800
        STRING           0003-0003              1           2
                         07FA-07FF              6
                         1000-1622            100
                         1800-1FFF            100

                                  Symbol Table

??_ADCconvert                 cstackBANK0  005F
??_Debounce                   cstackCOMMON 0070
??_Menu                       cstackBANK1  00EB
??_ReadButtons                cstackCOMMON 0071
??_UpdateDisplay              cstackBANK0  0037
??___awmod                    cstackCOMMON 0074
??___ftadd                    cstackBANK0  0038
??___ftdiv                    cstackBANK0  0055
??___ftge                     cstackBANK0  0020
??___ftmul                    cstackBANK0  0045
??___ftneg                    cstackCOMMON 007B
??___ftpack                   cstackCOMMON 0075
??___fttol                    cstackBANK0  0024
??___lwdiv                    cstackCOMMON 007A
??___lwmod                    cstackBANK0  0024
??___lwtoft                   cstackBANK0  0031
??___wmul                     cstackCOMMON 0074
??_adc_read                   cstackCOMMON 0072
??_adc_read_channel           cstackCOMMON 0076
??_init                       cstackBANK1  00EE
??_init_adc                   cstackBANK1  00EB
??_isr1                       cstackBANK0  0065
??_lcd_init                   cstackBANK1  00EE
??_lcd_set_cursor             cstackCOMMON 0073
??_lcd_write_control          cstackBANK1  00EB
??_lcd_write_data             cstackCOMMON 0070
??_lcd_write_string           cstackCOMMON 0079
??_main                       cstackBANK1  00EE
??_readAvgDistance            cstackCOMMON 007E
??_readDistance               cstackCOMMON 007A
??_ser_init                   cstackBANK1  00EB
??_sprintf                    cstackBANK0  002B
??i1_lcd_write_control        cstackCOMMON 0070
?_ADCconvert                  cstackCOMMON 0070
?_Debounce                    cstackCOMMON 0070
?_Menu                        cstackCOMMON 0070
?_ReadButtons                 cstackCOMMON 0070
?_UpdateDisplay               cstackCOMMON 0070
?___awmod                     cstackCOMMON 0070
?___ftadd                     cstackBANK0  0032
?___ftdiv                     cstackBANK0  004F
?___ftge                      cstackCOMMON 0078
?___ftmul                     cstackBANK0  003F
?___ftneg                     cstackCOMMON 0078
?___ftpack                    cstackCOMMON 0070
?___fttol                     cstackBANK0  0020
?___lwdiv                     cstackCOMMON 0076
?___lwmod                     cstackBANK0  0020
?___lwtoft                    cstackBANK0  002E
?___wmul                      cstackCOMMON 0070
?_adc_read                    cstackCOMMON 0070
?_adc_read_channel            cstackCOMMON 0070
?_init                        cstackCOMMON 0070
?_init_adc                    cstackCOMMON 0070
?_isr1                        cstackCOMMON 0070
?_lcd_init                    cstackCOMMON 0070
?_lcd_set_cursor              cstackCOMMON 0070
?_lcd_write_control           cstackCOMMON 0070
?_lcd_write_data              cstackCOMMON 0070
?_lcd_write_string            cstackCOMMON 0077
?_main                        cstackCOMMON 0070
?_readAvgDistance             cstackCOMMON 0070
?_readDistance                cstackCOMMON 0078
?_ser_init                    cstackCOMMON 0070
?_sprintf                     cstackBANK0  0026
?i1_lcd_write_control         cstackCOMMON 0070
Menu@input                    cstackBANK1  00EB
UpdateDisplay@F1206           bssBANK1     00A0
UpdateDisplay@adcOutput       cstackBANK0  003B
_ADCON0                       (abs)        001F
_ADCON1                       (abs)        009F
_ADCconvert                   text767      0015
_ADRESH                       (abs)        001E
_ADRESL                       (abs)        009E
_BRGH                         (abs)        04C2
_CARRY                        (abs)        0018
_CHS0                         (abs)        00FB
_CHS1                         (abs)        00FC
_CHS2                         (abs)        00FD
_CREN                         (abs)        00C4
_CenterDebounceCount          bssBANK1     00D6
_CenterPressed                bitbssBANK0  0350
_CenterReleased               bitbssBANK0  0351
_Debounce                     text788      0BE3
_DownDebounceCount            bssBANK1     00D7
_DownPressed                  bitbssBANK0  0352
_DownReleased                 bitbssBANK0  0353
_EEADR                        (abs)        010D
_EECON1                       (abs)        018C
_EECON2                       (abs)        018D
_EEDATA                       (abs)        010C
_GIE                          (abs)        005F
_GO                           (abs)        00FA
_LeftDebounceCount            bssBANK1     00D8
_LeftPressed                  bitbssBANK0  0354
_LeftReleased                 bitbssBANK0  0355
_Menu                         text762      09A6
_OERR                         (abs)        00C1
_OPTION_REG                   (abs)        0081
_PORTA                        (abs)        0005
_PORTC                        (abs)        0007
_PORTD                        (abs)        0008
_PORTE                        (abs)        0009
_RB0                          (abs)        0030
_RB1                          (abs)        0031
_RB2                          (abs)        0032
_RB3                          (abs)        0033
_RB4                          (abs)        0034
_RB5                          (abs)        0035
_RB6                          (abs)        0036
_RCIE                         (abs)        0465
_RCIF                         (abs)        0065
_RCREG                        (abs)        001A
_RD                           (abs)        0C60
_RE0                          (abs)        0048
_RE1                          (abs)        0049
_RE2                          (abs)        004A
_RTC_Counter                  bssBANK1     00D0
_RTC_FLAG_10MS                bitbssBANK0  0356
_RTC_FLAG_1MS                 bitbssBANK0  0357
_RTC_FLAG_250MS               bitbssBANK0  0358
_RTC_FLAG_500MS               bitbssBANK0  0359
_RTC_FLAG_50MS                bitbssBANK0  035A
_RX9                          (abs)        00C6
_ReadButtons                  text777      17CE
_RightDebounceCount           bssBANK1     00D9
_RightPressed                 bitbssBANK0  035B
_RightReleased                bitbssBANK0  035C
_SPBRG                        (abs)        0099
_SPEN                         (abs)        00C7
_SYNC                         (abs)        04C4
_TMR0                         (abs)        0001
_TMR0IE                       (abs)        005D
_TMR0IF                       (abs)        005A
_TRISA                        (abs)        0085
_TRISB                        (abs)        0086
_TRISC                        (abs)        0087
_TRISD                        (abs)        0088
_TRISE                        (abs)        0089
_TX9                          (abs)        04C6
_TXEN                         (abs)        04C5
_TXIE                         (abs)        0464
_TXIF                         (abs)        0064
_TXREG                        (abs)        0019
_UpDebounceCount              bssBANK1     00DA
_UpPressed                    bitbssBANK0  035D
_UpReleased                   bitbssBANK0  035E
_UpdateDisplay                text765      0C8B
_WR                           (abs)        0C61
_WREN                         (abs)        0C62
__Habs1                       abs1         0000
__Hbank0                      bank0        0000
__Hbank1                      bank1        0000
__Hbank2                      bank2        0000
__Hbank3                      bank3        0000
__HbitbssBANK0                bitbssBANK0  0000
__HbssBANK0                   bssBANK0     0000
__HbssBANK1                   bssBANK1     0000
__Hcinit                      cinit        0000
__Hclrtext                    clrtext      0000
__Hcode                       code         0000
__Hcommon                     common       0000
__Hconfig                     config       2008
__HcstackBANK0                cstackBANK0  0000
__HcstackBANK1                cstackBANK1  0000
__HcstackCOMMON               cstackCOMMON 0000
__HdataBANK1                  dataBANK1    0000
__Heeprom_data                eeprom_data  0000
__Hend_init                   end_init     0015
__Hfunctab                    functab      0000
__HidataBANK1                 idataBANK1   0000
__Hidloc                      idloc        0000
__Hinit                       init         0012
__Hinittext                   inittext     0000
__Hintentry                   intentry     0012
__Hmaintext                   maintext     0000
__Hpowerup                    powerup      0000
__Hram                        ram          0000
__Hreset_vec                  reset_vec    0003
__Hsfr0                       sfr0         0000
__Hsfr1                       sfr1         0000
__Hsfr2                       sfr2         0000
__Hsfr3                       sfr3         0000
__Hstrings                    strings      0000
__Htext                       text         0000
__Labs1                       abs1         0000
__Lbank0                      bank0        0000
__Lbank1                      bank1        0000
__Lbank2                      bank2        0000
__Lbank3                      bank3        0000
__LbitbssBANK0                bitbssBANK0  0000
__LbssBANK0                   bssBANK0     0000
__LbssBANK1                   bssBANK1     0000
__Lcinit                      cinit        0000
__Lclrtext                    clrtext      0000
__Lcode                       code         0000
__Lcommon                     common       0000
__Lconfig                     config       2007
__LcstackBANK0                cstackBANK0  0000
__LcstackBANK1                cstackBANK1  0000
__LcstackCOMMON               cstackCOMMON 0000
__LdataBANK1                  dataBANK1    0000
__Leeprom_data                eeprom_data  0000
__Lend_init                   end_init     0012
__Lfunctab                    functab      0000
__LidataBANK1                 idataBANK1   0000
__Lidloc                      idloc        0000
__Linit                       init         0012
__Linittext                   inittext     0000
__Lintentry                   intentry     0004
__Lmaintext                   maintext     0000
__Lpowerup                    powerup      0000
__Lram                        ram          0000
__Lreset_vec                  reset_vec    0000
__Lsfr0                       sfr0         0000
__Lsfr1                       sfr1         0000
__Lsfr2                       sfr2         0000
__Lsfr3                       sfr3         0000
__Lstrings                    strings      0000
__Ltext                       text         0000
__S0                          (abs)        2008
__S1                          (abs)        00EE
__S2                          (abs)        0000
___awmod                      text780      0A00
___awmod@counter              cstackCOMMON 0075
___awmod@dividend             cstackCOMMON 0072
___awmod@divisor              cstackCOMMON 0070
___awmod@sign                 cstackCOMMON 0076
___ftadd                      text775      051E
___ftadd@exp1                 cstackBANK0  003E
___ftadd@exp2                 cstackBANK0  003D
___ftadd@f1                   cstackBANK0  0032
___ftadd@f2                   cstackBANK0  0035
___ftadd@sign                 cstackBANK0  003C
___ftdiv                      text774      0D4A
___ftdiv@cntr                 cstackBANK0  0059
___ftdiv@exp                  cstackBANK0  005D
___ftdiv@f1                   cstackBANK0  0052
___ftdiv@f2                   cstackBANK0  004F
___ftdiv@f3                   cstackBANK0  005A
___ftdiv@sign                 cstackBANK0  005E
___ftge                       text781      0ACD
___ftge@ff1                   cstackCOMMON 0078
___ftge@ff2                   cstackCOMMON 007B
___ftmul                      text773      0E12
___ftmul@cntr                 cstackBANK0  004D
___ftmul@exp                  cstackBANK0  0049
___ftmul@f1                   cstackBANK0  003F
___ftmul@f2                   cstackBANK0  0042
___ftmul@f3_as_product        cstackBANK0  004A
___ftmul@sign                 cstackBANK0  004E
___ftneg                      text782      163F
___ftneg@f1                   cstackCOMMON 0078
___ftpack                     text784      077F
___ftpack@arg                 cstackCOMMON 0070
___ftpack@exp                 cstackCOMMON 0073
___ftpack@sign                cstackCOMMON 0074
___fttol                      text783      0B3D
___fttol@exp1                 cstackBANK0  002D
___fttol@f1                   cstackBANK0  0020
___fttol@lval                 cstackBANK0  0029
___fttol@sign1                cstackBANK0  0028
___lwdiv                      text786      0903
___lwdiv@counter              cstackCOMMON 007D
___lwdiv@dividend             cstackCOMMON 0078
___lwdiv@divisor              cstackCOMMON 0076
___lwdiv@quotient             cstackCOMMON 007B
___lwmod                      text785      08BD
___lwmod@counter              cstackBANK0  0025
___lwmod@dividend             cstackBANK0  0022
___lwmod@divisor              cstackBANK0  0020
___lwtoft                     text772      16C5
___lwtoft@c                   cstackBANK0  002E
___wmul                       text787      174F
___wmul@multiplicand          cstackCOMMON 0072
___wmul@multiplier            cstackCOMMON 0070
___wmul@product               cstackCOMMON 0074
__end_of_ADCconvert           text767      051E
__end_of_Debounce             text788      0C8B
__end_of_Menu                 text762      0A00
__end_of_ReadButtons          text777      1800
__end_of_UpdateDisplay        text765      0D4A
__end_of___awmod              text780      0A66
__end_of___ftadd              text775      0664
__end_of___ftdiv              text774      0E12
__end_of___ftge               text781      0B3D
__end_of___ftmul              text773      0F00
__end_of___ftneg              text782      164B
__end_of___ftpack             text784      07FA
__end_of___fttol              text783      0BE3
__end_of___lwdiv              text786      0951
__end_of___lwmod              text785      0903
__end_of___lwtoft             text772      16E0
__end_of___wmul               text787      1779
__end_of_adc_read             text789      1727
__end_of_adc_read_channel     text779      08BD
__end_of_init                 text758      16C5
__end_of_init_adc             text761      16AD
__end_of_isr1                 text764      077F
__end_of_lcd_init             text759      17CE
__end_of_lcd_set_cursor       text770      1634
__end_of_lcd_write_control    text760      087C
__end_of_lcd_write_data       text778      165E
__end_of_lcd_write_string     text769      17A3
__end_of_main                 maintext     0ACD
__end_of_readAvgDistance      text766      09A6
__end_of_readDistance         text768      1699
__end_of_ser_init             text763      174F
__end_of_sprintf              text776      1000
__end_ofi1_lcd_write_control  text771      1685
__pbitbssBANK0                bitbssBANK0  0350
__pbssBANK0                   bssBANK0     006C
__pbssBANK1                   bssBANK1     00A0
__pcstackBANK0                cstackBANK0  0020
__pcstackBANK1                cstackBANK1  00EB
__pcstackCOMMON               cstackCOMMON 0070
__pdataBANK1                  dataBANK1    00E0
__pidataBANK1                 idataBANK1   1634
__pintentry                   intentry     0004
__pmaintext                   maintext     0A66
__pstrings                    strings      0800
__ptext758                    text758      16AD
__ptext759                    text759      17A3
__ptext760                    text760      0860
__ptext761                    text761      1699
__ptext762                    text762      09A6
__ptext763                    text763      1727
__ptext764                    text764      0664
__ptext765                    text765      0C8B
__ptext766                    text766      0951
__ptext767                    text767      0015
__ptext768                    text768      1685
__ptext769                    text769      1779
__ptext770                    text770      162B
__ptext771                    text771      1671
__ptext772                    text772      16C5
__ptext773                    text773      0E12
__ptext774                    text774      0D4A
__ptext775                    text775      051E
__ptext776                    text776      0F00
__ptext777                    text777      17CE
__ptext778                    text778      164B
__ptext779                    text779      087C
__ptext780                    text780      0A00
__ptext781                    text781      0ACD
__ptext782                    text782      163F
__ptext783                    text783      0B3D
__ptext784                    text784      077F
__ptext785                    text785      08BD
__ptext786                    text786      0903
__ptext787                    text787      174F
__ptext788                    text788      0BE3
__ptext789                    text789      1700
__ptext790                    text790      0000
__size_of_ADCconvert          (abs)        0000
__size_of_Debounce            (abs)        0000
__size_of_Menu                (abs)        0000
__size_of_ReadButtons         (abs)        0000
__size_of_UpdateDisplay       (abs)        0000
__size_of___awmod             (abs)        0000
__size_of___ftadd             (abs)        0000
__size_of___ftdiv             (abs)        0000
__size_of___ftge              (abs)        0000
__size_of___ftmul             (abs)        0000
__size_of___ftneg             (abs)        0000
__size_of___ftpack            (abs)        0000
__size_of___fttol             (abs)        0000
__size_of___lwdiv             (abs)        0000
__size_of___lwmod             (abs)        0000
__size_of___lwtoft            (abs)        0000
__size_of___wmul              (abs)        0000
__size_of_adc_read            (abs)        0000
__size_of_adc_read_channel    (abs)        0000
__size_of_init                (abs)        0000
__size_of_init_adc            (abs)        0000
__size_of_isr1                (abs)        0000
__size_of_lcd_init            (abs)        0000
__size_of_lcd_set_cursor      (abs)        0000
__size_of_lcd_write_control   (abs)        0000
__size_of_lcd_write_data      (abs)        0000
__size_of_lcd_write_string    (abs)        0000
__size_of_main                (abs)        0000
__size_of_readAvgDistance     (abs)        0000
__size_of_readDistance        (abs)        0000
__size_of_ser_init            (abs)        0000
__size_of_sprintf             (abs)        0000
__size_ofi1_lcd_write_control (abs)        0000
_adcVal                       bssBANK0     006C
_adc_read                     text789      1700
_adc_read_channel             text779      087C
_buttonPressed                bssBANK1     00DB
_current_direction            bssBANK1     00DC
_current_step                 dataBANK1    00EA
_distance                     bssBANK1     00D2
_dpowers                      strings      0810
_exit                         init         0012
_init                         text758      16AD
_init_adc                     text761      1699
_isr1                         text764      0664
_lcd_init                     text759      17A3
_lcd_set_cursor               text770      162B
_lcd_write_control            text760      0860
_lcd_write_data               text778      164B
_lcd_write_string             text769      1779
_main                         maintext     0A66
_menuStrings                  dataBANK1    00E0
_pos                          bssBANK1     00D4
_readAvgDistance              text766      0951
_readDistance                 text768      1685
_rxfifo                       bssBANK1     00B0
_rxiptr                       bssBANK0     006E
_rxoptr                       bssBANK1     00DD
_ser_init                     text763      1727
_ser_tmp                      bssBANK1     00DE
_shortMenuStrings             dataBANK1    00E5
_sprintf                      text776      0F00
_txfifo                       bssBANK1     00C0
_txiptr                       bssBANK0     006F
_txoptr                       bssBANK1     00DF
adc_read@adc_value            cstackCOMMON 0074
adc_read_channel@channel      cstackCOMMON 0077
btemp                         (abs)        007E
clear_ram                     clrtext      1623
end_of_initialization         cinit        16FC
i1_lcd_write_control          text771      1671
i1lcd_write_control@databyte  cstackCOMMON 0072
init_fetch                    inittext     165E
init_ram                      inittext     1662
interrupt_function            intentry     0004
intlevel0                     functab      0000
intlevel1                     functab      0000
intlevel2                     functab      0000
intlevel3                     functab      0000
intlevel4                     functab      0000
intlevel5                     functab      0000
lcd_set_cursor@address        cstackCOMMON 0073
lcd_write_control@databyte    cstackBANK1  00ED
lcd_write_data@databyte       cstackCOMMON 0072
lcd_write_string@s            cstackCOMMON 0077
readAvgDistance@fullval       cstackBANK0  0061
readAvgDistance@i             cstackBANK0  0063
readDistance@fullval          cstackCOMMON 007C
reset_vec                     reset_vec    0000
saved_w                       (abs)        007E
sprintf@_val                  cstackBANK0  0031
sprintf@ap                    cstackBANK0  002E
sprintf@c                     cstackBANK0  0036
sprintf@f                     cstackBANK0  0026
sprintf@flag                  cstackBANK0  002F
sprintf@prec                  cstackBANK0  0030
sprintf@sp                    cstackBANK0  0035
start                         init         0012
start_initialization          cinit        16E0
wtemp0                        (abs)        007E
