HI-TECH Software C Compiler 

Linker command line:

--edf=C:\Program Files\HI-TECH Software\PICC\9.83\dat\en_msgs.txt -cs \
  -h+Assignment3_AldnoahZero.sym -z -Q16F877A -ol.obj \
  -MAssignment3_AldnoahZero.map -E1 -ACONST=00h-0FFhx32 -ACODE=00h-07FFhx4 \
  -ASTRCODE=00h-01FFFh -AENTRY=00h-0FFhx32 -ASTRING=00h-0FFhx32 \
  -ABANK0=020h-06Fh -ABANK1=0A0h-0EFh -ABANK2=0110h-016Fh \
  -ABANK3=0190h-01EFh -ARAM=020h-06Fh,0A0h-0EFh,0110h-016Fh,0190h-01EFh \
  -AABS1=020h-07Fh,0A0h-0EFh,0110h-016Fh,0190h-01EFh -ACOMMON=070h-07Fh \
  -ASFR0=00h-01Fh -ASFR1=080h-09Fh -ASFR2=0100h-010Fh -ASFR3=0180h-018Fh \
  -preset_vec=00h,intentry=04h,init,end_init -ppowerup=CODE -pfunctab=CODE \
  -ACONFIG=02007h-02007h -pconfig=CONFIG -DCONFIG=2 -AIDLOC=02000h-02003h \
  -pidloc=IDLOC -DIDLOC=2 -AEEDATA=00h-0FFh/02100h -peeprom_data=EEDATA \
  -DEEDATA=2 -DCODE=2 -DSTRCODE=2 -DSTRING=2 -DCONST=2 -DENTRY=2 -k \
  startup.obj Assignment3_AldnoahZero.obj 

Object code version is 3.10

Machine type is 16F877A



                Name                               Link     Load   Length Selector   Space Scale
startup.obj     end_init                             12       12        3        8       0
                reset_vec                             0        0        3        0       0
Assignment3_AldnoahZero.obj
                intentry                              4        4        E        8       0
                config                             2007     2007        1     400E       0
                text1092                            C88      C88       98     1910       0
                text1091                           1776     1776       44     2EEC       0
                text1090                           16D6     16D6       30     2DAC       0
                text1089                            E6B      E6B       A7     1CD6       0
                text1088                           151F     151F       29     2A3E       0
                text1087                           1548     1548       2A     2A90       0
                text1086                            90D      90D       47     121A       0
                text1085                           164D     164D       2D     2C9A       0
                text1084                           148B     148B       14     2916       0
                text1083                           14DF     14DF       19     29BE       0
                text1082                           159D     159D       2C     2B3A       0
                text1081                            954      954       50     12A8       0
                text1080                           17BA     17BA       46     2F74       0
                text1079                            B83      B83       7D     1706       0
                text1078                            DC5      DC5       A6     1B8A       0
                text1077                            AA5      AA5       68     154A       0
                text1076                           173B     173B       3B     2E76       0
                text1075                           14B3     14B3       16     2966       0
                text1074                           149F     149F       14     293E       0
                text1073                           1465     1465       13     28CA       0
                text1072                            8AE      8AE       19     115C       0
                text1071                            9A4      9A4       50     1348       0
                text1070                            C00      C00       88     1800       0
                text1069                            2C4      2C4      263        8       0
                text1068                            686      686      100        8       0
                text1067                           15C9     15C9       2C     2B92       0
                text1066                           167A     167A       2D     2CF4       0
                text1065                           1706     1706       35     2E0C       0
                text1064                            F12      F12       EE     1E24       0
                text1063                           15F5     15F5       2C     2BEA       0
                text1062                           144D     144D        B     289A       0
                text1061                           1621     1621       2C     2C42       0
                text1060                           1572     1572       2B     2AE4       0
                text1059                            9F4      9F4       53     13E8       0
                text1058                           14C9     14C9       16     2992       0
                text1057                           16A7     16A7       2F     2D4E       0
                text1056                            B0D      B0D       76     161A       0
                text1055                            527      527      15F        8       0
                text1054                            A47      A47       5E     148E       0
                text1053                            786      786       7A        8       0
                text1052                            D20      D20       A5     1A40       0
                text1051                            8C7      8C7       46     118E       0
                maintext                             15       15      2AF        8       0
                cstackBANK0                          20       20       50       20       1
                cstackCOMMON                         72       72        B       70       1
                inittext                           1478     1478       13     28F0       0
                clrtext                            1445     1445        8     288A       0
                bssBANK3                            190      190       20      190       1
                dataBANK1                            D7       D7        D       A0       1
                bssBANK1                             A0       A0       37       A0       1
                bssCOMMON                            7D       7D        1       70       1
                bitbssCOMMON                        380       70        D       70       1     8
                cinit                              14F8     14F8       27     29F0       0
                strings                             800      800       AD     1000       0
                idataBANK1                         1458     1458        D     28B0       0

TOTAL           Name                               Link     Load   Length     Space
        CLASS   CONST          

        CLASS   CODE           
                end_init                             12       12        3         0
                intentry                              4        4        E         0
                reset_vec                             0        0        3         0
                text1092                            C88      C88       98         0
                text1091                           1776     1776       44         0
                text1090                           16D6     16D6       30         0
                text1089                            E6B      E6B       A7         0
                text1088                           151F     151F       29         0
                text1087                           1548     1548       2A         0
                text1086                            90D      90D       47         0
                text1085                           164D     164D       2D         0
                text1084                           148B     148B       14         0
                text1083                           14DF     14DF       19         0
                text1082                           159D     159D       2C         0
                text1081                            954      954       50         0
                text1080                           17BA     17BA       46         0
                text1079                            B83      B83       7D         0
                text1078                            DC5      DC5       A6         0
                text1077                            AA5      AA5       68         0
                text1076                           173B     173B       3B         0
                text1075                           14B3     14B3       16         0
                text1074                           149F     149F       14         0
                text1073                           1465     1465       13         0
                text1072                            8AE      8AE       19         0
                text1071                            9A4      9A4       50         0
                text1070                            C00      C00       88         0
                text1069                            2C4      2C4      263         0
                text1068                            686      686      100         0
                text1067                           15C9     15C9       2C         0
                text1066                           167A     167A       2D         0
                text1065                           1706     1706       35         0
                text1064                            F12      F12       EE         0
                text1063                           15F5     15F5       2C         0
                text1062                           144D     144D        B         0
                text1061                           1621     1621       2C         0
                text1060                           1572     1572       2B         0
                text1059                            9F4      9F4       53         0
                text1058                           14C9     14C9       16         0
                text1057                           16A7     16A7       2F         0
                text1056                            B0D      B0D       76         0
                text1055                            527      527      15F         0
                text1054                            A47      A47       5E         0
                text1053                            786      786       7A         0
                text1052                            D20      D20       A5         0
                text1051                            8C7      8C7       46         0
                maintext                             15       15      2AF         0
                inittext                           1478     1478       13         0
                clrtext                            1445     1445        8         0
                cinit                              14F8     14F8       27         0
                idataBANK1                         1458     1458        D         0

        CLASS   STRCODE        

        CLASS   ENTRY          

        CLASS   STRING         
                strings                             800      800       AD         0

        CLASS   BANK0          
                cstackBANK0                          20       20       50         1

        CLASS   BANK1          
                dataBANK1                            D7       D7        D         1
                bssBANK1                             A0       A0       37         1

        CLASS   BANK2          

        CLASS   BANK3          
                bssBANK3                            190      190       20         1

        CLASS   RAM            

        CLASS   ABS1           
                abs_s1                               7E       7E        2         1

        CLASS   COMMON         
                cstackCOMMON                         72       72        B         1
                bssCOMMON                            7D       7D        1         1
                bitbssCOMMON                        380       70        D         1

        CLASS   SFR0           

        CLASS   SFR1           

        CLASS   SFR2           

        CLASS   SFR3           

        CLASS   CONFIG         
                config                             2007     2007        1         0

        CLASS   IDLOC          

        CLASS   EEDATA         



SEGMENTS        Name                           Load    Length   Top    Selector   Space  Class     Delta

                reset_vec                      000000  000003  000003         0       0  CODE        2
                intentry                       000004  0007FC  000800         8       0  CODE        2
                cstackBANK0                    000020  000050  000070        20       1  BANK0       1
                bitbssCOMMON                   000070  00000E  00007E        70       1  COMMON      1
                bssBANK1                       0000A0  000044  0000E4        A0       1  BANK1       1
                bssBANK3                       000190  000020  0001B0       190       1  BANK3       1
                strings                        000800  0000AD  0008AD      1000       0  STRING      2
                text1072                       0008AE  000019  0008C7      115C       0  CODE        2
                text1051                       0008C7  000046  00090D      118E       0  CODE        2
                text1086                       00090D  000047  000954      121A       0  CODE        2
                text1081                       000954  000050  0009A4      12A8       0  CODE        2
                text1071                       0009A4  000050  0009F4      1348       0  CODE        2
                text1059                       0009F4  000053  000A47      13E8       0  CODE        2
                text1054                       000A47  00005E  000AA5      148E       0  CODE        2
                text1077                       000AA5  000068  000B0D      154A       0  CODE        2
                text1056                       000B0D  000076  000B83      161A       0  CODE        2
                text1079                       000B83  00007D  000C00      1706       0  CODE        2
                text1070                       000C00  000088  000C88      1800       0  CODE        2
                text1092                       000C88  000098  000D20      1910       0  CODE        2
                text1052                       000D20  0000A5  000DC5      1A40       0  CODE        2
                text1078                       000DC5  0000A6  000E6B      1B8A       0  CODE        2
                text1089                       000E6B  0000A7  000F12      1CD6       0  CODE        2
                text1064                       000F12  0000EE  001000      1E24       0  CODE        2
                clrtext                        001445  000008  00144D      288A       0  CODE        2
                text1062                       00144D  00000B  001458      289A       0  CODE        2
                idataBANK1                     001458  00000D  001465      28B0       0  CODE        2
                text1073                       001465  000013  001478      28CA       0  CODE        2
                inittext                       001478  000013  00148B      28F0       0  CODE        2
                text1084                       00148B  000014  00149F      2916       0  CODE        2
                text1074                       00149F  000014  0014B3      293E       0  CODE        2
                text1075                       0014B3  000016  0014C9      2966       0  CODE        2
                text1058                       0014C9  000016  0014DF      2992       0  CODE        2
                text1083                       0014DF  000019  0014F8      29BE       0  CODE        2
                cinit                          0014F8  000027  00151F      29F0       0  CODE        2
                text1088                       00151F  000029  001548      2A3E       0  CODE        2
                text1087                       001548  00002A  001572      2A90       0  CODE        2
                text1060                       001572  00002B  00159D      2AE4       0  CODE        2
                text1082                       00159D  00002C  0015C9      2B3A       0  CODE        2
                text1067                       0015C9  00002C  0015F5      2B92       0  CODE        2
                text1063                       0015F5  00002C  001621      2BEA       0  CODE        2
                text1061                       001621  00002C  00164D      2C42       0  CODE        2
                text1085                       00164D  00002D  00167A      2C9A       0  CODE        2
                text1066                       00167A  00002D  0016A7      2CF4       0  CODE        2
                text1057                       0016A7  00002F  0016D6      2D4E       0  CODE        2
                text1090                       0016D6  000030  001706      2DAC       0  CODE        2
                text1065                       001706  000035  00173B      2E0C       0  CODE        2
                text1076                       00173B  00003B  001776      2E76       0  CODE        2
                text1091                       001776  000044  0017BA      2EEC       0  CODE        2
                text1080                       0017BA  000046  001800      2F74       0  CODE        2
                config                         002007  000001  002008      400E       0  CONFIG      2


UNUSED ADDRESS RANGES

        Name                Unused          Largest block    Delta
        BANK1            00E4-00EF              C           1
        BANK2            0110-016F             60           1
        BANK3            01B0-01EF             40           1
        CODE             0003-0003              1           2
                         08AD-08AD              1
                         1000-1444            445
                         1800-1FFF            800
        CONST            0003-0003              1           2
                         08AD-08AD              1
                         1000-1444            100
                         1800-1FFF            100
        EEDATA           2100-21FF            100           2
        ENTRY            0003-0003              1           2
                         08AD-08AD              1
                         1000-1444            100
                         1800-1FFF            100
        IDLOC            2000-2003              4           2
        RAM              00E4-00EF              C           1
                         0110-016F             60
                         01B0-01EF             40
        SFR0             0000-001F             20           1
        SFR1             0080-009F             20           1
        SFR2             0100-010F             10           1
        SFR3             0180-018F             10           1
        STRCODE          0003-0003              1           2
                         08AD-08AD              1
                         1000-1444            445
                         1800-1FFF            800
        STRING           0003-0003              1           2
                         08AD-08AD              1
                         1000-1444            100
                         1800-1FFF            100

                                  Symbol Table

??_ADCconvert               cstackBANK0  002E
??_ChargeMode               cstackBANK0  0059
??_Debounce                 cstackCOMMON 0072
??_Menu                     cstackBANK0  0020
??_ReadButtons              cstackCOMMON 0073
??_RobotDrive               cstackBANK0  0024
??_UpdateDisplay            cstackBANK0  0045
??___awmod                  cstackBANK0  0024
??___awtoft                 cstackBANK0  0039
??___ftmul                  cstackBANK0  0042
??___ftpack                 cstackBANK0  0025
??___fttol                  cstackBANK0  002C
??___lwdiv                  cstackBANK0  002A
??___lwmod                  cstackBANK0  0032
??___wmul                   cstackBANK0  0024
??_abs                      cstackBANK0  0028
??_adc_read                 cstackBANK0  0022
??_adc_read_channel         cstackBANK0  0026
??_calibrateIR              cstackBANK0  0059
??_init                     cstackBANK0  0023
??_init_adc                 cstackBANK0  0020
??_isr1                     cstackCOMMON 0078
??_lcd_init                 cstackBANK0  0023
??_lcd_set_cursor           cstackBANK0  0023
??_lcd_write_control        cstackBANK0  0020
??_lcd_write_data           cstackBANK0  0020
??_lcd_write_string         cstackBANK0  0029
??_main                     cstackBANK0  0062
??_readAvgDistance          cstackBANK0  0030
??_readDistance             cstackBANK0  002A
??_robo_init                cstackBANK0  0022
??_robotMoveSpeed           cstackBANK0  005D
??_robotTurn                cstackBANK0  0024
??_robot_read               cstackBANK0  0022
??_rotate                   cstackBANK0  0026
??_scan360                  cstackBANK0  005B
??_ser_getch                cstackBANK0  0020
??_ser_init                 cstackBANK0  0020
??_ser_isrx                 cstackBANK0  0020
??_ser_putch                cstackBANK0  0020
??_spi_transfer             cstackBANK0  0020
??_sprintf                  cstackBANK0  0039
??i1___lwmod                cstackCOMMON 0076
?_ADCconvert                cstackCOMMON 0072
?_ChargeMode                cstackCOMMON 0072
?_Debounce                  cstackCOMMON 0072
?_Menu                      cstackCOMMON 0072
?_ReadButtons               cstackCOMMON 0072
?_RobotDrive                cstackBANK0  0022
?_UpdateDisplay             cstackCOMMON 0072
?___awmod                   cstackBANK0  0020
?___awtoft                  cstackBANK0  0036
?___ftmul                   cstackBANK0  003C
?___ftpack                  cstackBANK0  0020
?___fttol                   cstackBANK0  0028
?___lwdiv                   cstackBANK0  0026
?___lwmod                   cstackBANK0  002E
?___wmul                    cstackBANK0  0020
?_abs                       cstackBANK0  0026
?_adc_read                  cstackBANK0  0020
?_adc_read_channel          cstackCOMMON 0072
?_calibrateIR               cstackCOMMON 0072
?_init                      cstackCOMMON 0072
?_init_adc                  cstackCOMMON 0072
?_isr1                      cstackCOMMON 0072
?_lcd_init                  cstackCOMMON 0072
?_lcd_set_cursor            cstackCOMMON 0072
?_lcd_write_control         cstackCOMMON 0072
?_lcd_write_data            cstackCOMMON 0072
?_lcd_write_string          cstackBANK0  0027
?_main                      cstackCOMMON 0072
?_readAvgDistance           cstackCOMMON 0072
?_readDistance              cstackBANK0  0028
?_robo_init                 cstackCOMMON 0072
?_robotMoveSpeed            cstackBANK0  0059
?_robotTurn                 cstackBANK0  0022
?_robot_read                cstackCOMMON 0072
?_rotate                    cstackBANK0  0023
?_scan360                   cstackBANK0  0059
?_ser_getch                 cstackCOMMON 0072
?_ser_init                  cstackCOMMON 0072
?_ser_isrx                  cstackCOMMON 0072
?_ser_putch                 cstackCOMMON 0072
?_spi_transfer              cstackCOMMON 0072
?_sprintf                   cstackBANK0  0034
?i1___lwmod                 cstackCOMMON 0072
AT25256A@CS0                (abs)        0038
AT25256A@CS1                (abs)        0039
Menu@BTN_input              cstackBANK0  0020
RobotDrive@speed            cstackBANK0  0022
RobotDrive@speedhighByte    cstackBANK0  0026
RobotDrive@speedlowByte     cstackBANK0  0025
UpdateDisplay@F1235         bssBANK3     0190
UpdateDisplay@LCDOutput     cstackBANK0  0049
_ADCON0                     (abs)        001F
_ADCON1                     (abs)        009F
_ADCconvert                 text1069     02C4
_ADRESH                     (abs)        001E
_ADRESL                     (abs)        009E
_BRGH                       (abs)        04C2
_BumpSensors                bssBANK1     00C4
_CARRY                      (abs)        0018
_CHS0                       (abs)        00FB
_CHS1                       (abs)        00FC
_CHS2                       (abs)        00FD
_CREN                       (abs)        00C4
_CenterDebounceCount        bssBANK1     00C5
_CenterPressed              bitbssCOMMON 0380
_CenterReleased             bitbssCOMMON 0381
_ChargeMode                 text1051     08C7
_Debounce                   text1092     0C88
_DistHighByte               bssBANK1     00C6
_DistLowByte                bssBANK1     00C7
_DownDebounceCount          bssBANK1     00C8
_DownPressed                bitbssCOMMON 0382
_DownReleased               bitbssCOMMON 0383
_EEADR                      (abs)        010D
_EECON1                     (abs)        018C
_EECON2                     (abs)        018D
_EEDATA                     (abs)        010C
_GIE                        (abs)        005F
_GO                         (abs)        00FA
_IRdistance                 bssBANK1     00B0
_LeftDebounceCount          bssBANK1     00C9
_LeftPressed                bitbssCOMMON 0384
_LeftReleased               bitbssCOMMON 0385
_Menu                       text1086     090D
_OERR                       (abs)        00C1
_OPTION_REG                 (abs)        0081
_PEIE                       (abs)        005E
_PORTA                      (abs)        0005
_PORTD                      (abs)        0008
_PORTE                      (abs)        0009
_RB0                        (abs)        0030
_RB2                        (abs)        0032
_RB3                        (abs)        0033
_RB4                        (abs)        0034
_RB5                        (abs)        0035
_RB6                        (abs)        0036
_RC0                        (abs)        0038
_RC1                        (abs)        0039
_RC2                        (abs)        003A
_RCIE                       (abs)        0465
_RCIF                       (abs)        0065
_RCREG                      (abs)        001A
_RD                         (abs)        0C60
_RE0                        (abs)        0048
_RE1                        (abs)        0049
_RE2                        (abs)        004A
_ROBOTerror                 bssBANK1     00CA
_RTC_Counter                bssBANK1     00B2
_RTC_FLAG_1MS               bitbssCOMMON 0386
_RTC_FLAG_250MS             bitbssCOMMON 0387
_RTC_FLAG_500MS             bitbssCOMMON 0388
_RX9                        (abs)        00C6
_ReadButtons                text1090     16D6
_RightDebounceCount         bssBANK1     00CB
_RightPressed               bitbssCOMMON 0389
_RightReleased              bitbssCOMMON 038A
_RobotDrive                 text1066     167A
_SPBRG                      (abs)        0099
_SPEN                       (abs)        00C7
_SSPBUF                     (abs)        0013
_SSPCON                     (abs)        0014
_SSPIF                      (abs)        0063
_SSPSTAT                    (abs)        0094
_SYNC                       (abs)        04C4
_TMR0                       (abs)        0001
_TMR0IE                     (abs)        005D
_TMR0IF                     (abs)        005A
_TRISA                      (abs)        0085
_TRISB                      (abs)        0086
_TRISC                      (abs)        0087
_TRISD                      (abs)        0088
_TRISE                      (abs)        0089
_TX9                        (abs)        04C6
_TXEN                       (abs)        04C5
_TXIE                       (abs)        0464
_TXIF                       (abs)        0064
_TXREG                      (abs)        0019
_TotalDistTravelled         bssBANK1     00B4
_UpDebounceCount            bssBANK1     00CC
_UpPressed                  bitbssCOMMON 038B
_UpReleased                 bitbssCOMMON 038C
_UpdateDisplay              text1055     0527
_WR                         (abs)        0C61
_WREN                       (abs)        0C62
__Habs1                     abs1         0000
__Hbank0                    bank0        0000
__Hbank1                    bank1        0000
__Hbank2                    bank2        0000
__Hbank3                    bank3        0000
__HbitbssCOMMON             bitbssCOMMON 0000
__HbssBANK1                 bssBANK1     0000
__HbssBANK3                 bssBANK3     0000
__HbssCOMMON                bssCOMMON    0000
__Hcinit                    cinit        0000
__Hclrtext                  clrtext      0000
__Hcode                     code         0000
__Hcommon                   common       0000
__Hconfig                   config       2008
__HcstackBANK0              cstackBANK0  0000
__HcstackCOMMON             cstackCOMMON 0000
__HdataBANK1                dataBANK1    0000
__Heeprom_data              eeprom_data  0000
__Hend_init                 end_init     0015
__Hfunctab                  functab      0000
__HidataBANK1               idataBANK1   0000
__Hidloc                    idloc        0000
__Hinit                     init         0012
__Hinittext                 inittext     0000
__Hintentry                 intentry     0012
__Hmaintext                 maintext     0000
__Hpowerup                  powerup      0000
__Hram                      ram          0000
__Hreset_vec                reset_vec    0003
__Hsfr0                     sfr0         0000
__Hsfr1                     sfr1         0000
__Hsfr2                     sfr2         0000
__Hsfr3                     sfr3         0000
__Hstrings                  strings      0000
__Htext                     text         0000
__Labs1                     abs1         0000
__Lbank0                    bank0        0000
__Lbank1                    bank1        0000
__Lbank2                    bank2        0000
__Lbank3                    bank3        0000
__LbitbssCOMMON             bitbssCOMMON 0000
__LbssBANK1                 bssBANK1     0000
__LbssBANK3                 bssBANK3     0000
__LbssCOMMON                bssCOMMON    0000
__Lcinit                    cinit        0000
__Lclrtext                  clrtext      0000
__Lcode                     code         0000
__Lcommon                   common       0000
__Lconfig                   config       2007
__LcstackBANK0              cstackBANK0  0000
__LcstackCOMMON             cstackCOMMON 0000
__LdataBANK1                dataBANK1    0000
__Leeprom_data              eeprom_data  0000
__Lend_init                 end_init     0012
__Lfunctab                  functab      0000
__LidataBANK1               idataBANK1   0000
__Lidloc                    idloc        0000
__Linit                     init         0012
__Linittext                 inittext     0000
__Lintentry                 intentry     0004
__Lmaintext                 maintext     0000
__Lpowerup                  powerup      0000
__Lram                      ram          0000
__Lreset_vec                reset_vec    0000
__Lsfr0                     sfr0         0000
__Lsfr1                     sfr1         0000
__Lsfr2                     sfr2         0000
__Lsfr3                     sfr3         0000
__Lstrings                  strings      0000
__Ltext                     text         0000
__S0                        (abs)        2008
__S1                        (abs)        01B0
__S2                        (abs)        0000
___awmod                    text1077     0AA5
___awmod@counter            cstackBANK0  0025
___awmod@dividend           cstackBANK0  0022
___awmod@divisor            cstackBANK0  0020
___awmod@sign               cstackBANK0  0026
___awtoft                   text1063     15F5
___awtoft@c                 cstackBANK0  0036
___awtoft@sign              cstackBANK0  003B
___ftmul                    text1064     0F12
___ftmul@cntr               cstackBANK0  004A
___ftmul@exp                cstackBANK0  0046
___ftmul@f1                 cstackBANK0  003C
___ftmul@f2                 cstackBANK0  003F
___ftmul@f3_as_product      cstackBANK0  0047
___ftmul@sign               cstackBANK0  004B
___ftpack                   text1079     0B83
___ftpack@arg               cstackBANK0  0020
___ftpack@exp               cstackBANK0  0023
___ftpack@sign              cstackBANK0  0024
___fttol                    text1078     0DC5
___fttol@exp1               cstackBANK0  0035
___fttol@f1                 cstackBANK0  0028
___fttol@lval               cstackBANK0  0031
___fttol@sign1              cstackBANK0  0030
___lwdiv                    text1081     0954
___lwdiv@counter            cstackBANK0  002D
___lwdiv@dividend           cstackBANK0  0028
___lwdiv@divisor            cstackBANK0  0026
___lwdiv@quotient           cstackBANK0  002B
___lwmod                    text1080     17BA
___lwmod@counter            cstackBANK0  0033
___lwmod@dividend           cstackBANK0  0030
___lwmod@divisor            cstackBANK0  002E
___wmul                     text1082     159D
___wmul@multiplicand        cstackBANK0  0022
___wmul@multiplier          cstackBANK0  0020
___wmul@product             cstackBANK0  0024
__end_of_ADCconvert         text1069     0527
__end_of_ChargeMode         text1051     090D
__end_of_Debounce           text1092     0D20
__end_of_Menu               text1086     0954
__end_of_ReadButtons        text1090     1706
__end_of_RobotDrive         text1066     16A7
__end_of_UpdateDisplay      text1055     0686
__end_of___awmod            text1077     0B0D
__end_of___awtoft           text1063     1621
__end_of___ftmul            text1064     1000
__end_of___ftpack           text1079     0C00
__end_of___fttol            text1078     0E6B
__end_of___lwdiv            text1081     09A4
__end_of___lwmod            text1080     1800
__end_of___wmul             text1082     15C9
__end_of_abs                text1065     173B
__end_of_adc_read           text1088     1548
__end_of_adc_read_channel   text1076     1776
__end_of_calibrateIR        text1054     0AA5
__end_of_init               text1057     16D6
__end_of_init_adc           text1075     14C9
__end_of_isr1               text1089     0F12
__end_of_lcd_init           text1060     159D
__end_of_lcd_set_cursor     text1062     1458
__end_of_lcd_write_control  text1074     14B3
__end_of_lcd_write_data     text1073     1478
__end_of_lcd_write_string   text1061     164D
__end_of_main               maintext     02C4
__end_of_readAvgDistance    text1056     0B83
__end_of_readDistance       text1058     14DF
__end_of_robo_init          text1072     08C7
__end_of_robotMoveSpeed     text1052     0DC5
__end_of_robotTurn          text1070     0C88
__end_of_robot_read         text1059     0A47
__end_of_rotate             text1071     09F4
__end_of_scan360            text1053     0800
__end_of_ser_getch          text1067     15F5
__end_of_ser_init           text1087     1572
__end_of_ser_isrx           text1083     14F8
__end_of_ser_putch          text1085     167A
__end_of_spi_transfer       text1084     149F
__end_of_sprintf            text1068     0786
__end_ofi1___lwmod          text1091     17BA
__pbitbssCOMMON             bitbssCOMMON 0380
__pbssBANK1                 bssBANK1     00A0
__pbssBANK3                 bssBANK3     0190
__pbssCOMMON                bssCOMMON    007D
__pcstackBANK0              cstackBANK0  0020
__pcstackCOMMON             cstackCOMMON 0072
__pdataBANK1                dataBANK1    00D7
__pidataBANK1               idataBANK1   1458
__pintentry                 intentry     0004
__pmaintext                 maintext     0015
__pstrings                  strings      0800
__ptext1051                 text1051     08C7
__ptext1052                 text1052     0D20
__ptext1053                 text1053     0786
__ptext1054                 text1054     0A47
__ptext1055                 text1055     0527
__ptext1056                 text1056     0B0D
__ptext1057                 text1057     16A7
__ptext1058                 text1058     14C9
__ptext1059                 text1059     09F4
__ptext1060                 text1060     1572
__ptext1061                 text1061     1621
__ptext1062                 text1062     144D
__ptext1063                 text1063     15F5
__ptext1064                 text1064     0F12
__ptext1065                 text1065     1706
__ptext1066                 text1066     167A
__ptext1067                 text1067     15C9
__ptext1068                 text1068     0686
__ptext1069                 text1069     02C4
__ptext1070                 text1070     0C00
__ptext1071                 text1071     09A4
__ptext1072                 text1072     08AE
__ptext1073                 text1073     1465
__ptext1074                 text1074     149F
__ptext1075                 text1075     14B3
__ptext1076                 text1076     173B
__ptext1077                 text1077     0AA5
__ptext1078                 text1078     0DC5
__ptext1079                 text1079     0B83
__ptext1080                 text1080     17BA
__ptext1081                 text1081     0954
__ptext1082                 text1082     159D
__ptext1083                 text1083     14DF
__ptext1084                 text1084     148B
__ptext1085                 text1085     164D
__ptext1086                 text1086     090D
__ptext1087                 text1087     1548
__ptext1088                 text1088     151F
__ptext1089                 text1089     0E6B
__ptext1090                 text1090     16D6
__ptext1091                 text1091     1776
__ptext1092                 text1092     0C88
__ptext1093                 text1093     0000
__size_of_ADCconvert        (abs)        0000
__size_of_ChargeMode        (abs)        0000
__size_of_Debounce          (abs)        0000
__size_of_Menu              (abs)        0000
__size_of_ReadButtons       (abs)        0000
__size_of_RobotDrive        (abs)        0000
__size_of_UpdateDisplay     (abs)        0000
__size_of___awmod           (abs)        0000
__size_of___awtoft          (abs)        0000
__size_of___ftmul           (abs)        0000
__size_of___ftpack          (abs)        0000
__size_of___fttol           (abs)        0000
__size_of___lwdiv           (abs)        0000
__size_of___lwmod           (abs)        0000
__size_of___wmul            (abs)        0000
__size_of_abs               (abs)        0000
__size_of_adc_read          (abs)        0000
__size_of_adc_read_channel  (abs)        0000
__size_of_calibrateIR       (abs)        0000
__size_of_init              (abs)        0000
__size_of_init_adc          (abs)        0000
__size_of_isr1              (abs)        0000
__size_of_lcd_init          (abs)        0000
__size_of_lcd_set_cursor    (abs)        0000
__size_of_lcd_write_control (abs)        0000
__size_of_lcd_write_data    (abs)        0000
__size_of_lcd_write_string  (abs)        0000
__size_of_main              (abs)        0000
__size_of_readAvgDistance   (abs)        0000
__size_of_readDistance      (abs)        0000
__size_of_robo_init         (abs)        0000
__size_of_robotMoveSpeed    (abs)        0000
__size_of_robotTurn         (abs)        0000
__size_of_robot_read        (abs)        0000
__size_of_rotate            (abs)        0000
__size_of_scan360           (abs)        0000
__size_of_ser_getch         (abs)        0000
__size_of_ser_init          (abs)        0000
__size_of_ser_isrx          (abs)        0000
__size_of_ser_putch         (abs)        0000
__size_of_spi_transfer      (abs)        0000
__size_of_sprintf           (abs)        0000
__size_ofi1___lwmod         (abs)        0000
_abs                        text1065     1706
_adcVal                     bssBANK1     00B6
_adc_read                   text1088     151F
_adc_read_channel           text1076     173B
_buttonPressed              bssCOMMON    007D
_calibrateIR                text1054     0A47
_currentMenu                bssBANK1     00CD
_current_step               dataBANK1    00E3
_distTravelled              bssBANK1     00B8
_dist_high                  bssBANK1     00BA
_dist_low                   bssBANK1     00BC
_dpowers                    strings      0810
_exit                       init         0012
_highByte                   bssBANK1     00CE
_init                       text1057     16A7
_init_adc                   text1075     14B3
_isr1                       text1089     0E6B
_lcd_init                   text1060     1572
_lcd_set_cursor             text1062     144D
_lcd_write_control          text1074     149F
_lcd_write_data             text1073     1465
_lcd_write_string           text1061     1621
_lowByte                    bssBANK1     00CF
_main                       maintext     0015
_menuStrings                dataBANK1    00D7
_pos                        bssBANK1     00BE
_readAvgDistance            text1056     0B0D
_readDistance               text1058     14C9
_robo_init                  text1072     08AE
_robotMoveSpeed             text1052     0D20
_robotTurn                  text1070     0C00
_robot_read                 text1059     09F4
_rotate                     text1071     09A4
_rxfifo                     bssBANK1     00A0
_rxiptr                     bssBANK1     00D0
_rxoptr                     bssBANK1     00D1
_scan360                    text1053     0786
_ser_getch                  text1067     15C9
_ser_init                   text1087     1548
_ser_isrx                   text1083     14DF
_ser_putch                  text1085     164D
_ser_tmp                    bssBANK1     00D2
_shortMenuStrings           dataBANK1    00DD
_spi_transfer               text1084     148B
_sprintf                    text1068     0686
_total                      bssBANK1     00C0
_totalSteps                 bssBANK1     00C2
_turnhighByte               bssBANK1     00D3
_turnlowByte                bssBANK1     00D4
_txfifo                     bssBANK3     01A0
_txiptr                     bssBANK1     00D5
_txoptr                     bssBANK1     00D6
abs@v                       cstackBANK0  0026
adc_read@adc_value          cstackBANK0  0024
adc_read_channel@channel    cstackBANK0  0027
btemp                       (abs)        007E
clear_ram                   clrtext      1445
end_of_initialization       cinit        151B
i1___lwmod                  text1091     1776
i1___lwmod@counter          cstackCOMMON 0077
i1___lwmod@dividend         cstackCOMMON 0074
i1___lwmod@divisor          cstackCOMMON 0072
init_fetch                  inittext     1478
init_ram                    inittext     147C
interrupt_function          intentry     0004
intlevel0                   functab      0000
intlevel1                   functab      0000
intlevel2                   functab      0000
intlevel3                   functab      0000
intlevel4                   functab      0000
intlevel5                   functab      0000
lcd_set_cursor@address      cstackBANK0  0023
lcd_write_control@databyte  cstackBANK0  0022
lcd_write_data@databyte     cstackBANK0  0022
lcd_write_string@s          cstackBANK0  0027
main@RT2A                   cstackBANK0  0067
main@RT2P                   cstackBANK0  006E
main@choice                 cstackBANK0  006B
main@direction1             cstackBANK0  0065
main@shortwall              cstackBANK0  0069
main@shortwall_3011         cstackBANK0  006C
readAvgDistance@fullval     cstackBANK0  0030
readAvgDistance@i           cstackBANK0  0036
readAvgDistance@j           cstackBANK0  0032
readAvgDistance@tempIR      cstackBANK0  0034
readDistance@readVal        cstackBANK0  002C
reset_vec                   reset_vec    0000
robotMoveSpeed@distance     cstackBANK0  0059
robotMoveSpeed@speed        cstackBANK0  005B
robotMoveSpeed@temp1        cstackBANK0  0060
robotTurn@degrees           cstackBANK0  0022
rotate@direction            cstackBANK0  0025
rotate@i                    cstackBANK0  0028
rotate@numsteps             cstackBANK0  0023
saved_w                     (abs)        007E
scan360@lowestSteps         cstackBANK0  005D
scan360@lowestVal           cstackBANK0  005B
scan360@steps               cstackBANK0  005F
ser_getch@c                 cstackBANK0  0021
ser_putch@c                 cstackBANK0  0021
spi_transfer@data           cstackBANK0  0022
spi_transfer@temp           cstackBANK0  0021
sprintf@_val                cstackBANK0  003F
sprintf@ap                  cstackBANK0  003C
sprintf@c                   cstackBANK0  0044
sprintf@f                   cstackBANK0  0034
sprintf@flag                cstackBANK0  003D
sprintf@prec                cstackBANK0  003E
sprintf@sp                  cstackBANK0  0043
start                       init         0012
start_initialization        cinit        14F8
wtemp0                      (abs)        007E
