HI-TECH Software C Compiler 

Linker command line:

--edf=C:\Program Files\HI-TECH Software\PICC\9.83\dat\en_msgs.txt -cs \
  -h+Assignment3_AldnoahZero.sym -z -Q16F877A -ol.obj \
  -MAssignment3_AldnoahZero.map -E1 -ACONST=00h-0FFhx32 -ACODE=00h-07FFhx4 \
  -ASTRCODE=00h-01FFFh -AENTRY=00h-0FFhx32 -ASTRING=00h-0FFhx32 \
  -ABANK0=020h-06Fh -ABANK1=0A0h-0EFh -ABANK2=0110h-016Fh \
  -ABANK3=0190h-01EFh -ARAM=020h-06Fh,0A0h-0EFh,0110h-016Fh,0190h-01EFh \
  -AABS1=020h-07Fh,0A0h-0EFh,0110h-016Fh,0190h-01EFh -ACOMMON=070h-07Fh \
  -ASFR0=00h-01Fh -ASFR1=080h-09Fh -ASFR2=0100h-010Fh -ASFR3=0180h-018Fh \
  -preset_vec=00h,intentry=04h,init,end_init -ppowerup=CODE -pfunctab=CODE \
  -ACONFIG=02007h-02007h -pconfig=CONFIG -DCONFIG=2 -AIDLOC=02000h-02003h \
  -pidloc=IDLOC -DIDLOC=2 -AEEDATA=00h-0FFh/02100h -peeprom_data=EEDATA \
  -DEEDATA=2 -DCODE=2 -DSTRCODE=2 -DSTRING=2 -DCONST=2 -DENTRY=2 -k \
  startup.obj Assignment3_AldnoahZero.obj 

Object code version is 3.10

Machine type is 16F877A



                Name                               Link     Load   Length Selector   Space Scale
startup.obj     end_init                             12       12        3        8       0
                reset_vec                             0        0        3        0       0
Assignment3_AldnoahZero.obj
                intentry                              4        4        E        8       0
                config                             2007     2007        1     400E       0
                text1138                           117E     117E       C1     22FC       0
                text1137                           1B48     1B48       44     3690       0
                text1136                           1F56     1F56       AA     3EAC       0
                text1135                           1941     1941       29     3282       0
                text1134                           196A     196A       2A     32D4       0
                text1133                           1BD2     1BD2       47     37A4       0
                text1132                           1A43     1A43       2D     3486       0
                text1131                           185C     185C       14     30B8       0
                text1130                           18C7     18C7       19     318E       0
                text1129                           18B0     18B0       17     3160       0
                text1128                           19BF     19BF       2C     337E       0
                text1127                           1C66     1C66       50     38CC       0
                text1126                           1B8C     1B8C       46     3718       0
                text1125                           1E69     1E69       76     3CD2       0
                text1124                           1D1D     1D1D       68     3A3A       0
                text1123                           1B0D     1B0D       3B     361A       0
                text1122                           1884     1884       16     3108       0
                text1121                           1870     1870       14     30E0       0
                text1120                           1849     1849       13     3092       0
                text1119                           18E0     18E0       19     31C0       0
                text1118                           1542     1542      151     2A84       0
                text1117                           1CB6     1CB6       67     396C       0
                text1116                           1AD4     1AD4       39     35A8       0
                text1115                            8B1      8B1      1B6     1162       0
                text1114                           19EB     19EB       2C     33D6       0
                text1113                           1DF5     1DF5       74     3BEA       0
                text1112                           1A9F     1A9F       35     353E       0
                text1111                           1832     1832        B     3064       0
                text1110                           1A17     1A17       2C     342E       0
                text1109                           1994     1994       2B     3328       0
                text1108                           1420     1420      122     2840       0
                text1107                           10F5     10F5       89     21EA       0
                text1106                           189A     189A       16     3134       0
                text1105                           1A70     1A70       2F     34E0       0
                text1104                           1EDF     1EDF       77     3DBE       0
                text1103                            49F      49F      285        8       0
                text1102                           1D85     1D85       70     3B0A       0
                text1101                           1C19     1C19       4D     3832       0
                text1100                            807      807       AA     100E       0
                text1099                           1329     1329       F7     2652       0
                text1098                           18F9     18F9       21     31F2       0
                text1097                             15       15      48A        8       0
                text1096                            C71      C71      38F     18E2       0
                text1095                           123F     123F       EA     247E       0
                text1094                           1693     1693      16D     2D26       0
                text1093                            A67      A67      20A     14CE       0
                maintext                            724      724       D8        8       0
                cstackBANK0                          20       20       50       20       1
                cstackCOMMON                         72       72        B       70       1
                cstackBANK1                          E7       E7        1       A0       1
                inittext                           10E2     10E2       13     21C4       0
                clrtext                            182A     182A        8     3054       0
                bssBANK3                            190      190       30      190       1
                dataBANK1                            DB       DB        C       A0       1
                bssBANK1                             A0       A0       3B       A0       1
                bssCOMMON                            7D       7D        1       70       1
                bitbssCOMMON                        380       70        D       70       1     8
                cinit                              191A     191A       27     3234       0
                strings                            1000     1000       E2     2000       0
                idataBANK1                         183D     183D        C     307A       0

TOTAL           Name                               Link     Load   Length     Space
        CLASS   CONST          

        CLASS   CODE           
                end_init                             12       12        3         0
                intentry                              4        4        E         0
                reset_vec                             0        0        3         0
                text1138                           117E     117E       C1         0
                text1137                           1B48     1B48       44         0
                text1136                           1F56     1F56       AA         0
                text1135                           1941     1941       29         0
                text1134                           196A     196A       2A         0
                text1133                           1BD2     1BD2       47         0
                text1132                           1A43     1A43       2D         0
                text1131                           185C     185C       14         0
                text1130                           18C7     18C7       19         0
                text1129                           18B0     18B0       17         0
                text1128                           19BF     19BF       2C         0
                text1127                           1C66     1C66       50         0
                text1126                           1B8C     1B8C       46         0
                text1125                           1E69     1E69       76         0
                text1124                           1D1D     1D1D       68         0
                text1123                           1B0D     1B0D       3B         0
                text1122                           1884     1884       16         0
                text1121                           1870     1870       14         0
                text1120                           1849     1849       13         0
                text1119                           18E0     18E0       19         0
                text1118                           1542     1542      151         0
                text1117                           1CB6     1CB6       67         0
                text1116                           1AD4     1AD4       39         0
                text1115                            8B1      8B1      1B6         0
                text1114                           19EB     19EB       2C         0
                text1113                           1DF5     1DF5       74         0
                text1112                           1A9F     1A9F       35         0
                text1111                           1832     1832        B         0
                text1110                           1A17     1A17       2C         0
                text1109                           1994     1994       2B         0
                text1108                           1420     1420      122         0
                text1107                           10F5     10F5       89         0
                text1106                           189A     189A       16         0
                text1105                           1A70     1A70       2F         0
                text1104                           1EDF     1EDF       77         0
                text1103                            49F      49F      285         0
                text1102                           1D85     1D85       70         0
                text1101                           1C19     1C19       4D         0
                text1100                            807      807       AA         0
                text1099                           1329     1329       F7         0
                text1098                           18F9     18F9       21         0
                text1097                             15       15      48A         0
                text1096                            C71      C71      38F         0
                text1095                           123F     123F       EA         0
                text1094                           1693     1693      16D         0
                text1093                            A67      A67      20A         0
                maintext                            724      724       D8         0
                inittext                           10E2     10E2       13         0
                clrtext                            182A     182A        8         0
                cinit                              191A     191A       27         0
                idataBANK1                         183D     183D        C         0

        CLASS   STRCODE        

        CLASS   ENTRY          

        CLASS   STRING         
                strings                            1000     1000       E2         0

        CLASS   BANK0          
                cstackBANK0                          20       20       50         1

        CLASS   BANK1          
                cstackBANK1                          E7       E7        1         1
                dataBANK1                            DB       DB        C         1
                bssBANK1                             A0       A0       3B         1

        CLASS   BANK2          

        CLASS   BANK3          
                bssBANK3                            190      190       30         1

        CLASS   RAM            

        CLASS   ABS1           
                abs_s1                               7E       7E        2         1

        CLASS   COMMON         
                cstackCOMMON                         72       72        B         1
                bssCOMMON                            7D       7D        1         1
                bitbssCOMMON                        380       70        D         1

        CLASS   SFR0           

        CLASS   SFR1           

        CLASS   SFR2           

        CLASS   SFR3           

        CLASS   CONFIG         
                config                             2007     2007        1         0

        CLASS   IDLOC          

        CLASS   EEDATA         



SEGMENTS        Name                           Load    Length   Top    Selector   Space  Class     Delta

                reset_vec                      000000  000003  000003         0       0  CODE        2
                intentry                       000004  0007F8  0007FC         8       0  CODE        2
                cstackBANK0                    000020  000050  000070        20       1  BANK0       1
                bitbssCOMMON                   000070  00000E  00007E        70       1  COMMON      1
                bssBANK1                       0000A0  000048  0000E8        A0       1  BANK1       1
                bssBANK3                       000190  000030  0001C0       190       1  BANK3       1
                text1100                       000807  0000AA  0008B1      100E       0  CODE        2
                text1115                       0008B1  0001B6  000A67      1162       0  CODE        2
                text1093                       000A67  00020A  000C71      14CE       0  CODE        2
                text1096                       000C71  00038F  001000      18E2       0  CODE        2
                strings                        001000  0000E2  0010E2      2000       0  STRING      2
                inittext                       0010E2  000013  0010F5      21C4       0  CODE        2
                text1107                       0010F5  000089  00117E      21EA       0  CODE        2
                text1138                       00117E  0000C1  00123F      22FC       0  CODE        2
                text1095                       00123F  0000EA  001329      247E       0  CODE        2
                text1099                       001329  0000F7  001420      2652       0  CODE        2
                text1108                       001420  000122  001542      2840       0  CODE        2
                text1118                       001542  000151  001693      2A84       0  CODE        2
                text1094                       001693  00016D  001800      2D26       0  CODE        2
                clrtext                        00182A  000008  001832      3054       0  CODE        2
                text1111                       001832  00000B  00183D      3064       0  CODE        2
                idataBANK1                     00183D  00000C  001849      307A       0  CODE        2
                text1120                       001849  000013  00185C      3092       0  CODE        2
                text1131                       00185C  000014  001870      30B8       0  CODE        2
                text1121                       001870  000014  001884      30E0       0  CODE        2
                text1122                       001884  000016  00189A      3108       0  CODE        2
                text1106                       00189A  000016  0018B0      3134       0  CODE        2
                text1129                       0018B0  000017  0018C7      3160       0  CODE        2
                text1130                       0018C7  000019  0018E0      318E       0  CODE        2
                text1119                       0018E0  000019  0018F9      31C0       0  CODE        2
                text1098                       0018F9  000021  00191A      31F2       0  CODE        2
                cinit                          00191A  000027  001941      3234       0  CODE        2
                text1135                       001941  000029  00196A      3282       0  CODE        2
                text1134                       00196A  00002A  001994      32D4       0  CODE        2
                text1109                       001994  00002B  0019BF      3328       0  CODE        2
                text1128                       0019BF  00002C  0019EB      337E       0  CODE        2
                text1114                       0019EB  00002C  001A17      33D6       0  CODE        2
                text1110                       001A17  00002C  001A43      342E       0  CODE        2
                text1132                       001A43  00002D  001A70      3486       0  CODE        2
                text1105                       001A70  00002F  001A9F      34E0       0  CODE        2
                text1112                       001A9F  000035  001AD4      353E       0  CODE        2
                text1116                       001AD4  000039  001B0D      35A8       0  CODE        2
                text1123                       001B0D  00003B  001B48      361A       0  CODE        2
                text1137                       001B48  000044  001B8C      3690       0  CODE        2
                text1126                       001B8C  000046  001BD2      3718       0  CODE        2
                text1133                       001BD2  000047  001C19      37A4       0  CODE        2
                text1101                       001C19  00004D  001C66      3832       0  CODE        2
                text1127                       001C66  000050  001CB6      38CC       0  CODE        2
                text1117                       001CB6  000067  001D1D      396C       0  CODE        2
                text1124                       001D1D  000068  001D85      3A3A       0  CODE        2
                text1102                       001D85  000070  001DF5      3B0A       0  CODE        2
                text1113                       001DF5  000074  001E69      3BEA       0  CODE        2
                text1125                       001E69  000076  001EDF      3CD2       0  CODE        2
                text1104                       001EDF  000077  001F56      3DBE       0  CODE        2
                text1136                       001F56  0000AA  002000      3EAC       0  CODE        2
                config                         002007  000001  002008      400E       0  CONFIG      2


UNUSED ADDRESS RANGES

        Name                Unused          Largest block    Delta
        BANK1            00E8-00EF              8           1
        BANK2            0110-016F             60           1
        BANK3            01C0-01EF             30           1
        CODE             0003-0003              1           2
                         07FC-0806              4
                         1800-1829             2A
        CONST            0003-0003              1           2
                         07FC-0806              4
                         1800-1829             2A
        EEDATA           2100-21FF            100           2
        ENTRY            0003-0003              1           2
                         07FC-0806              4
                         1800-1829             2A
        IDLOC            2000-2003              4           2
        RAM              00E8-00EF              8           1
                         0110-016F             60
                         01C0-01EF             30
        SFR0             0000-001F             20           1
        SFR1             0080-009F             20           1
        SFR2             0100-010F             10           1
        SFR3             0180-018F             10           1
        STRCODE          0003-0003              1           2
                         07FC-0806              B
                         1800-1829             2A
        STRING           0003-0003              1           2
                         07FC-0806              4
                         1800-1829             2A

                                  Symbol Table

??_ChargeMode               cstackBANK0  0057
??_FindVictim               cstackBANK0  006B
??_GoHome                   cstackBANK0  006B
??_Init_Follow_IR           cstackBANK0  0057
??_Menu                     cstackBANK0  0020
??_ReadButtons              cstackCOMMON 0072
??_RobotBattRead            cstackBANK0  0022
??_RobotDrive               cstackBANK0  002D
??_UpdateDisplay            cstackBANK0  0041
??___awdiv                  cstackBANK0  0024
??___awmod                  cstackBANK0  0024
??___lwdiv                  cstackBANK0  0024
??___lwmod                  cstackBANK0  002C
??___wmul                   cstackBANK0  0024
??_abs                      cstackBANK0  0028
??_adc_read                 cstackBANK0  0022
??_adc_read_channel         cstackBANK0  0026
??_calibrateIR              cstackBANK0  0057
??_init                     cstackBANK0  0023
??_init_adc                 cstackBANK0  0020
??_isdigit                  cstackBANK0  0020
??_isr1                     cstackCOMMON 0078
??_lcd_init                 cstackBANK0  0023
??_lcd_set_cursor           cstackBANK0  0023
??_lcd_write_control        cstackBANK0  0020
??_lcd_write_data           cstackBANK0  0020
??_lcd_write_string         cstackBANK0  0029
??_main                     cstackBANK0  006E
??_readAvgDistance          cstackBANK0  002E
??_readDistance             cstackBANK0  002A
??_robo_init                cstackBANK0  0022
??_robotFollow              cstackBANK0  0064
??_robotLoadSong            cstackBANK0  0022
??_robotMoveSpeed           cstackBANK0  005B
??_robotTurn                cstackBANK0  0024
??_robotTurnSpeed           cstackBANK0  005B
??_robot_read               cstackBANK0  0022
??_robot_turnArc            cstackBANK0  0062
??_robot_turnInPlace        cstackBANK0  0060
??_rotate                   cstackBANK0  0026
??_ser_getch                cstackBANK0  0020
??_ser_init                 cstackBANK0  0020
??_ser_isrx                 cstackBANK0  0020
??_ser_putch                cstackBANK0  0020
??_spi_transfer             cstackBANK0  0020
??_sprintf                  cstackBANK0  0033
??i1___lwmod                cstackCOMMON 0076
?_ChargeMode                cstackCOMMON 0072
?_FindVictim                cstackCOMMON 0072
?_GoHome                    cstackCOMMON 0072
?_Init_Follow_IR            cstackCOMMON 0072
?_Menu                      cstackCOMMON 0072
?_ReadButtons               cstackCOMMON 0072
?_RobotBattRead             cstackCOMMON 0072
?_RobotDrive                cstackBANK0  0029
?_UpdateDisplay             cstackCOMMON 0072
?___awdiv                   cstackBANK0  0020
?___awmod                   cstackBANK0  0020
?___lwdiv                   cstackBANK0  0020
?___lwmod                   cstackBANK0  0028
?___wmul                    cstackBANK0  0020
?_abs                       cstackBANK0  0026
?_adc_read                  cstackBANK0  0020
?_adc_read_channel          cstackCOMMON 0072
?_calibrateIR               cstackCOMMON 0072
?_init                      cstackCOMMON 0072
?_init_adc                  cstackCOMMON 0072
?_isdigit                   cstackCOMMON 0072
?_isr1                      cstackCOMMON 0072
?_lcd_init                  cstackCOMMON 0072
?_lcd_set_cursor            cstackCOMMON 0072
?_lcd_write_control         cstackCOMMON 0072
?_lcd_write_data            cstackCOMMON 0072
?_lcd_write_string          cstackBANK0  0027
?_main                      cstackCOMMON 0072
?_readAvgDistance           cstackCOMMON 0072
?_readDistance              cstackBANK0  0028
?_robo_init                 cstackCOMMON 0072
?_robotFollow               cstackBANK0  0060
?_robotLoadSong             cstackCOMMON 0072
?_robotMoveSpeed            cstackBANK0  0057
?_robotTurn                 cstackBANK0  0022
?_robotTurnSpeed            cstackBANK0  0057
?_robot_read                cstackCOMMON 0072
?_robot_turnArc             cstackBANK0  0060
?_robot_turnInPlace         cstackCOMMON 0072
?_rotate                    cstackBANK0  0023
?_ser_getch                 cstackCOMMON 0072
?_ser_init                  cstackCOMMON 0072
?_ser_isrx                  cstackCOMMON 0072
?_ser_putch                 cstackCOMMON 0072
?_spi_transfer              cstackCOMMON 0072
?_sprintf                   cstackBANK0  002E
?i1___lwmod                 cstackCOMMON 0072
AT25256A@CS0                (abs)        0038
AT25256A@CS1                (abs)        0039
Menu@BTN_input              cstackBANK0  0020
RobotBattRead@temp1         cstackBANK0  0024
RobotDrive@radius           cstackBANK0  002B
RobotDrive@radiushighByte   cstackBANK0  0031
RobotDrive@radiuslowByte    cstackBANK0  0030
RobotDrive@speed            cstackBANK0  0029
RobotDrive@speedhighByte    cstackBANK0  002F
RobotDrive@speedlowByte     cstackBANK0  002E
UpdateDisplay@F1260         bssBANK3     0190
UpdateDisplay@LCDOutput     cstackBANK0  0045
UpdateDisplay@tempDist      cstackBANK0  0055
_ADCON0                     (abs)        001F
_ADCON1                     (abs)        009F
_ADRESH                     (abs)        001E
_ADRESL                     (abs)        009E
_AngleHighByte              bssBANK1     00C0
_AngleLowByte               bssBANK1     00C1
_BRGH                       (abs)        04C2
_BattCharge                 bssBANK1     00A0
_BattState                  bssBANK1     00A2
_BumpSensors                bssBANK1     00C2
_CARRY                      (abs)        0018
_CHS0                       (abs)        00FB
_CHS1                       (abs)        00FC
_CHS2                       (abs)        00FD
_CREN                       (abs)        00C4
_CenterDebounceCount        bssBANK1     00C3
_CenterPressed              bitbssCOMMON 0380
_CenterReleased             bitbssCOMMON 0381
_ChargeMode                 text1101     1C19
_CliffSensors               bssBANK1     00C4
_Disp1                      bssBANK1     00A4
_Disp2                      bssBANK1     00A6
_DistHighByte               bssCOMMON    007D
_DistLowByte                bssBANK1     00C5
_DownDebounceCount          bssBANK1     00C6
_DownPressed                bitbssCOMMON 0382
_DownReleased               bitbssCOMMON 0383
_EEADR                      (abs)        010D
_EECON1                     (abs)        018C
_EECON2                     (abs)        018D
_EEDATA                     (abs)        010C
_FindVictim                 text1093     0A67
_FoundVictim                bssBANK1     00C7
_GIE                        (abs)        005F
_GO                         (abs)        00FA
_GoHome                     text1094     1693
_IRdistance                 bssBANK1     00A8
_Init_Follow_IR             text1098     18F9
_LeftDebounceCount          bssBANK1     00C8
_LeftPressed                bitbssCOMMON 0384
_LeftReleased               bitbssCOMMON 0385
_Menu                       text1133     1BD2
_OERR                       (abs)        00C1
_OPTION_REG                 (abs)        0081
_PEIE                       (abs)        005E
_PORTA                      (abs)        0005
_PORTD                      (abs)        0008
_PORTE                      (abs)        0009
_RB0                        (abs)        0030
_RB2                        (abs)        0032
_RB3                        (abs)        0033
_RB4                        (abs)        0034
_RB5                        (abs)        0035
_RB6                        (abs)        0036
_RC0                        (abs)        0038
_RC1                        (abs)        0039
_RC2                        (abs)        003A
_RCIE                       (abs)        0465
_RCIF                       (abs)        0065
_RCREG                      (abs)        001A
_RD                         (abs)        0C60
_RE0                        (abs)        0048
_RE1                        (abs)        0049
_RE2                        (abs)        004A
_ROBOTerror                 bssBANK1     00C9
_RTC_Counter                bssBANK1     00AA
_RTC_FLAG_1MS               bitbssCOMMON 0386
_RTC_FLAG_250MS             bitbssCOMMON 0387
_RTC_FLAG_500MS             bitbssCOMMON 0388
_RX9                        (abs)        00C6
_ReadButtons                text1138     117E
_RightDebounceCount         bssBANK1     00CA
_RightPressed               bitbssCOMMON 0389
_RightReleased              bitbssCOMMON 038A
_RobotBattRead              text1107     10F5
_RobotDrive                 text1116     1AD4
_RobotPos                   bssBANK1     00CB
_SPBRG                      (abs)        0099
_SPEN                       (abs)        00C7
_SSPBUF                     (abs)        0013
_SSPCON                     (abs)        0014
_SSPIF                      (abs)        0063
_SSPSTAT                    (abs)        0094
_SYNC                       (abs)        04C4
_TMR0                       (abs)        0001
_TMR0IE                     (abs)        005D
_TMR0IF                     (abs)        005A
_TRISA                      (abs)        0085
_TRISB                      (abs)        0086
_TRISC                      (abs)        0087
_TRISD                      (abs)        0088
_TRISE                      (abs)        0089
_TX9                        (abs)        04C6
_TXEN                       (abs)        04C5
_TXIE                       (abs)        0464
_TXIF                       (abs)        0064
_TXREG                      (abs)        0019
_TotalDistTravelled         bssBANK1     00AC
_UpDebounceCount            bssBANK1     00CC
_UpPressed                  bitbssCOMMON 038B
_UpReleased                 bitbssCOMMON 038C
_UpdateDisplay              text1103     049F
_VictimSensor               bssBANK1     00CD
_VwallSensor                bssBANK1     00CE
_WR                         (abs)        0C61
_WREN                       (abs)        0C62
__Habs1                     abs1         0000
__Hbank0                    bank0        0000
__Hbank1                    bank1        0000
__Hbank2                    bank2        0000
__Hbank3                    bank3        0000
__HbitbssCOMMON             bitbssCOMMON 0000
__HbssBANK1                 bssBANK1     0000
__HbssBANK3                 bssBANK3     0000
__HbssCOMMON                bssCOMMON    0000
__Hcinit                    cinit        0000
__Hclrtext                  clrtext      0000
__Hcode                     code         0000
__Hcommon                   common       0000
__Hconfig                   config       2008
__HcstackBANK0              cstackBANK0  0000
__HcstackBANK1              cstackBANK1  0000
__HcstackCOMMON             cstackCOMMON 0000
__HdataBANK1                dataBANK1    0000
__Heeprom_data              eeprom_data  0000
__Hend_init                 end_init     0015
__Hfunctab                  functab      0000
__HidataBANK1               idataBANK1   0000
__Hidloc                    idloc        0000
__Hinit                     init         0012
__Hinittext                 inittext     0000
__Hintentry                 intentry     0012
__Hmaintext                 maintext     0000
__Hpowerup                  powerup      0000
__Hram                      ram          0000
__Hreset_vec                reset_vec    0003
__Hsfr0                     sfr0         0000
__Hsfr1                     sfr1         0000
__Hsfr2                     sfr2         0000
__Hsfr3                     sfr3         0000
__Hstrings                  strings      0000
__Htext                     text         0000
__Labs1                     abs1         0000
__Lbank0                    bank0        0000
__Lbank1                    bank1        0000
__Lbank2                    bank2        0000
__Lbank3                    bank3        0000
__LbitbssCOMMON             bitbssCOMMON 0000
__LbssBANK1                 bssBANK1     0000
__LbssBANK3                 bssBANK3     0000
__LbssCOMMON                bssCOMMON    0000
__Lcinit                    cinit        0000
__Lclrtext                  clrtext      0000
__Lcode                     code         0000
__Lcommon                   common       0000
__Lconfig                   config       2007
__LcstackBANK0              cstackBANK0  0000
__LcstackBANK1              cstackBANK1  0000
__LcstackCOMMON             cstackCOMMON 0000
__LdataBANK1                dataBANK1    0000
__Leeprom_data              eeprom_data  0000
__Lend_init                 end_init     0012
__Lfunctab                  functab      0000
__LidataBANK1               idataBANK1   0000
__Lidloc                    idloc        0000
__Linit                     init         0012
__Linittext                 inittext     0000
__Lintentry                 intentry     0004
__Lmaintext                 maintext     0000
__Lpowerup                  powerup      0000
__Lram                      ram          0000
__Lreset_vec                reset_vec    0000
__Lsfr0                     sfr0         0000
__Lsfr1                     sfr1         0000
__Lsfr2                     sfr2         0000
__Lsfr3                     sfr3         0000
__Lstrings                  strings      0000
__Ltext                     text         0000
__S0                        (abs)        2008
__S1                        (abs)        01C0
__S2                        (abs)        0000
___awdiv                    text1125     1E69
___awdiv@counter            cstackBANK0  0025
___awdiv@dividend           cstackBANK0  0022
___awdiv@divisor            cstackBANK0  0020
___awdiv@quotient           cstackBANK0  0027
___awdiv@sign               cstackBANK0  0026
___awmod                    text1124     1D1D
___awmod@counter            cstackBANK0  0025
___awmod@dividend           cstackBANK0  0022
___awmod@divisor            cstackBANK0  0020
___awmod@sign               cstackBANK0  0026
___lwdiv                    text1127     1C66
___lwdiv@counter            cstackBANK0  0027
___lwdiv@dividend           cstackBANK0  0022
___lwdiv@divisor            cstackBANK0  0020
___lwdiv@quotient           cstackBANK0  0025
___lwmod                    text1126     1B8C
___lwmod@counter            cstackBANK0  002D
___lwmod@dividend           cstackBANK0  002A
___lwmod@divisor            cstackBANK0  0028
___wmul                     text1128     19BF
___wmul@multiplicand        cstackBANK0  0022
___wmul@multiplier          cstackBANK0  0020
___wmul@product             cstackBANK0  0024
__end_of_ChargeMode         text1101     1C66
__end_of_FindVictim         text1093     0C71
__end_of_GoHome             text1094     1800
__end_of_Init_Follow_IR     text1098     191A
__end_of_Menu               text1133     1C19
__end_of_ReadButtons        text1138     123F
__end_of_RobotBattRead      text1107     117E
__end_of_RobotDrive         text1116     1B0D
__end_of_UpdateDisplay      text1103     0724
__end_of___awdiv            text1125     1EDF
__end_of___awmod            text1124     1D85
__end_of___lwdiv            text1127     1CB6
__end_of___lwmod            text1126     1BD2
__end_of___wmul             text1128     19EB
__end_of_abs                text1112     1AD4
__end_of_adc_read           text1135     196A
__end_of_adc_read_channel   text1123     1B48
__end_of_calibrateIR        text1102     1DF5
__end_of_init               text1105     1A9F
__end_of_init_adc           text1122     189A
__end_of_isdigit            text1129     18C7
__end_of_isr1               text1136     2000
__end_of_lcd_init           text1109     19BF
__end_of_lcd_set_cursor     text1111     183D
__end_of_lcd_write_control  text1121     1884
__end_of_lcd_write_data     text1120     185C
__end_of_lcd_write_string   text1110     1A43
__end_of_main               maintext     07FC
__end_of_readAvgDistance    text1104     1F56
__end_of_readDistance       text1106     18B0
__end_of_robo_init          text1119     18F9
__end_of_robotFollow        text1096     1000
__end_of_robotLoadSong      text1118     1693
__end_of_robotMoveSpeed     text1099     1420
__end_of_robotTurn          text1113     1E69
__end_of_robotTurnSpeed     text1100     08B1
__end_of_robot_read         text1108     1542
__end_of_robot_turnArc      text1097     049F
__end_of_robot_turnInPlace  text1095     1329
__end_of_rotate             text1117     1D1D
__end_of_ser_getch          text1114     1A17
__end_of_ser_init           text1134     1994
__end_of_ser_isrx           text1130     18E0
__end_of_ser_putch          text1132     1A70
__end_of_spi_transfer       text1131     1870
__end_of_sprintf            text1115     0A67
__end_ofi1___lwmod          text1137     1B8C
__pbitbssCOMMON             bitbssCOMMON 0380
__pbssBANK1                 bssBANK1     00A0
__pbssBANK3                 bssBANK3     0190
__pbssCOMMON                bssCOMMON    007D
__pcstackBANK0              cstackBANK0  0020
__pcstackBANK1              cstackBANK1  00E7
__pcstackCOMMON             cstackCOMMON 0072
__pdataBANK1                dataBANK1    00DB
__pidataBANK1               idataBANK1   183D
__pintentry                 intentry     0004
__pmaintext                 maintext     0724
__pstrings                  strings      1000
__ptext1093                 text1093     0A67
__ptext1094                 text1094     1693
__ptext1095                 text1095     123F
__ptext1096                 text1096     0C71
__ptext1097                 text1097     0015
__ptext1098                 text1098     18F9
__ptext1099                 text1099     1329
__ptext1100                 text1100     0807
__ptext1101                 text1101     1C19
__ptext1102                 text1102     1D85
__ptext1103                 text1103     049F
__ptext1104                 text1104     1EDF
__ptext1105                 text1105     1A70
__ptext1106                 text1106     189A
__ptext1107                 text1107     10F5
__ptext1108                 text1108     1420
__ptext1109                 text1109     1994
__ptext1110                 text1110     1A17
__ptext1111                 text1111     1832
__ptext1112                 text1112     1A9F
__ptext1113                 text1113     1DF5
__ptext1114                 text1114     19EB
__ptext1115                 text1115     08B1
__ptext1116                 text1116     1AD4
__ptext1117                 text1117     1CB6
__ptext1118                 text1118     1542
__ptext1119                 text1119     18E0
__ptext1120                 text1120     1849
__ptext1121                 text1121     1870
__ptext1122                 text1122     1884
__ptext1123                 text1123     1B0D
__ptext1124                 text1124     1D1D
__ptext1125                 text1125     1E69
__ptext1126                 text1126     1B8C
__ptext1127                 text1127     1C66
__ptext1128                 text1128     19BF
__ptext1129                 text1129     18B0
__ptext1130                 text1130     18C7
__ptext1131                 text1131     185C
__ptext1132                 text1132     1A43
__ptext1133                 text1133     1BD2
__ptext1134                 text1134     196A
__ptext1135                 text1135     1941
__ptext1136                 text1136     1F56
__ptext1137                 text1137     1B48
__ptext1138                 text1138     117E
__ptext1139                 text1139     0000
__size_of_ChargeMode        (abs)        0000
__size_of_FindVictim        (abs)        0000
__size_of_GoHome            (abs)        0000
__size_of_Init_Follow_IR    (abs)        0000
__size_of_Menu              (abs)        0000
__size_of_ReadButtons       (abs)        0000
__size_of_RobotBattRead     (abs)        0000
__size_of_RobotDrive        (abs)        0000
__size_of_UpdateDisplay     (abs)        0000
__size_of___awdiv           (abs)        0000
__size_of___awmod           (abs)        0000
__size_of___lwdiv           (abs)        0000
__size_of___lwmod           (abs)        0000
__size_of___wmul            (abs)        0000
__size_of_abs               (abs)        0000
__size_of_adc_read          (abs)        0000
__size_of_adc_read_channel  (abs)        0000
__size_of_calibrateIR       (abs)        0000
__size_of_init              (abs)        0000
__size_of_init_adc          (abs)        0000
__size_of_isdigit           (abs)        0000
__size_of_isr1              (abs)        0000
__size_of_lcd_init          (abs)        0000
__size_of_lcd_set_cursor    (abs)        0000
__size_of_lcd_write_control (abs)        0000
__size_of_lcd_write_data    (abs)        0000
__size_of_lcd_write_string  (abs)        0000
__size_of_main              (abs)        0000
__size_of_readAvgDistance   (abs)        0000
__size_of_readDistance      (abs)        0000
__size_of_robo_init         (abs)        0000
__size_of_robotFollow       (abs)        0000
__size_of_robotLoadSong     (abs)        0000
__size_of_robotMoveSpeed    (abs)        0000
__size_of_robotTurn         (abs)        0000
__size_of_robotTurnSpeed    (abs)        0000
__size_of_robot_read        (abs)        0000
__size_of_robot_turnArc     (abs)        0000
__size_of_robot_turnInPlace (abs)        0000
__size_of_rotate            (abs)        0000
__size_of_ser_getch         (abs)        0000
__size_of_ser_init          (abs)        0000
__size_of_ser_isrx          (abs)        0000
__size_of_ser_putch         (abs)        0000
__size_of_spi_transfer      (abs)        0000
__size_of_sprintf           (abs)        0000
__size_ofi1___lwmod         (abs)        0000
_abs                        text1112     1A9F
_adcVal                     bssBANK1     00AE
_adc_read                   text1135     1941
_adc_read_channel           text1123     1B0D
_angleTurned                bssBANK1     00B0
_buttonPressed              bssBANK1     00CF
_calibrateIR                text1102     1D85
_currentMenu                bssBANK1     00D0
_distTravelled              bssBANK1     00B2
_dist_high                  bssBANK1     00B4
_dist_low                   bssBANK1     00B6
_dpowers                    strings      1010
_exit                       init         0012
_followDir                  bssBANK1     00D1
_highByte                   bssBANK1     00D2
_init                       text1105     1A70
_init_adc                   text1122     1884
_isdigit                    text1129     18B0
_isdigit$8696               cstackBANK0  0020
_isr1                       text1136     1F56
_lcd_init                   text1109     1994
_lcd_set_cursor             text1111     1832
_lcd_write_control          text1121     1870
_lcd_write_data             text1120     1849
_lcd_write_string           text1110     1A17
_lowByte                    bssBANK1     00D3
_main                       maintext     0724
_menuStrings                dataBANK1    00DB
_pos                        bssBANK1     00B8
_readAvgDistance            text1104     1EDF
_readDistance               text1106     189A
_robo_init                  text1119     18E0
_robotFollow                text1096     0C71
_robotLoadSong              text1118     1542
_robotMoveSpeed             text1099     1329
_robotTurn                  text1113     1DF5
_robotTurnSpeed             text1100     0807
_robot_read                 text1108     1420
_robot_turnArc              text1097     0015
_robot_turnInPlace          text1095     123F
_rotate                     text1117     1CB6
_rxfifo                     bssBANK3     01A0
_rxiptr                     bssBANK1     00D4
_rxoptr                     bssBANK1     00D5
_ser_getch                  text1114     19EB
_ser_init                   text1134     196A
_ser_isrx                   text1130     18C7
_ser_putch                  text1132     1A43
_ser_tmp                    bssBANK1     00D6
_shortMenuStrings           dataBANK1    00E1
_spi_transfer               text1131     185C
_sprintf                    text1115     08B1
_total                      bssBANK1     00BA
_totalSteps                 bssBANK1     00BC
_trackingDist               bssBANK1     00BE
_turnhighByte               bssBANK1     00D7
_turnlowByte                bssBANK1     00D8
_txfifo                     bssBANK3     01B0
_txiptr                     bssBANK1     00D9
_txoptr                     bssBANK1     00DA
abs@v                       cstackBANK0  0026
adc_read@adc_value          cstackBANK0  0024
adc_read_channel@channel    cstackBANK0  0027
btemp                       (abs)        007E
clear_ram                   clrtext      182A
end_of_initialization       cinit        193D
i1___lwmod                  text1137     1B48
i1___lwmod@counter          cstackCOMMON 0077
i1___lwmod@dividend         cstackCOMMON 0074
i1___lwmod@divisor          cstackCOMMON 0072
init_fetch                  inittext     10E2
init_ram                    inittext     10E6
interrupt_function          intentry     0004
intlevel0                   functab      0000
intlevel1                   functab      0000
intlevel2                   functab      0000
intlevel3                   functab      0000
intlevel4                   functab      0000
intlevel5                   functab      0000
isdigit@c                   cstackBANK0  0021
lcd_set_cursor@address      cstackBANK0  0023
lcd_write_control@databyte  cstackBANK0  0022
lcd_write_data@databyte     cstackBANK0  0022
lcd_write_string@s          cstackBANK0  0027
main@choice                 cstackBANK1  00E7
readAvgDistance@fullval     cstackBANK0  002E
readAvgDistance@i           cstackBANK0  0034
readAvgDistance@j           cstackBANK0  0030
readAvgDistance@tempIR      cstackBANK0  0032
readDistance@readVal        cstackBANK0  002C
reset_vec                   reset_vec    0000
robotFollow@AdcTarget       cstackBANK0  0062
robotFollow@hysterysis      cstackBANK0  006A
robotFollow@speed           cstackBANK0  0060
robotFollow@temp1           cstackBANK0  0068
robotMoveSpeed@distance     cstackBANK0  0057
robotMoveSpeed@speed        cstackBANK0  0059
robotMoveSpeed@temp1        cstackBANK0  005E
robotTurn@angle             cstackBANK0  0022
robotTurnSpeed@angle        cstackBANK0  0057
robotTurnSpeed@speed        cstackBANK0  0059
robotTurnSpeed@temp1        cstackBANK0  005E
robot_read@readType         cstackBANK0  0023
robot_turnArc@AdcTarget     cstackBANK0  0067
robot_turnArc@speed         cstackBANK0  0060
robot_turnArc@temp1         cstackBANK0  0069
robot_turnArc@turnTarget    cstackBANK0  0065
rotate@direction            cstackBANK0  0025
rotate@i                    cstackBANK0  0028
rotate@numsteps             cstackBANK0  0023
saved_w                     (abs)        007E
ser_getch@c                 cstackBANK0  0021
ser_putch@c                 cstackBANK0  0021
spi_transfer@data           cstackBANK0  0022
spi_transfer@temp           cstackBANK0  0021
sprintf@_val                cstackBANK0  0039
sprintf@ap                  cstackBANK0  0036
sprintf@c                   cstackBANK0  0040
sprintf@f                   cstackBANK0  002E
sprintf@flag                cstackBANK0  0038
sprintf@prec                cstackBANK0  0037
sprintf@sp                  cstackBANK0  003D
sprintf@width               cstackBANK0  003E
start                       init         0012
start_initialization        cinit        191A
wtemp0                      (abs)        007E
