HI-TECH Software C Compiler 

Linker command line:

--edf=C:\Program Files (x86)\HI-TECH Software\PICC\9.83\dat\en_msgs.txt -cs \
  -h+Assignment3_AldnoahZero.sym -z -Q16F877A -ol.obj \
  -MAssignment3_AldnoahZero.map -E1 -ACONST=00h-0FFhx32 -ACODE=00h-07FFhx4 \
  -ASTRCODE=00h-01FFFh -AENTRY=00h-0FFhx32 -ASTRING=00h-0FFhx32 \
  -ABANK0=020h-06Fh -ABANK1=0A0h-0EFh -ABANK2=0110h-016Fh \
  -ABANK3=0190h-01EFh -ARAM=020h-06Fh,0A0h-0EFh,0110h-016Fh,0190h-01EFh \
  -AABS1=020h-07Fh,0A0h-0EFh,0110h-016Fh,0190h-01EFh -ACOMMON=070h-07Fh \
  -ASFR0=00h-01Fh -ASFR1=080h-09Fh -ASFR2=0100h-010Fh -ASFR3=0180h-018Fh \
  -preset_vec=00h,intentry=04h,init,end_init -ppowerup=CODE -pfunctab=CODE \
  -ACONFIG=02007h-02007h -pconfig=CONFIG -DCONFIG=2 -AIDLOC=02000h-02003h \
  -pidloc=IDLOC -DIDLOC=2 -AEEDATA=00h-0FFh/02100h -peeprom_data=EEDATA \
  -DEEDATA=2 -DCODE=2 -DSTRCODE=2 -DSTRING=2 -DCONST=2 -DENTRY=2 -k \
  startup.obj Assignment3_AldnoahZero.obj 

Object code version is 3.10

Machine type is 16F877A



                Name                               Link     Load   Length Selector   Space Scale
startup.obj     end_init                             12       12        3        8       0
                reset_vec                             0        0        3        0       0
Assignment3_AldnoahZero.obj
                intentry                              4        4        E        8       0
                config                             2007     2007        1     400E       0
                text911                             671      671       98        8       0
                text910                             CD0      CD0       44     19A0       0
                text909                             C65      C65       30     18CA       0
                text908                             591      591       E0        8       0
                text907                             B5B      B5B       29     16B6       0
                text906                             B33      B33       28     1666       0
                text905                             D5A      D5A       47     1AB4       0
                text904                             A61      A61       14     14C2       0
                text903                             AB5      AB5       17     156A       0
                text902                             ACC      ACC       21     1598       0
                text901                             BAF      BAF       2C     175E       0
                text900                             DA1      DA1       50     1B42       0
                text899                             D14      D14       46     1A28       0
                text898                             791      791       68        8       0
                text897                             C95      C95       3B     192A       0
                text896                             A89      A89       16     1512       0
                text895                             A75      A75       14     14EA       0
                text894                             A3B      A3B       13     1476       0
                text893                             A1F      A1F        D     143E       0
                text892                             DF1      DF1       50     1BE2       0
                text891                             F78      F78       88     1EF0       0
                text890                             709      709       88        8       0
                text889                              15       15      223        8       0
                text888                             AED      AED       22     15DA       0
                text887                             491      491      100        8       0
                text886                             A2C      A2C        F     1458       0
                text885                             A08      A08        B     1410       0
                text884                             BDB      BDB       2C     17B6       0
                text883                             B84      B84       2B     1708       0
                text882                             B0F      B0F       24     161E       0
                text881                             A9F      A9F       16     153E       0
                text880                             C07      C07       2F     180E       0
                text879                             238      238      14D        8       0
                text878                             E41      E41       55     1C82       0
                text877                             E96      E96       65     1D2C       0
                text876                             EFB      EFB       7D     1DF6       0
                maintext                            385      385      10C        8       0
                cstackBANK0                          20       20       48       20       1
                cstackCOMMON                         72       72        B       70       1
                inittext                            A4E      A4E       13     149C       0
                clrtext                             A00      A00        8     1400       0
                bssBANK3                            190      190       10      190       1
                dataBANK1                            DC       DC        C       A0       1
                bssBANK1                             A0       A0       3C       A0       1
                bssBANK0                             68       68        8       20       1
                bssCOMMON                            7D       7D        1       70       1
                bitbssCOMMON                        380       70        F       70       1     8
                cinit                               C36      C36       2F     186C       0
                strings                             800      800       79     1000       0
                idataBANK1                          A13      A13        C     1426       0

TOTAL           Name                               Link     Load   Length     Space
        CLASS   CONST          

        CLASS   CODE           
                end_init                             12       12        3         0
                intentry                              4        4        E         0
                reset_vec                             0        0        3         0
                text911                             671      671       98         0
                text910                             CD0      CD0       44         0
                text909                             C65      C65       30         0
                text908                             591      591       E0         0
                text907                             B5B      B5B       29         0
                text906                             B33      B33       28         0
                text905                             D5A      D5A       47         0
                text904                             A61      A61       14         0
                text903                             AB5      AB5       17         0
                text902                             ACC      ACC       21         0
                text901                             BAF      BAF       2C         0
                text900                             DA1      DA1       50         0
                text899                             D14      D14       46         0
                text898                             791      791       68         0
                text897                             C95      C95       3B         0
                text896                             A89      A89       16         0
                text895                             A75      A75       14         0
                text894                             A3B      A3B       13         0
                text893                             A1F      A1F        D         0
                text892                             DF1      DF1       50         0
                text891                             F78      F78       88         0
                text890                             709      709       88         0
                text889                              15       15      223         0
                text888                             AED      AED       22         0
                text887                             491      491      100         0
                text886                             A2C      A2C        F         0
                text885                             A08      A08        B         0
                text884                             BDB      BDB       2C         0
                text883                             B84      B84       2B         0
                text882                             B0F      B0F       24         0
                text881                             A9F      A9F       16         0
                text880                             C07      C07       2F         0
                text879                             238      238      14D         0
                text878                             E41      E41       55         0
                text877                             E96      E96       65         0
                text876                             EFB      EFB       7D         0
                maintext                            385      385      10C         0
                inittext                            A4E      A4E       13         0
                clrtext                             A00      A00        8         0
                cinit                               C36      C36       2F         0
                idataBANK1                          A13      A13        C         0

        CLASS   STRCODE        

        CLASS   ENTRY          

        CLASS   STRING         
                strings                             800      800       79         0

        CLASS   BANK0          
                cstackBANK0                          20       20       48         1
                bssBANK0                             68       68        8         1

        CLASS   BANK1          
                dataBANK1                            DC       DC        C         1
                bssBANK1                             A0       A0       3C         1

        CLASS   BANK2          

        CLASS   BANK3          
                bssBANK3                            190      190       10         1

        CLASS   RAM            

        CLASS   ABS1           
                abs_s1                               7E       7E        2         1

        CLASS   COMMON         
                cstackCOMMON                         72       72        B         1
                bssCOMMON                            7D       7D        1         1
                bitbssCOMMON                        380       70        F         1

        CLASS   SFR0           

        CLASS   SFR1           

        CLASS   SFR2           

        CLASS   SFR3           

        CLASS   CONFIG         
                config                             2007     2007        1         0

        CLASS   IDLOC          

        CLASS   EEDATA         



SEGMENTS        Name                           Load    Length   Top    Selector   Space  Class     Delta

                reset_vec                      000000  000003  000003         0       0  CODE        2
                intentry                       000004  0007F5  0007F9         8       0  CODE        2
                cstackBANK0                    000020  000050  000070        20       1  BANK0       1
                bitbssCOMMON                   000070  00000E  00007E        70       1  COMMON      1
                bssBANK1                       0000A0  000048  0000E8        A0       1  BANK1       1
                bssBANK3                       000190  000010  0001A0       190       1  BANK3       1
                strings                        000800  000079  000879      1000       0  STRING      2
                clrtext                        000A00  000008  000A08      1400       0  CODE        2
                text885                        000A08  00000B  000A13      1410       0  CODE        2
                idataBANK1                     000A13  00000C  000A1F      1426       0  CODE        2
                text893                        000A1F  00000D  000A2C      143E       0  CODE        2
                text886                        000A2C  00000F  000A3B      1458       0  CODE        2
                text894                        000A3B  000013  000A4E      1476       0  CODE        2
                inittext                       000A4E  000013  000A61      149C       0  CODE        2
                text904                        000A61  000014  000A75      14C2       0  CODE        2
                text895                        000A75  000014  000A89      14EA       0  CODE        2
                text896                        000A89  000016  000A9F      1512       0  CODE        2
                text881                        000A9F  000016  000AB5      153E       0  CODE        2
                text903                        000AB5  000017  000ACC      156A       0  CODE        2
                text902                        000ACC  000021  000AED      1598       0  CODE        2
                text888                        000AED  000022  000B0F      15DA       0  CODE        2
                text882                        000B0F  000024  000B33      161E       0  CODE        2
                text906                        000B33  000028  000B5B      1666       0  CODE        2
                text907                        000B5B  000029  000B84      16B6       0  CODE        2
                text883                        000B84  00002B  000BAF      1708       0  CODE        2
                text901                        000BAF  00002C  000BDB      175E       0  CODE        2
                text884                        000BDB  00002C  000C07      17B6       0  CODE        2
                text880                        000C07  00002F  000C36      180E       0  CODE        2
                cinit                          000C36  00002F  000C65      186C       0  CODE        2
                text909                        000C65  000030  000C95      18CA       0  CODE        2
                text897                        000C95  00003B  000CD0      192A       0  CODE        2
                text910                        000CD0  000044  000D14      19A0       0  CODE        2
                text899                        000D14  000046  000D5A      1A28       0  CODE        2
                text905                        000D5A  000047  000DA1      1AB4       0  CODE        2
                text900                        000DA1  000050  000DF1      1B42       0  CODE        2
                text892                        000DF1  000050  000E41      1BE2       0  CODE        2
                text878                        000E41  000055  000E96      1C82       0  CODE        2
                text877                        000E96  000065  000EFB      1D2C       0  CODE        2
                text876                        000EFB  00007D  000F78      1DF6       0  CODE        2
                text891                        000F78  000088  001000      1EF0       0  CODE        2
                config                         002007  000001  002008      400E       0  CONFIG      2


UNUSED ADDRESS RANGES

        Name                Unused          Largest block    Delta
        BANK1            00E8-00EF              8           1
        BANK2            0110-016F             60           1
        BANK3            01A0-01EF             50           1
        CODE             0003-0003              1           2
                         07F9-07FF              7
                         0879-09FF            187
                         1000-1FFF            800
        CONST            0003-0003              1           2
                         07F9-07FF              7
                         0879-09FF            100
                         1000-1FFF            100
        EEDATA           2100-21FF            100           2
        ENTRY            0003-0003              1           2
                         07F9-07FF              7
                         0879-09FF            100
                         1000-1FFF            100
        IDLOC            2000-2003              4           2
        RAM              00E8-00EF              8           1
                         0110-016F             60
                         01A0-01EF             50
        SFR0             0000-001F             20           1
        SFR1             0080-009F             20           1
        SFR2             0100-010F             10           1
        SFR3             0180-018F             10           1
        STRCODE          0003-0003              1           2
                         07F9-07FF              7
                         0879-09FF            187
                         1000-1FFF           1000
        STRING           0003-0003              1           2
                         07F9-07FF              7
                         0879-09FF            100
                         1000-1FFF            100

                                  Symbol Table

??_ADCconvert               cstackBANK0  002E
??_Debounce                 cstackCOMMON 0072
??_Menu                     cstackBANK0  0020
??_ReadButtons              cstackCOMMON 0073
??_UpdateDisplay            cstackBANK0  0045
??___awmod                  cstackBANK0  0024
??___lwdiv                  cstackBANK0  002A
??___lwmod                  cstackBANK0  0032
??___wmul                   cstackBANK0  0024
??_adc_read                 cstackBANK0  0022
??_adc_read_channel         cstackBANK0  0026
??_calibrateIR              cstackBANK0  005A
??_init                     cstackBANK0  0023
??_init_adc                 cstackBANK0  0020
??_isr1                     cstackCOMMON 0078
??_lcd_init                 cstackBANK0  0023
??_lcd_set_cursor           cstackBANK0  0023
??_lcd_write_control        cstackBANK0  0020
??_lcd_write_data           cstackBANK0  0020
??_lcd_write_string         cstackBANK0  0029
??_main                     cstackBANK0  0062
??_readAvgDistance          cstackBANK0  0030
??_readDistance             cstackBANK0  002A
??_robo_init                cstackBANK0  0022
??_robotMove                cstackBANK0  0024
??_robotTurn                cstackBANK0  0024
??_robot_distance           cstackBANK0  0024
??_robot_read               cstackBANK0  0024
??_rotate                   cstackBANK0  0026
??_scan360                  cstackBANK0  005C
??_ser_getch                cstackBANK0  0020
??_ser_init                 cstackBANK0  0020
??_ser_isrx                 cstackBANK0  0020
??_ser_putch                cstackBANK0  0020
??_spi_transfer             cstackBANK0  0020
??_sprintf                  cstackBANK0  0039
??i1___lwmod                cstackCOMMON 0076
?_ADCconvert                cstackCOMMON 0072
?_Debounce                  cstackCOMMON 0072
?_Menu                      cstackCOMMON 0072
?_ReadButtons               cstackCOMMON 0072
?_UpdateDisplay             cstackCOMMON 0072
?___awmod                   cstackBANK0  0020
?___lwdiv                   cstackBANK0  0026
?___lwmod                   cstackBANK0  002E
?___wmul                    cstackBANK0  0020
?_adc_read                  cstackBANK0  0020
?_adc_read_channel          cstackCOMMON 0072
?_calibrateIR               cstackCOMMON 0072
?_init                      cstackCOMMON 0072
?_init_adc                  cstackCOMMON 0072
?_isr1                      cstackCOMMON 0072
?_lcd_init                  cstackCOMMON 0072
?_lcd_set_cursor            cstackCOMMON 0072
?_lcd_write_control         cstackCOMMON 0072
?_lcd_write_data            cstackCOMMON 0072
?_lcd_write_string          cstackBANK0  0027
?_main                      cstackCOMMON 0072
?_readAvgDistance           cstackCOMMON 0072
?_readDistance              cstackBANK0  0028
?_robo_init                 cstackCOMMON 0072
?_robotMove                 cstackBANK0  0022
?_robotTurn                 cstackBANK0  0022
?_robot_distance            cstackCOMMON 0072
?_robot_read                cstackBANK0  0022
?_rotate                    cstackBANK0  0023
?_scan360                   cstackBANK0  005A
?_ser_getch                 cstackCOMMON 0072
?_ser_init                  cstackCOMMON 0072
?_ser_isrx                  cstackCOMMON 0072
?_ser_putch                 cstackCOMMON 0072
?_spi_transfer              cstackCOMMON 0072
?_sprintf                   cstackBANK0  0034
?i1___lwmod                 cstackCOMMON 0072
AT25256A@CS0                (abs)        0038
AT25256A@CS1                (abs)        0039
Menu@input                  cstackBANK0  0020
UpdateDisplay@F1228         bssBANK3     0190
UpdateDisplay@adcOutput     cstackBANK0  004A
_ADCON0                     (abs)        001F
_ADCON1                     (abs)        009F
_ADCconvert                 text889      0015
_ADRESH                     (abs)        001E
_ADRESL                     (abs)        009E
_BRGH                       (abs)        04C2
_CARRY                      (abs)        0018
_CHS0                       (abs)        00FB
_CHS1                       (abs)        00FC
_CHS2                       (abs)        00FD
_CREN                       (abs)        00C4
_CenterDebounceCount        bssBANK1     00CE
_CenterPressed              bitbssCOMMON 0380
_CenterReleased             bitbssCOMMON 0381
_Debounce                   text911      0671
_DownDebounceCount          bssBANK1     00CF
_DownPressed                bitbssCOMMON 0382
_DownReleased               bitbssCOMMON 0383
_EEADR                      (abs)        010D
_EECON1                     (abs)        018C
_EECON2                     (abs)        018D
_EEDATA                     (abs)        010C
_GIE                        (abs)        005F
_GO                         (abs)        00FA
_LeftDebounceCount          bssBANK1     00D0
_LeftPressed                bitbssCOMMON 0384
_LeftReleased               bitbssCOMMON 0385
_Menu                       text905      0D5A
_OERR                       (abs)        00C1
_OPTION_REG                 (abs)        0081
_PORTA                      (abs)        0005
_PORTC                      (abs)        0007
_PORTD                      (abs)        0008
_PORTE                      (abs)        0009
_RB0                        (abs)        0030
_RB2                        (abs)        0032
_RB3                        (abs)        0033
_RB4                        (abs)        0034
_RB5                        (abs)        0035
_RB6                        (abs)        0036
_RC0                        (abs)        0038
_RC1                        (abs)        0039
_RC2                        (abs)        003A
_RCIE                       (abs)        0465
_RCIF                       (abs)        0065
_RCREG                      (abs)        001A
_RD                         (abs)        0C60
_RE0                        (abs)        0048
_RE1                        (abs)        0049
_RE2                        (abs)        004A
_RTC_Counter                bssBANK0     0068
_RTC_FLAG_10MS              bitbssCOMMON 0386
_RTC_FLAG_1MS               bitbssCOMMON 0387
_RTC_FLAG_250MS             bitbssCOMMON 0388
_RTC_FLAG_500MS             bitbssCOMMON 0389
_RTC_FLAG_50MS              bitbssCOMMON 038A
_RX9                        (abs)        00C6
_ReadButtons                text909      0C65
_RightDebounceCount         bssBANK1     00D1
_RightPressed               bitbssCOMMON 038B
_RightReleased              bitbssCOMMON 038C
_SCAN_FLAG                  bssBANK1     00D2
_SPBRG                      (abs)        0099
_SPEN                       (abs)        00C7
_SSPBUF                     (abs)        0013
_SSPCON                     (abs)        0014
_SSPIF                      (abs)        0063
_SSPSTAT                    (abs)        0094
_SYNC                       (abs)        04C4
_TMR0                       (abs)        0001
_TMR0IE                     (abs)        005D
_TMR0IF                     (abs)        005A
_TRISA                      (abs)        0085
_TRISB                      (abs)        0086
_TRISC                      (abs)        0087
_TRISD                      (abs)        0088
_TRISE                      (abs)        0089
_TX9                        (abs)        04C6
_TXEN                       (abs)        04C5
_TXIE                       (abs)        0464
_TXIF                       (abs)        0064
_TXREG                      (abs)        0019
_UpDebounceCount            bssBANK1     00D3
_UpPressed                  bitbssCOMMON 038D
_UpReleased                 bitbssCOMMON 038E
_UpdateDisplay              text879      0238
_WR                         (abs)        0C61
_WREN                       (abs)        0C62
__Habs1                     abs1         0000
__Hbank0                    bank0        0000
__Hbank1                    bank1        0000
__Hbank2                    bank2        0000
__Hbank3                    bank3        0000
__HbitbssCOMMON             bitbssCOMMON 0000
__HbssBANK0                 bssBANK0     0000
__HbssBANK1                 bssBANK1     0000
__HbssBANK3                 bssBANK3     0000
__HbssCOMMON                bssCOMMON    0000
__Hcinit                    cinit        0000
__Hclrtext                  clrtext      0000
__Hcode                     code         0000
__Hcommon                   common       0000
__Hconfig                   config       2008
__HcstackBANK0              cstackBANK0  0000
__HcstackCOMMON             cstackCOMMON 0000
__HdataBANK1                dataBANK1    0000
__Heeprom_data              eeprom_data  0000
__Hend_init                 end_init     0015
__Hfunctab                  functab      0000
__HidataBANK1               idataBANK1   0000
__Hidloc                    idloc        0000
__Hinit                     init         0012
__Hinittext                 inittext     0000
__Hintentry                 intentry     0012
__Hmaintext                 maintext     0000
__Hpowerup                  powerup      0000
__Hram                      ram          0000
__Hreset_vec                reset_vec    0003
__Hsfr0                     sfr0         0000
__Hsfr1                     sfr1         0000
__Hsfr2                     sfr2         0000
__Hsfr3                     sfr3         0000
__Hstrings                  strings      0000
__Htext                     text         0000
__Labs1                     abs1         0000
__Lbank0                    bank0        0000
__Lbank1                    bank1        0000
__Lbank2                    bank2        0000
__Lbank3                    bank3        0000
__LbitbssCOMMON             bitbssCOMMON 0000
__LbssBANK0                 bssBANK0     0000
__LbssBANK1                 bssBANK1     0000
__LbssBANK3                 bssBANK3     0000
__LbssCOMMON                bssCOMMON    0000
__Lcinit                    cinit        0000
__Lclrtext                  clrtext      0000
__Lcode                     code         0000
__Lcommon                   common       0000
__Lconfig                   config       2007
__LcstackBANK0              cstackBANK0  0000
__LcstackCOMMON             cstackCOMMON 0000
__LdataBANK1                dataBANK1    0000
__Leeprom_data              eeprom_data  0000
__Lend_init                 end_init     0012
__Lfunctab                  functab      0000
__LidataBANK1               idataBANK1   0000
__Lidloc                    idloc        0000
__Linit                     init         0012
__Linittext                 inittext     0000
__Lintentry                 intentry     0004
__Lmaintext                 maintext     0000
__Lpowerup                  powerup      0000
__Lram                      ram          0000
__Lreset_vec                reset_vec    0000
__Lsfr0                     sfr0         0000
__Lsfr1                     sfr1         0000
__Lsfr2                     sfr2         0000
__Lsfr3                     sfr3         0000
__Lstrings                  strings      0000
__Ltext                     text         0000
__S0                        (abs)        2008
__S1                        (abs)        01A0
__S2                        (abs)        0000
___awmod                    text898      0791
___awmod@counter            cstackBANK0  0025
___awmod@dividend           cstackBANK0  0022
___awmod@divisor            cstackBANK0  0020
___awmod@sign               cstackBANK0  0026
___lwdiv                    text900      0DA1
___lwdiv@counter            cstackBANK0  002D
___lwdiv@dividend           cstackBANK0  0028
___lwdiv@divisor            cstackBANK0  0026
___lwdiv@quotient           cstackBANK0  002B
___lwmod                    text899      0D14
___lwmod@counter            cstackBANK0  0033
___lwmod@dividend           cstackBANK0  0030
___lwmod@divisor            cstackBANK0  002E
___wmul                     text901      0BAF
___wmul@multiplicand        cstackBANK0  0022
___wmul@multiplier          cstackBANK0  0020
___wmul@product             cstackBANK0  0024
__end_of_ADCconvert         text889      0238
__end_of_Debounce           text911      0709
__end_of_Menu               text905      0DA1
__end_of_ReadButtons        text909      0C95
__end_of_UpdateDisplay      text879      0385
__end_of___awmod            text898      07F9
__end_of___lwdiv            text900      0DF1
__end_of___lwmod            text899      0D5A
__end_of___wmul             text901      0BDB
__end_of_adc_read           text907      0B84
__end_of_adc_read_channel   text897      0CD0
__end_of_calibrateIR        text877      0EFB
__end_of_init               text880      0C36
__end_of_init_adc           text896      0A9F
__end_of_isr1               text908      0671
__end_of_lcd_init           text883      0BAF
__end_of_lcd_set_cursor     text885      0A13
__end_of_lcd_write_control  text895      0A89
__end_of_lcd_write_data     text894      0A4E
__end_of_lcd_write_string   text884      0C07
__end_of_main               maintext     0491
__end_of_readAvgDistance    text878      0E96
__end_of_readDistance       text881      0AB5
__end_of_robo_init          text893      0A2C
__end_of_robotMove          text891      1000
__end_of_robotTurn          text890      0791
__end_of_robot_distance     text882      0B33
__end_of_robot_read         text886      0A3B
__end_of_rotate             text892      0E41
__end_of_scan360            text876      0F78
__end_of_ser_getch          text888      0B0F
__end_of_ser_init           text906      0B5B
__end_of_ser_isrx           text903      0ACC
__end_of_ser_putch          text902      0AED
__end_of_spi_transfer       text904      0A75
__end_of_sprintf            text887      0591
__end_ofi1___lwmod          text910      0D14
__pbitbssCOMMON             bitbssCOMMON 0380
__pbssBANK0                 bssBANK0     0068
__pbssBANK1                 bssBANK1     00A0
__pbssBANK3                 bssBANK3     0190
__pbssCOMMON                bssCOMMON    007D
__pcstackBANK0              cstackBANK0  0020
__pcstackCOMMON             cstackCOMMON 0072
__pdataBANK1                dataBANK1    00DC
__pidataBANK1               idataBANK1   0A13
__pintentry                 intentry     0004
__pmaintext                 maintext     0385
__pstrings                  strings      0800
__ptext876                  text876      0EFB
__ptext877                  text877      0E96
__ptext878                  text878      0E41
__ptext879                  text879      0238
__ptext880                  text880      0C07
__ptext881                  text881      0A9F
__ptext882                  text882      0B0F
__ptext883                  text883      0B84
__ptext884                  text884      0BDB
__ptext885                  text885      0A08
__ptext886                  text886      0A2C
__ptext887                  text887      0491
__ptext888                  text888      0AED
__ptext889                  text889      0015
__ptext890                  text890      0709
__ptext891                  text891      0F78
__ptext892                  text892      0DF1
__ptext893                  text893      0A1F
__ptext894                  text894      0A3B
__ptext895                  text895      0A75
__ptext896                  text896      0A89
__ptext897                  text897      0C95
__ptext898                  text898      0791
__ptext899                  text899      0D14
__ptext900                  text900      0DA1
__ptext901                  text901      0BAF
__ptext902                  text902      0ACC
__ptext903                  text903      0AB5
__ptext904                  text904      0A61
__ptext905                  text905      0D5A
__ptext906                  text906      0B33
__ptext907                  text907      0B5B
__ptext908                  text908      0591
__ptext909                  text909      0C65
__ptext910                  text910      0CD0
__ptext911                  text911      0671
__ptext912                  text912      0000
__size_of_ADCconvert        (abs)        0000
__size_of_Debounce          (abs)        0000
__size_of_Menu              (abs)        0000
__size_of_ReadButtons       (abs)        0000
__size_of_UpdateDisplay     (abs)        0000
__size_of___awmod           (abs)        0000
__size_of___lwdiv           (abs)        0000
__size_of___lwmod           (abs)        0000
__size_of___wmul            (abs)        0000
__size_of_adc_read          (abs)        0000
__size_of_adc_read_channel  (abs)        0000
__size_of_calibrateIR       (abs)        0000
__size_of_init              (abs)        0000
__size_of_init_adc          (abs)        0000
__size_of_isr1              (abs)        0000
__size_of_lcd_init          (abs)        0000
__size_of_lcd_set_cursor    (abs)        0000
__size_of_lcd_write_control (abs)        0000
__size_of_lcd_write_data    (abs)        0000
__size_of_lcd_write_string  (abs)        0000
__size_of_main              (abs)        0000
__size_of_readAvgDistance   (abs)        0000
__size_of_readDistance      (abs)        0000
__size_of_robo_init         (abs)        0000
__size_of_robotMove         (abs)        0000
__size_of_robotTurn         (abs)        0000
__size_of_robot_distance    (abs)        0000
__size_of_robot_read        (abs)        0000
__size_of_rotate            (abs)        0000
__size_of_scan360           (abs)        0000
__size_of_ser_getch         (abs)        0000
__size_of_ser_init          (abs)        0000
__size_of_ser_isrx          (abs)        0000
__size_of_ser_putch         (abs)        0000
__size_of_spi_transfer      (abs)        0000
__size_of_sprintf           (abs)        0000
__size_ofi1___lwmod         (abs)        0000
_adcVal                     bssBANK0     006A
_adc_read                   text907      0B5B
_adc_read_channel           text897      0C95
_buttonPressed              bssBANK0     006C
_calibrateIR                text877      0E96
_currentMenu                bssBANK1     00D4
_current_direction          bssBANK1     00D5
_current_step               dataBANK1    00E6
_distTravelled              dataBANK1    00E7
_dist_high                  bssBANK1     00C0
_dist_low                   bssBANK1     00C2
_distance                   bssBANK1     00C4
_dpowers                    strings      0810
_exit                       init         0012
_highByte                   bssBANK1     00D6
_init                       text880      0C07
_init_adc                   text896      0A89
_isr1                       text908      0591
_lcd_init                   text883      0B84
_lcd_set_cursor             text885      0A08
_lcd_write_control          text895      0A75
_lcd_write_data             text894      0A3B
_lcd_write_string           text884      0BDB
_lowByte                    bssBANK1     00D7
_main                       maintext     0385
_menuStrings                dataBANK1    00DC
_pos                        bssBANK1     00C6
_readAvgDistance            text878      0E41
_readDistance               text881      0A9F
_robo_init                  text893      0A1F
_robotMove                  text891      0F78
_robotTurn                  text890      0709
_robot_distance             text882      0B0F
_robot_read                 text886      0A2C
_rotate                     text892      0DF1
_rxfifo                     bssBANK1     00A0
_rxiptr                     bssBANK0     006D
_rxoptr                     bssBANK0     006E
_scan360                    text876      0EFB
_ser_getch                  text888      0AED
_ser_init                   text906      0B33
_ser_isrx                   text903      0AB5
_ser_putch                  text902      0ACC
_ser_tmp                    bssBANK1     00D8
_serialInput                bssBANK1     00D9
_shortMenuStrings           dataBANK1    00E1
_spi_transfer               text904      0A61
_sprintf                    text887      0491
_test                       bssBANK1     00C8
_total                      bssBANK1     00CA
_totalSteps                 bssBANK1     00CC
_turnhighByte               bssBANK1     00DA
_turnlowByte                bssBANK1     00DB
_txfifo                     bssBANK1     00B0
_txiptr                     bssCOMMON    007D
_txoptr                     bssBANK0     006F
adc_read@adc_value          cstackBANK0  0024
adc_read_channel@channel    cstackBANK0  0027
btemp                       (abs)        007E
clear_ram                   clrtext      0A00
end_of_initialization       cinit        0C61
i1___lwmod                  text910      0CD0
i1___lwmod@counter          cstackCOMMON 0077
i1___lwmod@dividend         cstackCOMMON 0074
i1___lwmod@divisor          cstackCOMMON 0072
init_fetch                  inittext     0A4E
init_ram                    inittext     0A52
interrupt_function          intentry     0004
intlevel0                   functab      0000
intlevel1                   functab      0000
intlevel2                   functab      0000
intlevel3                   functab      0000
intlevel4                   functab      0000
intlevel5                   functab      0000
lcd_set_cursor@address      cstackBANK0  0023
lcd_write_control@databyte  cstackBANK0  0022
lcd_write_data@databyte     cstackBANK0  0022
lcd_write_string@s          cstackBANK0  0027
main@choice                 cstackBANK0  0067
main@shortwall              cstackBANK0  0065
readAvgDistance@fullval     cstackBANK0  0030
readAvgDistance@i           cstackBANK0  0032
readDistance@fullval        cstackBANK0  002C
reset_vec                   reset_vec    0000
robotMove@distance          cstackBANK0  0022
robotTurn@distance          cstackBANK0  0022
robot_read@packet           cstackBANK0  0022
rotate@direction            cstackBANK0  0025
rotate@i                    cstackBANK0  0028
rotate@numsteps             cstackBANK0  0023
saved_w                     (abs)        007E
scan360@lowestSteps         cstackBANK0  005E
scan360@lowestVal           cstackBANK0  005C
scan360@steps               cstackBANK0  0060
ser_getch@c                 cstackBANK0  0021
ser_putch@c                 cstackBANK0  0021
spi_transfer@data           cstackBANK0  0022
spi_transfer@temp           cstackBANK0  0021
sprintf@_val                cstackBANK0  003F
sprintf@ap                  cstackBANK0  003C
sprintf@c                   cstackBANK0  0044
sprintf@f                   cstackBANK0  0034
sprintf@flag                cstackBANK0  003D
sprintf@prec                cstackBANK0  003E
sprintf@sp                  cstackBANK0  0043
start                       init         0012
start_initialization        cinit        0C36
wtemp0                      (abs)        007E
